bringing up nodes...
bringing up nodes...

........................................................................ [  3%]
........................................................................ [  7%]
........................................................................ [ 11%]
........................................................................ [ 14%]
........................................................................ [ 18%]
........................................................................ [ 22%]
........................................................................ [ 26%]
........................................................................ [ 29%]
........................................................................ [ 33%]
........................................................................ [ 37%]
........................................................................ [ 41%]
........................................................................ [ 44%]
........................................................................ [ 48%]
........................................................................ [ 52%]
........................................................................ [ 56%]
........................................................................ [ 59%]
........................................................................ [ 63%]
........................................................................ [ 67%]
........................................................................ [ 70%]
........................................................................ [ 74%]
........................................................................ [ 78%]
........................................................................ [ 82%]
........................................................................ [ 85%]
........................................................................ [ 89%]
........................................................................ [ 93%]
........................................................................ [ 97%]
........................................................                 [100%]
============================== warnings summary ===============================
tests/registries/test_callbacks.py: 30 warnings
tests/test_custom_loss.py: 320 warnings
tests/test_bench_window_free.py: 2 warnings
tests/test_attention_head_pool.py: 1015 warnings
tests/test_deterministic_gru.py: 500 warnings
tests/test_losses_reference.py: 20 warnings
tests/registries/test_layers.py: 1 warning
tests/registries/test_contracts.py: 48 warnings
tests/registries/test_metrics.py: 10 warnings
tests/test_macd_ratio.py: 144 warnings
tests/registries/test_models.py: 142 warnings
tests/test_calib_fail_loud.py: 144 warnings
tests/test_indicator_families.py: 96 warnings
tests/test_applied_periods.py: 336 warnings
tests/test_model_variants.py: 408 warnings
tests/test_ohlcv_input.py: 192 warnings
tests/test_direction_readout.py: 10 warnings
tests/test_epoch_metrics.py: 40 warnings
tests/test_legacy_bundle.py: 48 warnings
tests/test_pnl_utility.py: 280 warnings
tests/test_permutation_importance.py: 8 warnings
tests/test_physics_terms_bounded.py: 90 warnings
tests/test_stability.py: 284 warnings
tests/test_reset.py: 16 warnings
tests/test_served_epoch.py: 49 warnings
tests/test_calib_gradient_mode.py: 245 warnings
tests/test_eval_metrics.py: 141 warnings
tests/test_calibration_pass.py: 96 warnings
tests/test_telemetry.py: 20 warnings
tests/test_train_smoke.py: 96 warnings
tests/test_training_wiring.py: 40 warnings
  C:\Users\Step\miniforge3\envs\nt\lib\random.py:370: DeprecationWarning: non-integer arguments to randrange() have been deprecated since Python 3.10 and will be removed in a subsequent version
    return self.randrange(a, b+1)

tests/test_config.py::test_values_from_yaml_or_the_cli_are_coerced_to_the_field_type
  D:\nt\nt_wt_119\src\neural_trade\core\config.py:894: DeprecationWarning: Config.USE_HUBER is deprecated and has no effect (default True)
    self.validate()

tests/test_custom_loss.py::test_dead_zone_counters_dir_n_and_var_at_floor
  D:\nt\nt_wt_119\src\neural_trade\core\config.py:733: DeprecationWarning: Config.VAR_FLOOR=0.5 (expected 1e-4). Using provided value.
    self.validate()

-- Docs: https://docs.pytest.org/en/stable/how-to/capture-warnings.html
1928 passed, 4873 warnings in 234.57s (0:03:54)
