2026-10-09 14:48:26.509911: E tensorflow/stream_executor/cuda/cuda_driver.cc:265] failed call to cuInit: CUDA_ERROR_NO_DEVICE: no CUDA-capable device is detected
2026-10-09 14:48:26.512237: I tensorflow/stream_executor/cuda/cuda_diagnostics.cc:169] retrieving CUDA diagnostic information for host: WS028-STP
2026-10-09 14:48:26.512312: I tensorflow/stream_executor/cuda/cuda_diagnostics.cc:176] hostname: WS028-STP
span 2017-01-01T00:00:00.000000000..2019-12-31T23:59:00.000000000: 1576800 bars, 1574881 valid anchors
2026-10-09 14:48:34.811161: I tensorflow/core/platform/cpu_feature_guard.cc:193] This TensorFlow binary is optimized with oneAPI Deep Neural Network Library (oneDNN) to use the following CPU instructions in performance-critical operations:  AVX AVX2
To enable them in other operations, rebuild TensorFlow with the appropriate compiler flags.
encoder params 26688, predictor params 4192
{'step': 500, 'sec': 23, 'loss': 1.14024, 'smooth_l1': 0.3415, 'var': 0.07766, 'cov': 0.41044, 'std_mean': 0.95105, 'std_min': 0.8411, 'eff_rank': 27.06102, 'target_std': 0.86883}
{'step': 1000, 'sec': 41, 'loss': 0.7029, 'smooth_l1': 0.47771, 'var': 0.00432, 'cov': 0.20358, 'std_mean': 1.04794, 'std_min': 0.94543, 'eff_rank': 30.43949, 'target_std': 1.08124}
{'step': 1500, 'sec': 60, 'loss': 0.71373, 'smooth_l1': 0.49243, 'var': 0.00413, 'cov': 0.20068, 'std_mean': 1.04838, 'std_min': 0.9477, 'eff_rank': 30.4504, 'target_std': 1.10139}
{'step': 2000, 'sec': 79, 'loss': 0.71348, 'smooth_l1': 0.49513, 'var': 0.00409, 'cov': 0.19793, 'std_mean': 1.0479, 'std_min': 0.94761, 'eff_rank': 30.45861, 'target_std': 1.10463}
{'step': 2500, 'sec': 97, 'loss': 0.71362, 'smooth_l1': 0.49676, 'var': 0.00404, 'cov': 0.19666, 'std_mean': 1.04785, 'std_min': 0.9472, 'eff_rank': 30.46284, 'target_std': 1.10661}
{'step': 3000, 'sec': 115, 'loss': 0.71226, 'smooth_l1': 0.49658, 'var': 0.00396, 'cov': 0.19587, 'std_mean': 1.04775, 'std_min': 0.94961, 'eff_rank': 30.46591, 'target_std': 1.106}
{'step': 3500, 'sec': 136, 'loss': 0.71073, 'smooth_l1': 0.49592, 'var': 0.00381, 'cov': 0.19577, 'std_mean': 1.0475, 'std_min': 0.95102, 'eff_rank': 30.46592, 'target_std': 1.10475}
{'step': 4000, 'sec': 156, 'loss': 0.71019, 'smooth_l1': 0.49608, 'var': 0.00387, 'cov': 0.19474, 'std_mean': 1.04645, 'std_min': 0.94835, 'eff_rank': 30.46715, 'target_std': 1.10458}
{'step': 4500, 'sec': 176, 'loss': 0.71011, 'smooth_l1': 0.49629, 'var': 0.00385, 'cov': 0.19458, 'std_mean': 1.04756, 'std_min': 0.95027, 'eff_rank': 30.46974, 'target_std': 1.10468}
{'step': 5000, 'sec': 193, 'loss': 0.70951, 'smooth_l1': 0.49669, 'var': 0.00377, 'cov': 0.19394, 'std_mean': 1.04702, 'std_min': 0.951, 'eff_rank': 30.47092, 'target_std': 1.10492}
{'step': 5500, 'sec': 211, 'loss': 0.70909, 'smooth_l1': 0.49711, 'var': 0.00379, 'cov': 0.19301, 'std_mean': 1.04659, 'std_min': 0.95026, 'eff_rank': 30.47417, 'target_std': 1.10529}
{'step': 6000, 'sec': 229, 'loss': 0.70576, 'smooth_l1': 0.49647, 'var': 0.0036, 'cov': 0.1913, 'std_mean': 1.0465, 'std_min': 0.95171, 'eff_rank': 30.47972, 'target_std': 1.1043}
{'step': 6500, 'sec': 248, 'loss': 0.70639, 'smooth_l1': 0.49642, 'var': 0.00371, 'cov': 0.19145, 'std_mean': 1.04631, 'std_min': 0.95053, 'eff_rank': 30.47814, 'target_std': 1.10366}
{'step': 7000, 'sec': 268, 'loss': 0.70696, 'smooth_l1': 0.49705, 'var': 0.00361, 'cov': 0.19185, 'std_mean': 1.04634, 'std_min': 0.95213, 'eff_rank': 30.47878, 'target_std': 1.10442}
{'step': 7500, 'sec': 288, 'loss': 0.70508, 'smooth_l1': 0.4975, 'var': 0.00354, 'cov': 0.1899, 'std_mean': 1.04621, 'std_min': 0.95279, 'eff_rank': 30.48426, 'target_std': 1.1049}
{'step': 8000, 'sec': 308, 'loss': 0.70455, 'smooth_l1': 0.49729, 'var': 0.00347, 'cov': 0.1899, 'std_mean': 1.04594, 'std_min': 0.95366, 'eff_rank': 30.48446, 'target_std': 1.10462}
{'step': 8500, 'sec': 328, 'loss': 0.70198, 'smooth_l1': 0.49678, 'var': 0.00356, 'cov': 0.1874, 'std_mean': 1.04478, 'std_min': 0.95181, 'eff_rank': 30.48956, 'target_std': 1.1034}
{'step': 9000, 'sec': 347, 'loss': 0.70088, 'smooth_l1': 0.49585, 'var': 0.00339, 'cov': 0.18809, 'std_mean': 1.04569, 'std_min': 0.95415, 'eff_rank': 30.48951, 'target_std': 1.10208}
{'step': 9500, 'sec': 366, 'loss': 0.70028, 'smooth_l1': 0.49492, 'var': 0.00347, 'cov': 0.18804, 'std_mean': 1.04527, 'std_min': 0.95432, 'eff_rank': 30.48879, 'target_std': 1.10083}
{'step': 10000, 'sec': 385, 'loss': 0.69876, 'smooth_l1': 0.49482, 'var': 0.00346, 'cov': 0.18666, 'std_mean': 1.0453, 'std_min': 0.9528, 'eff_rank': 30.49342, 'target_std': 1.10058}
{'step': 10500, 'sec': 404, 'loss': 0.69871, 'smooth_l1': 0.49512, 'var': 0.00334, 'cov': 0.1869, 'std_mean': 1.04616, 'std_min': 0.95452, 'eff_rank': 30.49467, 'target_std': 1.10085}
{'step': 11000, 'sec': 422, 'loss': 0.69776, 'smooth_l1': 0.49439, 'var': 0.00332, 'cov': 0.18677, 'std_mean': 1.04553, 'std_min': 0.95553, 'eff_rank': 30.49393, 'target_std': 1.09993}
{'step': 11500, 'sec': 440, 'loss': 0.69599, 'smooth_l1': 0.49328, 'var': 0.00338, 'cov': 0.18581, 'std_mean': 1.04507, 'std_min': 0.95421, 'eff_rank': 30.49612, 'target_std': 1.09866}
{'step': 12000, 'sec': 459, 'loss': 0.69239, 'smooth_l1': 0.49185, 'var': 0.00329, 'cov': 0.18411, 'std_mean': 1.04458, 'std_min': 0.95537, 'eff_rank': 30.50141, 'target_std': 1.09671}
{'step': 12500, 'sec': 479, 'loss': 0.69094, 'smooth_l1': 0.49053, 'var': 0.00327, 'cov': 0.18405, 'std_mean': 1.04546, 'std_min': 0.95529, 'eff_rank': 30.50375, 'target_std': 1.09522}
{'step': 13000, 'sec': 497, 'loss': 0.6891, 'smooth_l1': 0.48971, 'var': 0.00324, 'cov': 0.18317, 'std_mean': 1.04417, 'std_min': 0.95508, 'eff_rank': 30.50396, 'target_std': 1.09382}
{'step': 13500, 'sec': 516, 'loss': 0.68844, 'smooth_l1': 0.48936, 'var': 0.00325, 'cov': 0.18281, 'std_mean': 1.04428, 'std_min': 0.95524, 'eff_rank': 30.50549, 'target_std': 1.09346}
{'step': 14000, 'sec': 534, 'loss': 0.68906, 'smooth_l1': 0.48953, 'var': 0.00327, 'cov': 0.1832, 'std_mean': 1.04395, 'std_min': 0.95541, 'eff_rank': 30.50295, 'target_std': 1.09384}
{'step': 14500, 'sec': 551, 'loss': 0.68804, 'smooth_l1': 0.4894, 'var': 0.00313, 'cov': 0.18298, 'std_mean': 1.04412, 'std_min': 0.95657, 'eff_rank': 30.50476, 'target_std': 1.09335}
{'step': 15000, 'sec': 567, 'loss': 0.68719, 'smooth_l1': 0.48871, 'var': 0.00323, 'cov': 0.18234, 'std_mean': 1.04372, 'std_min': 0.95572, 'eff_rank': 30.50597, 'target_std': 1.0925}
{'step': 15500, 'sec': 583, 'loss': 0.68354, 'smooth_l1': 0.48811, 'var': 0.00306, 'cov': 0.18014, 'std_mean': 1.04444, 'std_min': 0.95752, 'eff_rank': 30.51502, 'target_std': 1.0916}
{'step': 16000, 'sec': 600, 'loss': 0.68458, 'smooth_l1': 0.48789, 'var': 0.00315, 'cov': 0.18093, 'std_mean': 1.04417, 'std_min': 0.95611, 'eff_rank': 30.51196, 'target_std': 1.09142}
{'step': 16500, 'sec': 616, 'loss': 0.68321, 'smooth_l1': 0.48765, 'var': 0.00307, 'cov': 0.18021, 'std_mean': 1.04343, 'std_min': 0.95677, 'eff_rank': 30.51214, 'target_std': 1.09099}
{'step': 17000, 'sec': 630, 'loss': 0.68179, 'smooth_l1': 0.48722, 'var': 0.0031, 'cov': 0.17905, 'std_mean': 1.0433, 'std_min': 0.95676, 'eff_rank': 30.51645, 'target_std': 1.09041}
{'step': 17500, 'sec': 645, 'loss': 0.68168, 'smooth_l1': 0.48733, 'var': 0.00296, 'cov': 0.17955, 'std_mean': 1.04377, 'std_min': 0.95852, 'eff_rank': 30.51633, 'target_std': 1.09053}
{'step': 18000, 'sec': 659, 'loss': 0.68116, 'smooth_l1': 0.48712, 'var': 0.003, 'cov': 0.17906, 'std_mean': 1.04323, 'std_min': 0.95817, 'eff_rank': 30.51607, 'target_std': 1.09058}
{'step': 18500, 'sec': 675, 'loss': 0.68079, 'smooth_l1': 0.48665, 'var': 0.00299, 'cov': 0.17921, 'std_mean': 1.04258, 'std_min': 0.9589, 'eff_rank': 30.51462, 'target_std': 1.08996}
{'step': 19000, 'sec': 690, 'loss': 0.68142, 'smooth_l1': 0.48703, 'var': 0.00301, 'cov': 0.17932, 'std_mean': 1.04341, 'std_min': 0.95806, 'eff_rank': 30.51587, 'target_std': 1.09021}
{'step': 19500, 'sec': 706, 'loss': 0.67957, 'smooth_l1': 0.48668, 'var': 0.00307, 'cov': 0.17753, 'std_mean': 1.0431, 'std_min': 0.95789, 'eff_rank': 30.5211, 'target_std': 1.09}
{'step': 20000, 'sec': 722, 'loss': 0.68104, 'smooth_l1': 0.48661, 'var': 0.00307, 'cov': 0.17908, 'std_mean': 1.04246, 'std_min': 0.95651, 'eff_rank': 30.51501, 'target_std': 1.08971}
{'step': 20500, 'sec': 739, 'loss': 0.67895, 'smooth_l1': 0.48635, 'var': 0.00296, 'cov': 0.1778, 'std_mean': 1.04279, 'std_min': 0.95894, 'eff_rank': 30.51937, 'target_std': 1.08965}
{'step': 21000, 'sec': 756, 'loss': 0.6787, 'smooth_l1': 0.4864, 'var': 0.00291, 'cov': 0.17775, 'std_mean': 1.04298, 'std_min': 0.95934, 'eff_rank': 30.52033, 'target_std': 1.08956}
{'step': 21500, 'sec': 772, 'loss': 0.67854, 'smooth_l1': 0.48639, 'var': 0.00295, 'cov': 0.17739, 'std_mean': 1.04303, 'std_min': 0.95782, 'eff_rank': 30.5219, 'target_std': 1.08955}
{'step': 22000, 'sec': 787, 'loss': 0.67936, 'smooth_l1': 0.48662, 'var': 0.00295, 'cov': 0.178, 'std_mean': 1.04339, 'std_min': 0.95828, 'eff_rank': 30.51944, 'target_std': 1.08959}
{'step': 22500, 'sec': 803, 'loss': 0.67952, 'smooth_l1': 0.48661, 'var': 0.00293, 'cov': 0.17825, 'std_mean': 1.04332, 'std_min': 0.9598, 'eff_rank': 30.51987, 'target_std': 1.08974}
{'step': 23000, 'sec': 819, 'loss': 0.67873, 'smooth_l1': 0.48636, 'var': 0.00291, 'cov': 0.17781, 'std_mean': 1.04277, 'std_min': 0.95963, 'eff_rank': 30.52033, 'target_std': 1.0894}
{'step': 23500, 'sec': 834, 'loss': 0.6787, 'smooth_l1': 0.48616, 'var': 0.0031, 'cov': 0.17705, 'std_mean': 1.0427, 'std_min': 0.95685, 'eff_rank': 30.52195, 'target_std': 1.08911}
{'step': 24000, 'sec': 849, 'loss': 0.67959, 'smooth_l1': 0.48634, 'var': 0.00304, 'cov': 0.17806, 'std_mean': 1.04343, 'std_min': 0.95854, 'eff_rank': 30.51982, 'target_std': 1.08948}
{'step': 24500, 'sec': 864, 'loss': 0.6782, 'smooth_l1': 0.48639, 'var': 0.00294, 'cov': 0.17709, 'std_mean': 1.04313, 'std_min': 0.95824, 'eff_rank': 30.5232, 'target_std': 1.08944}
{'step': 25000, 'sec': 879, 'loss': 0.6794, 'smooth_l1': 0.4862, 'var': 0.00304, 'cov': 0.17798, 'std_mean': 1.04273, 'std_min': 0.95721, 'eff_rank': 30.51915, 'target_std': 1.08933}
{'step': 25500, 'sec': 894, 'loss': 0.67944, 'smooth_l1': 0.48621, 'var': 0.00298, 'cov': 0.17834, 'std_mean': 1.04255, 'std_min': 0.95801, 'eff_rank': 30.51826, 'target_std': 1.08905}
{'step': 26000, 'sec': 910, 'loss': 0.67973, 'smooth_l1': 0.48595, 'var': 0.00296, 'cov': 0.17898, 'std_mean': 1.04278, 'std_min': 0.95957, 'eff_rank': 30.51618, 'target_std': 1.08884}
{'step': 26500, 'sec': 926, 'loss': 0.67873, 'smooth_l1': 0.48601, 'var': 0.00295, 'cov': 0.17797, 'std_mean': 1.04283, 'std_min': 0.9583, 'eff_rank': 30.51958, 'target_std': 1.0889}
{'step': 27000, 'sec': 941, 'loss': 0.67955, 'smooth_l1': 0.48577, 'var': 0.003, 'cov': 0.17876, 'std_mean': 1.04288, 'std_min': 0.95814, 'eff_rank': 30.51739, 'target_std': 1.08877}
{'step': 27500, 'sec': 956, 'loss': 0.67825, 'smooth_l1': 0.48605, 'var': 0.00293, 'cov': 0.17756, 'std_mean': 1.04285, 'std_min': 0.95882, 'eff_rank': 30.52076, 'target_std': 1.08877}
{'step': 28000, 'sec': 971, 'loss': 0.67853, 'smooth_l1': 0.48563, 'var': 0.00298, 'cov': 0.17801, 'std_mean': 1.04274, 'std_min': 0.9585, 'eff_rank': 30.51922, 'target_std': 1.08861}
{'step': 28500, 'sec': 985, 'loss': 0.67727, 'smooth_l1': 0.48564, 'var': 0.00288, 'cov': 0.17721, 'std_mean': 1.04292, 'std_min': 0.95961, 'eff_rank': 30.52298, 'target_std': 1.08841}
{'step': 29000, 'sec': 1000, 'loss': 0.67845, 'smooth_l1': 0.48552, 'var': 0.00298, 'cov': 0.17803, 'std_mean': 1.04269, 'std_min': 0.95767, 'eff_rank': 30.51943, 'target_std': 1.08853}
{'step': 29500, 'sec': 1015, 'loss': 0.67873, 'smooth_l1': 0.48519, 'var': 0.00293, 'cov': 0.17887, 'std_mean': 1.04271, 'std_min': 0.95802, 'eff_rank': 30.5174, 'target_std': 1.08829}
{'step': 30000, 'sec': 1031, 'loss': 0.67907, 'smooth_l1': 0.48551, 'var': 0.00295, 'cov': 0.17881, 'std_mean': 1.04254, 'std_min': 0.95931, 'eff_rank': 30.51701, 'target_std': 1.08824}
{'step': 30500, 'sec': 1046, 'loss': 0.67797, 'smooth_l1': 0.48558, 'var': 0.00299, 'cov': 0.17746, 'std_mean': 1.04293, 'std_min': 0.95757, 'eff_rank': 30.52132, 'target_std': 1.0885}
{'step': 31000, 'sec': 1061, 'loss': 0.67737, 'smooth_l1': 0.48546, 'var': 0.00289, 'cov': 0.17745, 'std_mean': 1.04264, 'std_min': 0.95995, 'eff_rank': 30.52161, 'target_std': 1.08822}
{'step': 31500, 'sec': 1077, 'loss': 0.67821, 'smooth_l1': 0.48534, 'var': 0.00304, 'cov': 0.1777, 'std_mean': 1.04267, 'std_min': 0.95805, 'eff_rank': 30.52019, 'target_std': 1.08817}
saved 31608 steps
