2017-03-01T00 0.5609
2017-05-02T12 0.6651
2017-07-04T00 0.6542
2017-09-04T12 0.5668
2018-05-12T13 0.562
2018-07-14T01 0.586
2018-11-16T02 0.6243
2019-01-17T14 0.6364
2019-09-24T15 0.5545
2019-11-26T03 0.6172
2020-03-30T04 0.5787
2020-08-02T04 0.6114
2021-06-10T18 0.5583
2021-08-12T06 0.5639
2021-10-13T18 0.553
2021-12-15T06 0.5195
2022-10-23T20 0.5321
2023-02-25T20 0.5277
2023-04-29T08 0.5278
2023-06-30T21 0.5473
2023-09-01T09 0.5572
2024-07-09T22 0.5243
2024-11-11T23 0.5428
2025-01-13T11 0.5102
overall [0.57006, 0.55174, 0.58838]
vol lo 22 0.00516 -0.00491 0.01522 pH 1.0 False False
vol mid 23 -0.00341 -0.01529 0.00848 pH 1.0 False False
vol hi 19 0.00064 -0.01126 0.01254 pH 1.0 False False
vtrend lo 24 -0.00858 -0.0208 0.00365 pH 1.0 False False
vtrend mid 24 0.00638 -0.0009 0.01366 pH 0.4971299655546546 False False
vtrend hi 24 0.00153 -0.00735 0.01042 pH 1.0 False False
trend lo 24 0.01369 0.00335 0.02403 pH 0.07615532098202356 False False
trend mid 24 -0.00688 -0.014 0.00024 pH 1.0 False False
trend hi 24 -0.00663 -0.01519 0.00193 pH 1.0 False False
session asia 24 -0.00478 -0.01427 0.00471 pH 1.0 False False
session eu 24 0.00059 -0.00742 0.00859 pH 1.0 False False
session us 24 0.0081 0.00293 0.01326 pH 0.02511345163098508 True False
weekend weekday 24 -0.00187 -0.00492 0.00119 pH 1.0 False False
weekend weekend 24 0.00591 -0.00217 0.014 pH 0.7904485671049878 False False
