variant c device gpu: 1576800 bars, 1574836 valid anchors
2026-10-10 18:06:01.025321: I tensorflow/core/platform/cpu_feature_guard.cc:193] This TensorFlow binary is optimized with oneAPI Deep Neural Network Library (oneDNN) to use the following CPU instructions in performance-critical operations:  AVX AVX2
To enable them in other operations, rebuild TensorFlow with the appropriate compiler flags.
2026-10-10 18:06:02.492917: W tensorflow/core/common_runtime/gpu/gpu_bfc_allocator.cc:42] Overriding orig_value setting because the TF_FORCE_GPU_ALLOW_GROWTH environment variable is set. Original config value was 0.
2026-10-10 18:06:02.492975: I tensorflow/core/common_runtime/gpu/gpu_device.cc:1616] Created device /job:localhost/replica:0/task:0/device:GPU:0 with 2000 MB memory:  -> device: 0, name: NVIDIA GeForce RTX 4070 Ti, pci bus id: 0000:01:00.0, compute capability: 8.9
2026-10-10 18:06:04.023391: I tensorflow/stream_executor/cuda/cuda_blas.cc:1614] TensorFloat-32 will be used for the matrix multiplication. This will only be logged once.
2026-10-10 18:06:05.362630: I tensorflow/stream_executor/cuda/cuda_dnn.cc:384] Loaded cuDNN version 8100
encoder params 26720, trained params 47296
{'step': 500, 'sec': 82, 'loss': 1.50034, 'loss_fut': 0.31984, 'loss_mask': 0.413, 'var': 0.07313, 'cov': 0.40186, 'std_mean': 1.04792, 'std_min': 0.91227, 'eff_rank': 30.42163, 'wait_s': 15.12711}
{'step': 1000, 'sec': 163, 'loss': 1.09829, 'loss_fut': 0.46979, 'loss_mask': 0.40603, 'var': 0.0042, 'cov': 0.20146, 'std_mean': 1.04644, 'std_min': 0.92259, 'eff_rank': 30.4461, 'wait_s': 15.90823}
{'step': 1500, 'sec': 250, 'loss': 1.1079, 'loss_fut': 0.48632, 'loss_mask': 0.40144, 'var': 0.00425, 'cov': 0.19889, 'std_mean': 1.04888, 'std_min': 0.95577, 'eff_rank': 30.50853, 'wait_s': 19.33327}
{'step': 2000, 'sec': 329, 'loss': 1.10473, 'loss_fut': 0.48798, 'loss_mask': 0.39859, 'var': 0.00408, 'cov': 0.19777, 'std_mean': 1.04884, 'std_min': 0.95622, 'eff_rank': 30.51707, 'wait_s': 15.78517}
{'step': 2500, 'sec': 407, 'loss': 1.10319, 'loss_fut': 0.48662, 'loss_mask': 0.39839, 'var': 0.00386, 'cov': 0.19888, 'std_mean': 1.04865, 'std_min': 0.96081, 'eff_rank': 30.47711, 'wait_s': 14.53378}
{'step': 3000, 'sec': 490, 'loss': 1.09657, 'loss_fut': 0.48528, 'loss_mask': 0.39594, 'var': 0.00382, 'cov': 0.19624, 'std_mean': 1.04376, 'std_min': 0.98039, 'eff_rank': 30.59975, 'wait_s': 16.60306}
{'step': 3500, 'sec': 568, 'loss': 1.09279, 'loss_fut': 0.48342, 'loss_mask': 0.39363, 'var': 0.00398, 'cov': 0.19584, 'std_mean': 1.05048, 'std_min': 0.95326, 'eff_rank': 30.45998, 'wait_s': 14.39534}
{'step': 4000, 'sec': 646, 'loss': 1.08699, 'loss_fut': 0.48139, 'loss_mask': 0.39227, 'var': 0.00374, 'cov': 0.1946, 'std_mean': 1.04702, 'std_min': 0.92388, 'eff_rank': 30.47014, 'wait_s': 14.6856}
{'step': 4500, 'sec': 724, 'loss': 1.08375, 'loss_fut': 0.47886, 'loss_mask': 0.39099, 'var': 0.00396, 'cov': 0.19411, 'std_mean': 1.04456, 'std_min': 0.97693, 'eff_rank': 30.52975, 'wait_s': 14.53716}
{'step': 5000, 'sec': 802, 'loss': 1.08157, 'loss_fut': 0.47742, 'loss_mask': 0.38965, 'var': 0.00383, 'cov': 0.19534, 'std_mean': 1.04197, 'std_min': 0.96883, 'eff_rank': 30.49822, 'wait_s': 14.51895}
{'step': 5500, 'sec': 880, 'loss': 1.07508, 'loss_fut': 0.47567, 'loss_mask': 0.38753, 'var': 0.00377, 'cov': 0.19304, 'std_mean': 1.04022, 'std_min': 0.94529, 'eff_rank': 30.43627, 'wait_s': 14.48506}
{'step': 6000, 'sec': 958, 'loss': 1.07122, 'loss_fut': 0.47447, 'loss_mask': 0.38584, 'var': 0.00366, 'cov': 0.19261, 'std_mean': 1.04712, 'std_min': 0.93977, 'eff_rank': 30.47515, 'wait_s': 14.52376}
{'step': 6500, 'sec': 1036, 'loss': 1.07359, 'loss_fut': 0.47438, 'loss_mask': 0.38675, 'var': 0.00379, 'cov': 0.19352, 'std_mean': 1.04718, 'std_min': 0.97538, 'eff_rank': 30.38091, 'wait_s': 15.73471}
{'step': 7000, 'sec': 1114, 'loss': 1.06918, 'loss_fut': 0.47276, 'loss_mask': 0.38567, 'var': 0.00365, 'cov': 0.1925, 'std_mean': 1.04594, 'std_min': 0.96203, 'eff_rank': 30.45484, 'wait_s': 14.40278}
{'step': 7500, 'sec': 1192, 'loss': 1.06383, 'loss_fut': 0.46976, 'loss_mask': 0.38329, 'var': 0.00355, 'cov': 0.19302, 'std_mean': 1.04178, 'std_min': 0.94181, 'eff_rank': 30.5663, 'wait_s': 14.81981}
{'step': 8000, 'sec': 1270, 'loss': 1.05933, 'loss_fut': 0.46757, 'loss_mask': 0.38266, 'var': 0.00364, 'cov': 0.1909, 'std_mean': 1.04416, 'std_min': 0.98525, 'eff_rank': 30.53903, 'wait_s': 14.33352}
{'step': 8500, 'sec': 1348, 'loss': 1.05601, 'loss_fut': 0.46569, 'loss_mask': 0.38211, 'var': 0.00359, 'cov': 0.19025, 'std_mean': 1.04619, 'std_min': 0.94486, 'eff_rank': 30.45188, 'wait_s': 14.50203}
{'step': 9000, 'sec': 1426, 'loss': 1.05432, 'loss_fut': 0.46483, 'loss_mask': 0.38056, 'var': 0.00368, 'cov': 0.19053, 'std_mean': 1.04489, 'std_min': 0.96014, 'eff_rank': 30.46298, 'wait_s': 13.95046}
{'step': 9500, 'sec': 1504, 'loss': 1.05326, 'loss_fut': 0.46261, 'loss_mask': 0.38116, 'var': 0.00367, 'cov': 0.19113, 'std_mean': 1.04853, 'std_min': 0.93819, 'eff_rank': 30.52407, 'wait_s': 14.20244}
{'step': 10000, 'sec': 1582, 'loss': 1.05038, 'loss_fut': 0.46174, 'loss_mask': 0.37994, 'var': 0.00352, 'cov': 0.1911, 'std_mean': 1.04796, 'std_min': 0.98119, 'eff_rank': 30.47018, 'wait_s': 14.85704}
{'step': 10500, 'sec': 1660, 'loss': 1.05116, 'loss_fut': 0.46141, 'loss_mask': 0.38072, 'var': 0.00357, 'cov': 0.19116, 'std_mean': 1.04212, 'std_min': 0.96921, 'eff_rank': 30.53265, 'wait_s': 14.57964}
{'step': 11000, 'sec': 1738, 'loss': 1.0483, 'loss_fut': 0.4599, 'loss_mask': 0.38091, 'var': 0.00358, 'cov': 0.18961, 'std_mean': 1.04823, 'std_min': 0.96988, 'eff_rank': 30.48067, 'wait_s': 15.08182}
{'step': 11500, 'sec': 1816, 'loss': 1.04739, 'loss_fut': 0.45914, 'loss_mask': 0.37975, 'var': 0.00352, 'cov': 0.19091, 'std_mean': 1.04046, 'std_min': 0.95321, 'eff_rank': 30.49054, 'wait_s': 14.58772}
{'step': 12000, 'sec': 1895, 'loss': 1.04227, 'loss_fut': 0.45775, 'loss_mask': 0.37719, 'var': 0.00352, 'cov': 0.18974, 'std_mean': 1.0404, 'std_min': 0.94172, 'eff_rank': 30.47496, 'wait_s': 14.75409}
{'step': 12500, 'sec': 1972, 'loss': 1.04147, 'loss_fut': 0.45759, 'loss_mask': 0.37669, 'var': 0.00351, 'cov': 0.18964, 'std_mean': 1.04386, 'std_min': 0.96337, 'eff_rank': 30.50644, 'wait_s': 14.40557}
{'step': 13000, 'sec': 2050, 'loss': 1.03772, 'loss_fut': 0.45554, 'loss_mask': 0.37596, 'var': 0.00345, 'cov': 0.18896, 'std_mean': 1.04547, 'std_min': 0.95328, 'eff_rank': 30.49547, 'wait_s': 14.74364}
{'step': 13500, 'sec': 2128, 'loss': 1.0348, 'loss_fut': 0.45267, 'loss_mask': 0.37502, 'var': 0.00355, 'cov': 0.18937, 'std_mean': 1.04391, 'std_min': 0.94989, 'eff_rank': 30.56245, 'wait_s': 15.25821}
{'step': 14000, 'sec': 2206, 'loss': 1.03088, 'loss_fut': 0.45049, 'loss_mask': 0.37409, 'var': 0.00355, 'cov': 0.18856, 'std_mean': 1.04897, 'std_min': 0.96195, 'eff_rank': 30.51196, 'wait_s': 14.67584}
{'step': 14500, 'sec': 2285, 'loss': 1.0291, 'loss_fut': 0.45011, 'loss_mask': 0.37311, 'var': 0.00349, 'cov': 0.18841, 'std_mean': 1.04554, 'std_min': 0.90757, 'eff_rank': 30.52249, 'wait_s': 14.6136}
{'step': 15000, 'sec': 2362, 'loss': 1.027, 'loss_fut': 0.44916, 'loss_mask': 0.37169, 'var': 0.00341, 'cov': 0.18913, 'std_mean': 1.03957, 'std_min': 0.93628, 'eff_rank': 30.43671, 'wait_s': 14.07884}
{'step': 15500, 'sec': 2440, 'loss': 1.02687, 'loss_fut': 0.44848, 'loss_mask': 0.37096, 'var': 0.00347, 'cov': 0.19007, 'std_mean': 1.04964, 'std_min': 0.94309, 'eff_rank': 30.43186, 'wait_s': 14.245}
{'step': 16000, 'sec': 2518, 'loss': 1.02485, 'loss_fut': 0.4486, 'loss_mask': 0.3708, 'var': 0.00344, 'cov': 0.18826, 'std_mean': 1.04108, 'std_min': 0.9129, 'eff_rank': 30.4562, 'wait_s': 14.29772}
{'step': 16500, 'sec': 2596, 'loss': 1.02297, 'loss_fut': 0.44793, 'loss_mask': 0.36974, 'var': 0.00345, 'cov': 0.18807, 'std_mean': 1.04512, 'std_min': 0.95142, 'eff_rank': 30.5048, 'wait_s': 14.83249}
{'step': 17000, 'sec': 2674, 'loss': 1.02261, 'loss_fut': 0.44684, 'loss_mask': 0.36915, 'var': 0.00351, 'cov': 0.18908, 'std_mean': 1.04956, 'std_min': 0.92638, 'eff_rank': 30.50843, 'wait_s': 15.32257}
{'step': 17500, 'sec': 2752, 'loss': 1.01778, 'loss_fut': 0.44508, 'loss_mask': 0.36721, 'var': 0.00335, 'cov': 0.18874, 'std_mean': 1.04043, 'std_min': 0.97934, 'eff_rank': 30.52835, 'wait_s': 15.09515}
{'step': 18000, 'sec': 2829, 'loss': 1.01513, 'loss_fut': 0.44331, 'loss_mask': 0.36661, 'var': 0.00345, 'cov': 0.18797, 'std_mean': 1.04068, 'std_min': 0.98825, 'eff_rank': 30.497, 'wait_s': 14.44621}
{'step': 18500, 'sec': 2907, 'loss': 1.01355, 'loss_fut': 0.44298, 'loss_mask': 0.36549, 'var': 0.00335, 'cov': 0.1883, 'std_mean': 1.04027, 'std_min': 0.98491, 'eff_rank': 30.48365, 'wait_s': 14.72137}
{'step': 19000, 'sec': 2985, 'loss': 1.01201, 'loss_fut': 0.44256, 'loss_mask': 0.36524, 'var': 0.0034, 'cov': 0.18724, 'std_mean': 1.04597, 'std_min': 0.9705, 'eff_rank': 30.5881, 'wait_s': 15.8067}
{'step': 19500, 'sec': 3063, 'loss': 1.01076, 'loss_fut': 0.44224, 'loss_mask': 0.3641, 'var': 0.00336, 'cov': 0.18763, 'std_mean': 1.04387, 'std_min': 0.94446, 'eff_rank': 30.49313, 'wait_s': 15.26476}
{'step': 20000, 'sec': 3141, 'loss': 1.011, 'loss_fut': 0.44299, 'loss_mask': 0.36396, 'var': 0.00347, 'cov': 0.1867, 'std_mean': 1.04141, 'std_min': 0.97069, 'eff_rank': 30.50665, 'wait_s': 15.14883}
{'step': 20500, 'sec': 3219, 'loss': 1.01023, 'loss_fut': 0.44276, 'loss_mask': 0.36269, 'var': 0.00348, 'cov': 0.18739, 'std_mean': 1.04341, 'std_min': 0.95655, 'eff_rank': 30.48277, 'wait_s': 14.58465}
{'step': 21000, 'sec': 3297, 'loss': 1.00951, 'loss_fut': 0.44282, 'loss_mask': 0.36282, 'var': 0.00334, 'cov': 0.18719, 'std_mean': 1.04424, 'std_min': 0.93903, 'eff_rank': 30.5376, 'wait_s': 14.3891}
{'step': 21500, 'sec': 3375, 'loss': 1.00937, 'loss_fut': 0.44325, 'loss_mask': 0.36227, 'var': 0.00325, 'cov': 0.1876, 'std_mean': 1.04382, 'std_min': 0.9833, 'eff_rank': 30.47449, 'wait_s': 14.43173}
{'step': 22000, 'sec': 3453, 'loss': 1.00967, 'loss_fut': 0.44291, 'loss_mask': 0.36349, 'var': 0.00341, 'cov': 0.18623, 'std_mean': 1.04816, 'std_min': 0.97059, 'eff_rank': 30.47952, 'wait_s': 14.45154}
{'step': 22500, 'sec': 3532, 'loss': 1.00965, 'loss_fut': 0.44233, 'loss_mask': 0.36293, 'var': 0.00337, 'cov': 0.18754, 'std_mean': 1.04469, 'std_min': 0.93724, 'eff_rank': 30.48272, 'wait_s': 14.95901}
{'step': 23000, 'sec': 3610, 'loss': 1.00689, 'loss_fut': 0.44177, 'loss_mask': 0.36092, 'var': 0.00338, 'cov': 0.18729, 'std_mean': 1.03988, 'std_min': 0.95536, 'eff_rank': 30.53839, 'wait_s': 14.26481}
{'step': 23500, 'sec': 3688, 'loss': 1.00191, 'loss_fut': 0.44044, 'loss_mask': 0.35955, 'var': 0.00331, 'cov': 0.18536, 'std_mean': 1.04356, 'std_min': 0.97037, 'eff_rank': 30.53852, 'wait_s': 15.14747}
{'step': 24000, 'sec': 3766, 'loss': 1.00275, 'loss_fut': 0.44092, 'loss_mask': 0.3578, 'var': 0.00346, 'cov': 0.18673, 'std_mean': 1.04366, 'std_min': 0.9774, 'eff_rank': 30.56553, 'wait_s': 14.49338}
{'step': 24500, 'sec': 3844, 'loss': 1.00004, 'loss_fut': 0.44077, 'loss_mask': 0.3568, 'var': 0.00328, 'cov': 0.18605, 'std_mean': 1.03839, 'std_min': 0.93501, 'eff_rank': 30.5097, 'wait_s': 14.91541}
{'step': 25000, 'sec': 3922, 'loss': 0.999, 'loss_fut': 0.44034, 'loss_mask': 0.35649, 'var': 0.00336, 'cov': 0.18539, 'std_mean': 1.04317, 'std_min': 0.97702, 'eff_rank': 30.50322, 'wait_s': 15.18144}
{'step': 25500, 'sec': 4000, 'loss': 0.99579, 'loss_fut': 0.43957, 'loss_mask': 0.35428, 'var': 0.00332, 'cov': 0.18533, 'std_mean': 1.04254, 'std_min': 0.97413, 'eff_rank': 30.47899, 'wait_s': 14.29826}
{'step': 26000, 'sec': 4078, 'loss': 0.9944, 'loss_fut': 0.43906, 'loss_mask': 0.35362, 'var': 0.00321, 'cov': 0.18567, 'std_mean': 1.04661, 'std_min': 0.96845, 'eff_rank': 30.49991, 'wait_s': 14.98508}
{'step': 26500, 'sec': 4157, 'loss': 0.99411, 'loss_fut': 0.43895, 'loss_mask': 0.35324, 'var': 0.0033, 'cov': 0.18542, 'std_mean': 1.04472, 'std_min': 0.94428, 'eff_rank': 30.49688, 'wait_s': 15.24623}
{'step': 27000, 'sec': 4234, 'loss': 0.99233, 'loss_fut': 0.43856, 'loss_mask': 0.35038, 'var': 0.00335, 'cov': 0.18666, 'std_mean': 1.04249, 'std_min': 0.9627, 'eff_rank': 30.48437, 'wait_s': 14.67009}
{'step': 27500, 'sec': 4313, 'loss': 0.99085, 'loss_fut': 0.43822, 'loss_mask': 0.34969, 'var': 0.00336, 'cov': 0.18611, 'std_mean': 1.04342, 'std_min': 0.91845, 'eff_rank': 30.48524, 'wait_s': 14.89954}
{'step': 28000, 'sec': 4391, 'loss': 0.98936, 'loss_fut': 0.43916, 'loss_mask': 0.34884, 'var': 0.0033, 'cov': 0.18484, 'std_mean': 1.04286, 'std_min': 0.94651, 'eff_rank': 30.53615, 'wait_s': 14.88304}
{'step': 28500, 'sec': 4469, 'loss': 0.98927, 'loss_fut': 0.43958, 'loss_mask': 0.34859, 'var': 0.00324, 'cov': 0.1849, 'std_mean': 1.04811, 'std_min': 0.96727, 'eff_rank': 30.51962, 'wait_s': 14.67158}
{'step': 29000, 'sec': 4547, 'loss': 0.98736, 'loss_fut': 0.4388, 'loss_mask': 0.34722, 'var': 0.00325, 'cov': 0.1851, 'std_mean': 1.04118, 'std_min': 0.94735, 'eff_rank': 30.52546, 'wait_s': 14.72183}
{'step': 29500, 'sec': 4625, 'loss': 0.98886, 'loss_fut': 0.43889, 'loss_mask': 0.34784, 'var': 0.00327, 'cov': 0.18577, 'std_mean': 1.04361, 'std_min': 0.95481, 'eff_rank': 30.51776, 'wait_s': 14.61253}
{'step': 30000, 'sec': 4703, 'loss': 0.98423, 'loss_fut': 0.4382, 'loss_mask': 0.34523, 'var': 0.00312, 'cov': 0.18522, 'std_mean': 1.04448, 'std_min': 0.95918, 'eff_rank': 30.5446, 'wait_s': 15.13487}
{'step': 30500, 'sec': 4788, 'loss': 0.98295, 'loss_fut': 0.43951, 'loss_mask': 0.34324, 'var': 0.00316, 'cov': 0.18439, 'std_mean': 1.04447, 'std_min': 0.97805, 'eff_rank': 30.55887, 'wait_s': 17.45288}
{'step': 31000, 'sec': 4869, 'loss': 0.98292, 'loss_fut': 0.43904, 'loss_mask': 0.3436, 'var': 0.00322, 'cov': 0.18421, 'std_mean': 1.04272, 'std_min': 0.92452, 'eff_rank': 30.54444, 'wait_s': 16.21272}
{'step': 31500, 'sec': 4947, 'loss': 0.98399, 'loss_fut': 0.44019, 'loss_mask': 0.34222, 'var': 0.0033, 'cov': 0.18506, 'std_mean': 1.04055, 'std_min': 0.95517, 'eff_rank': 30.50859, 'wait_s': 14.86483}
{'step': 32000, 'sec': 5024, 'loss': 0.9844, 'loss_fut': 0.44004, 'loss_mask': 0.34171, 'var': 0.00324, 'cov': 0.18645, 'std_mean': 1.04339, 'std_min': 0.9273, 'eff_rank': 30.5004, 'wait_s': 14.92448}
{'step': 32500, 'sec': 5102, 'loss': 0.98207, 'loss_fut': 0.4405, 'loss_mask': 0.34152, 'var': 0.0032, 'cov': 0.18404, 'std_mean': 1.04769, 'std_min': 0.99731, 'eff_rank': 30.49457, 'wait_s': 15.53243}
{'step': 33000, 'sec': 5180, 'loss': 0.98423, 'loss_fut': 0.44229, 'loss_mask': 0.34041, 'var': 0.0033, 'cov': 0.18505, 'std_mean': 1.04338, 'std_min': 0.95545, 'eff_rank': 30.49318, 'wait_s': 15.22284}
{'step': 33500, 'sec': 5257, 'loss': 0.98353, 'loss_fut': 0.4427, 'loss_mask': 0.34025, 'var': 0.00315, 'cov': 0.18484, 'std_mean': 1.04238, 'std_min': 0.98616, 'eff_rank': 30.4796, 'wait_s': 14.88688}
{'step': 34000, 'sec': 5335, 'loss': 0.98258, 'loss_fut': 0.44217, 'loss_mask': 0.33964, 'var': 0.00327, 'cov': 0.18443, 'std_mean': 1.04266, 'std_min': 0.96208, 'eff_rank': 30.55824, 'wait_s': 14.83927}
{'step': 34500, 'sec': 5413, 'loss': 0.9819, 'loss_fut': 0.44309, 'loss_mask': 0.3399, 'var': 0.00313, 'cov': 0.18324, 'std_mean': 1.0439, 'std_min': 0.95189, 'eff_rank': 30.50431, 'wait_s': 14.80987}
{'step': 35000, 'sec': 5491, 'loss': 0.98083, 'loss_fut': 0.44207, 'loss_mask': 0.33783, 'var': 0.00331, 'cov': 0.18439, 'std_mean': 1.04318, 'std_min': 0.93227, 'eff_rank': 30.52175, 'wait_s': 14.58636}
{'step': 35500, 'sec': 5569, 'loss': 0.97983, 'loss_fut': 0.44241, 'loss_mask': 0.33721, 'var': 0.00331, 'cov': 0.18364, 'std_mean': 1.04375, 'std_min': 0.96273, 'eff_rank': 30.54716, 'wait_s': 14.22492}
{'step': 36000, 'sec': 5647, 'loss': 0.98135, 'loss_fut': 0.44313, 'loss_mask': 0.33766, 'var': 0.00325, 'cov': 0.18432, 'std_mean': 1.04416, 'std_min': 0.94991, 'eff_rank': 30.48329, 'wait_s': 14.52368}
{'step': 36500, 'sec': 5724, 'loss': 0.98148, 'loss_fut': 0.44341, 'loss_mask': 0.33729, 'var': 0.00326, 'cov': 0.18451, 'std_mean': 1.04475, 'std_min': 0.96391, 'eff_rank': 30.50661, 'wait_s': 14.5997}
{'step': 37000, 'sec': 5802, 'loss': 0.9789, 'loss_fut': 0.44363, 'loss_mask': 0.33448, 'var': 0.00326, 'cov': 0.18447, 'std_mean': 1.04068, 'std_min': 0.98444, 'eff_rank': 30.56239, 'wait_s': 14.5199}
{'step': 37500, 'sec': 5880, 'loss': 0.97751, 'loss_fut': 0.44345, 'loss_mask': 0.33315, 'var': 0.00324, 'cov': 0.18471, 'std_mean': 1.04233, 'std_min': 0.96525, 'eff_rank': 30.46679, 'wait_s': 14.87195}
{'step': 38000, 'sec': 5957, 'loss': 0.9769, 'loss_fut': 0.44387, 'loss_mask': 0.33244, 'var': 0.00321, 'cov': 0.18452, 'std_mean': 1.04253, 'std_min': 0.97224, 'eff_rank': 30.56954, 'wait_s': 15.00334}
{'step': 38500, 'sec': 6036, 'loss': 0.97166, 'loss_fut': 0.44232, 'loss_mask': 0.3303, 'var': 0.00318, 'cov': 0.18315, 'std_mean': 1.04416, 'std_min': 0.97086, 'eff_rank': 30.50192, 'wait_s': 15.15354}
{'step': 39000, 'sec': 6114, 'loss': 0.97186, 'loss_fut': 0.44154, 'loss_mask': 0.33077, 'var': 0.00319, 'cov': 0.1836, 'std_mean': 1.04519, 'std_min': 0.98315, 'eff_rank': 30.45305, 'wait_s': 14.37779}
{'step': 39500, 'sec': 6192, 'loss': 0.97134, 'loss_fut': 0.44258, 'loss_mask': 0.32916, 'var': 0.00321, 'cov': 0.18354, 'std_mean': 1.04469, 'std_min': 0.95244, 'eff_rank': 30.57812, 'wait_s': 15.07675}
{'step': 40000, 'sec': 6269, 'loss': 0.97119, 'loss_fut': 0.4424, 'loss_mask': 0.32826, 'var': 0.00321, 'cov': 0.18451, 'std_mean': 1.04641, 'std_min': 0.96735, 'eff_rank': 30.54003, 'wait_s': 15.84608}
{'step': 40500, 'sec': 6347, 'loss': 0.96853, 'loss_fut': 0.44233, 'loss_mask': 0.32759, 'var': 0.00313, 'cov': 0.18293, 'std_mean': 1.04504, 'std_min': 0.96526, 'eff_rank': 30.54101, 'wait_s': 14.71451}
{'step': 41000, 'sec': 6425, 'loss': 0.97028, 'loss_fut': 0.44256, 'loss_mask': 0.3281, 'var': 0.00317, 'cov': 0.18379, 'std_mean': 1.04482, 'std_min': 0.95972, 'eff_rank': 30.52861, 'wait_s': 14.00939}
{'step': 41500, 'sec': 6503, 'loss': 0.96982, 'loss_fut': 0.44344, 'loss_mask': 0.32681, 'var': 0.00317, 'cov': 0.18372, 'std_mean': 1.04389, 'std_min': 0.9635, 'eff_rank': 30.52656, 'wait_s': 14.17461}
{'step': 42000, 'sec': 6581, 'loss': 0.96852, 'loss_fut': 0.44269, 'loss_mask': 0.32556, 'var': 0.00323, 'cov': 0.18413, 'std_mean': 1.04599, 'std_min': 0.97103, 'eff_rank': 30.50232, 'wait_s': 15.29616}
{'step': 42500, 'sec': 6659, 'loss': 0.96638, 'loss_fut': 0.44237, 'loss_mask': 0.32561, 'var': 0.00308, 'cov': 0.18298, 'std_mean': 1.04167, 'std_min': 0.96985, 'eff_rank': 30.52939, 'wait_s': 13.91018}
{'step': 43000, 'sec': 6736, 'loss': 0.96687, 'loss_fut': 0.44283, 'loss_mask': 0.32417, 'var': 0.00319, 'cov': 0.18393, 'std_mean': 1.04388, 'std_min': 0.94995, 'eff_rank': 30.52976, 'wait_s': 15.28137}
{'step': 43500, 'sec': 6814, 'loss': 0.96635, 'loss_fut': 0.44307, 'loss_mask': 0.32455, 'var': 0.00318, 'cov': 0.18282, 'std_mean': 1.04407, 'std_min': 0.95385, 'eff_rank': 30.55825, 'wait_s': 15.28958}
{'step': 44000, 'sec': 6892, 'loss': 0.96506, 'loss_fut': 0.44251, 'loss_mask': 0.32344, 'var': 0.00312, 'cov': 0.18353, 'std_mean': 1.04307, 'std_min': 0.9254, 'eff_rank': 30.44264, 'wait_s': 14.95078}
{'step': 44500, 'sec': 6970, 'loss': 0.96514, 'loss_fut': 0.44245, 'loss_mask': 0.32297, 'var': 0.00325, 'cov': 0.18349, 'std_mean': 1.04149, 'std_min': 0.97844, 'eff_rank': 30.55619, 'wait_s': 14.42976}
{'step': 45000, 'sec': 7048, 'loss': 0.96377, 'loss_fut': 0.44255, 'loss_mask': 0.32332, 'var': 0.00311, 'cov': 0.18233, 'std_mean': 1.04299, 'std_min': 0.94376, 'eff_rank': 30.54133, 'wait_s': 14.72389}
{'step': 45500, 'sec': 7125, 'loss': 0.9623, 'loss_fut': 0.44271, 'loss_mask': 0.32186, 'var': 0.00306, 'cov': 0.18244, 'std_mean': 1.04355, 'std_min': 0.97633, 'eff_rank': 30.49584, 'wait_s': 13.83398}
{'step': 46000, 'sec': 7203, 'loss': 0.9622, 'loss_fut': 0.44229, 'loss_mask': 0.32118, 'var': 0.00316, 'cov': 0.18293, 'std_mean': 1.04271, 'std_min': 0.96618, 'eff_rank': 30.47601, 'wait_s': 14.28117}
{'step': 46500, 'sec': 7281, 'loss': 0.95927, 'loss_fut': 0.44179, 'loss_mask': 0.31907, 'var': 0.00314, 'cov': 0.18273, 'std_mean': 1.04177, 'std_min': 0.96594, 'eff_rank': 30.5684, 'wait_s': 15.11686}
{'step': 47000, 'sec': 7358, 'loss': 0.96003, 'loss_fut': 0.44221, 'loss_mask': 0.3193, 'var': 0.00315, 'cov': 0.18277, 'std_mean': 1.04199, 'std_min': 0.93884, 'eff_rank': 30.54712, 'wait_s': 14.71014}
{'step': 47500, 'sec': 7436, 'loss': 0.95648, 'loss_fut': 0.44192, 'loss_mask': 0.31693, 'var': 0.00314, 'cov': 0.18195, 'std_mean': 1.04467, 'std_min': 0.96844, 'eff_rank': 30.48225, 'wait_s': 14.81833}
{'step': 48000, 'sec': 7514, 'loss': 0.95609, 'loss_fut': 0.44184, 'loss_mask': 0.31685, 'var': 0.00321, 'cov': 0.18134, 'std_mean': 1.04384, 'std_min': 0.93892, 'eff_rank': 30.55161, 'wait_s': 14.71402}
{'step': 48500, 'sec': 7592, 'loss': 0.95836, 'loss_fut': 0.44162, 'loss_mask': 0.31741, 'var': 0.00315, 'cov': 0.18357, 'std_mean': 1.04239, 'std_min': 0.91939, 'eff_rank': 30.52298, 'wait_s': 14.64108}
{'step': 49000, 'sec': 7669, 'loss': 0.95555, 'loss_fut': 0.44115, 'loss_mask': 0.31642, 'var': 0.00311, 'cov': 0.18241, 'std_mean': 1.04246, 'std_min': 0.95025, 'eff_rank': 30.56943, 'wait_s': 14.73958}
{'step': 49500, 'sec': 7747, 'loss': 0.9548, 'loss_fut': 0.44139, 'loss_mask': 0.31564, 'var': 0.0032, 'cov': 0.1818, 'std_mean': 1.04129, 'std_min': 0.97729, 'eff_rank': 30.47976, 'wait_s': 13.71478}
{'step': 50000, 'sec': 7825, 'loss': 0.95238, 'loss_fut': 0.44016, 'loss_mask': 0.31497, 'var': 0.00309, 'cov': 0.18181, 'std_mean': 1.04555, 'std_min': 0.98095, 'eff_rank': 30.51201, 'wait_s': 14.70094}
{'step': 50500, 'sec': 7903, 'loss': 0.95037, 'loss_fut': 0.44003, 'loss_mask': 0.31322, 'var': 0.0031, 'cov': 0.18164, 'std_mean': 1.03917, 'std_min': 0.97491, 'eff_rank': 30.47508, 'wait_s': 15.29284}
{'step': 51000, 'sec': 7980, 'loss': 0.95013, 'loss_fut': 0.43992, 'loss_mask': 0.31235, 'var': 0.0032, 'cov': 0.18186, 'std_mean': 1.04272, 'std_min': 0.96688, 'eff_rank': 30.55682, 'wait_s': 14.95642}
{'step': 51500, 'sec': 8058, 'loss': 0.94949, 'loss_fut': 0.43974, 'loss_mask': 0.31228, 'var': 0.00319, 'cov': 0.18152, 'std_mean': 1.04115, 'std_min': 0.92656, 'eff_rank': 30.54762, 'wait_s': 13.99522}
{'step': 52000, 'sec': 8136, 'loss': 0.94805, 'loss_fut': 0.43968, 'loss_mask': 0.31109, 'var': 0.00315, 'cov': 0.18154, 'std_mean': 1.04201, 'std_min': 0.94339, 'eff_rank': 30.53429, 'wait_s': 14.92833}
{'step': 52500, 'sec': 8213, 'loss': 0.94812, 'loss_fut': 0.43998, 'loss_mask': 0.31074, 'var': 0.00313, 'cov': 0.18175, 'std_mean': 1.04185, 'std_min': 0.94684, 'eff_rank': 30.43373, 'wait_s': 15.14927}
{'step': 53000, 'sec': 8291, 'loss': 0.94754, 'loss_fut': 0.43945, 'loss_mask': 0.30997, 'var': 0.00323, 'cov': 0.18196, 'std_mean': 1.04398, 'std_min': 0.97261, 'eff_rank': 30.4848, 'wait_s': 14.535}
{'step': 53500, 'sec': 8369, 'loss': 0.9462, 'loss_fut': 0.43961, 'loss_mask': 0.30861, 'var': 0.00308, 'cov': 0.18258, 'std_mean': 1.04101, 'std_min': 0.95977, 'eff_rank': 30.58125, 'wait_s': 14.18138}
{'step': 54000, 'sec': 8446, 'loss': 0.94599, 'loss_fut': 0.43899, 'loss_mask': 0.30876, 'var': 0.00322, 'cov': 0.18215, 'std_mean': 1.04333, 'std_min': 0.97086, 'eff_rank': 30.49297, 'wait_s': 13.93406}
{'step': 54500, 'sec': 8524, 'loss': 0.94709, 'loss_fut': 0.43954, 'loss_mask': 0.30892, 'var': 0.0031, 'cov': 0.18315, 'std_mean': 1.04525, 'std_min': 0.97011, 'eff_rank': 30.52004, 'wait_s': 14.33965}
{'step': 55000, 'sec': 8602, 'loss': 0.94195, 'loss_fut': 0.43846, 'loss_mask': 0.30662, 'var': 0.00315, 'cov': 0.18113, 'std_mean': 1.04397, 'std_min': 0.96104, 'eff_rank': 30.58705, 'wait_s': 14.50494}
{'step': 55500, 'sec': 8679, 'loss': 0.94338, 'loss_fut': 0.43885, 'loss_mask': 0.30683, 'var': 0.00304, 'cov': 0.18249, 'std_mean': 1.04348, 'std_min': 0.95747, 'eff_rank': 30.52311, 'wait_s': 13.86844}
{'step': 56000, 'sec': 8756, 'loss': 0.94234, 'loss_fut': 0.43842, 'loss_mask': 0.3058, 'var': 0.00316, 'cov': 0.18232, 'std_mean': 1.04336, 'std_min': 0.97069, 'eff_rank': 30.56341, 'wait_s': 15.17958}
{'step': 56500, 'sec': 8834, 'loss': 0.94135, 'loss_fut': 0.43849, 'loss_mask': 0.30567, 'var': 0.00309, 'cov': 0.18172, 'std_mean': 1.04325, 'std_min': 0.97452, 'eff_rank': 30.51461, 'wait_s': 14.01246}
{'step': 57000, 'sec': 8911, 'loss': 0.94115, 'loss_fut': 0.43909, 'loss_mask': 0.30473, 'var': 0.00307, 'cov': 0.18196, 'std_mean': 1.04268, 'std_min': 0.93795, 'eff_rank': 30.53945, 'wait_s': 14.82526}
{'step': 57500, 'sec': 8989, 'loss': 0.93823, 'loss_fut': 0.43883, 'loss_mask': 0.3038, 'var': 0.00304, 'cov': 0.18039, 'std_mean': 1.04352, 'std_min': 0.96617, 'eff_rank': 30.51969, 'wait_s': 14.8778}
{'step': 58000, 'sec': 9066, 'loss': 0.9406, 'loss_fut': 0.43839, 'loss_mask': 0.3046, 'var': 0.00314, 'cov': 0.18189, 'std_mean': 1.0423, 'std_min': 0.97668, 'eff_rank': 30.52434, 'wait_s': 14.54728}
{'step': 58500, 'sec': 9144, 'loss': 0.9383, 'loss_fut': 0.43845, 'loss_mask': 0.30297, 'var': 0.00311, 'cov': 0.18132, 'std_mean': 1.04502, 'std_min': 0.9508, 'eff_rank': 30.46226, 'wait_s': 14.40245}
{'step': 59000, 'sec': 9222, 'loss': 0.939, 'loss_fut': 0.43788, 'loss_mask': 0.30427, 'var': 0.00313, 'cov': 0.1812, 'std_mean': 1.04295, 'std_min': 0.95651, 'eff_rank': 30.44797, 'wait_s': 14.47963}
{'step': 59500, 'sec': 9300, 'loss': 0.93826, 'loss_fut': 0.43764, 'loss_mask': 0.30421, 'var': 0.00305, 'cov': 0.18113, 'std_mean': 1.04477, 'std_min': 0.99859, 'eff_rank': 30.50099, 'wait_s': 15.0734}
{'step': 60000, 'sec': 9377, 'loss': 0.93781, 'loss_fut': 0.43703, 'loss_mask': 0.30343, 'var': 0.0031, 'cov': 0.18185, 'std_mean': 1.04172, 'std_min': 0.96188, 'eff_rank': 30.52559, 'wait_s': 14.03337}
{'step': 60500, 'sec': 9463, 'loss': 0.93698, 'loss_fut': 0.43673, 'loss_mask': 0.30254, 'var': 0.00317, 'cov': 0.18184, 'std_mean': 1.04532, 'std_min': 0.97303, 'eff_rank': 30.50402, 'wait_s': 18.58047}
{'step': 61000, 'sec': 9543, 'loss': 0.93568, 'loss_fut': 0.4366, 'loss_mask': 0.30259, 'var': 0.00307, 'cov': 0.18113, 'std_mean': 1.04363, 'std_min': 0.96534, 'eff_rank': 30.4979, 'wait_s': 15.9787}
{'step': 61500, 'sec': 9621, 'loss': 0.933, 'loss_fut': 0.436, 'loss_mask': 0.30131, 'var': 0.00301, 'cov': 0.18065, 'std_mean': 1.03841, 'std_min': 0.96278, 'eff_rank': 30.51254, 'wait_s': 14.14744}
{'step': 62000, 'sec': 9699, 'loss': 0.93443, 'loss_fut': 0.4356, 'loss_mask': 0.30107, 'var': 0.00314, 'cov': 0.18204, 'std_mean': 1.04177, 'std_min': 0.95902, 'eff_rank': 30.4991, 'wait_s': 14.99994}
{'step': 62500, 'sec': 9776, 'loss': 0.93092, 'loss_fut': 0.43542, 'loss_mask': 0.30042, 'var': 0.00301, 'cov': 0.18001, 'std_mean': 1.04248, 'std_min': 0.98165, 'eff_rank': 30.49923, 'wait_s': 14.71918}
{'step': 63000, 'sec': 9854, 'loss': 0.93184, 'loss_fut': 0.43506, 'loss_mask': 0.30055, 'var': 0.00313, 'cov': 0.18059, 'std_mean': 1.04369, 'std_min': 0.97767, 'eff_rank': 30.53984, 'wait_s': 14.72099}
{'step': 63500, 'sec': 9932, 'loss': 0.93032, 'loss_fut': 0.43507, 'loss_mask': 0.29934, 'var': 0.00302, 'cov': 0.18079, 'std_mean': 1.04399, 'std_min': 0.9653, 'eff_rank': 30.49943, 'wait_s': 14.3253}
{'step': 64000, 'sec': 10009, 'loss': 0.93092, 'loss_fut': 0.43499, 'loss_mask': 0.30016, 'var': 0.00307, 'cov': 0.1804, 'std_mean': 1.04265, 'std_min': 0.96541, 'eff_rank': 30.56732, 'wait_s': 15.40846}
{'step': 64500, 'sec': 10087, 'loss': 0.93223, 'loss_fut': 0.43458, 'loss_mask': 0.30105, 'var': 0.0031, 'cov': 0.18108, 'std_mean': 1.03729, 'std_min': 0.98631, 'eff_rank': 30.4866, 'wait_s': 15.24844}
{'step': 65000, 'sec': 10165, 'loss': 0.92907, 'loss_fut': 0.43386, 'loss_mask': 0.29973, 'var': 0.00303, 'cov': 0.18031, 'std_mean': 1.04113, 'std_min': 0.93349, 'eff_rank': 30.45842, 'wait_s': 15.21042}
{'step': 65500, 'sec': 10243, 'loss': 0.92942, 'loss_fut': 0.43377, 'loss_mask': 0.29868, 'var': 0.00306, 'cov': 0.18168, 'std_mean': 1.0425, 'std_min': 0.94763, 'eff_rank': 30.59055, 'wait_s': 14.82451}
{'step': 66000, 'sec': 10321, 'loss': 0.92809, 'loss_fut': 0.43386, 'loss_mask': 0.29955, 'var': 0.00296, 'cov': 0.17991, 'std_mean': 1.04286, 'std_min': 0.96052, 'eff_rank': 30.51611, 'wait_s': 14.62317}
{'step': 66500, 'sec': 10399, 'loss': 0.92737, 'loss_fut': 0.43324, 'loss_mask': 0.29859, 'var': 0.00306, 'cov': 0.18022, 'std_mean': 1.03855, 'std_min': 0.95246, 'eff_rank': 30.48152, 'wait_s': 14.70226}
{'step': 67000, 'sec': 10476, 'loss': 0.92913, 'loss_fut': 0.43356, 'loss_mask': 0.29827, 'var': 0.00316, 'cov': 0.1815, 'std_mean': 1.0432, 'std_min': 0.96666, 'eff_rank': 30.50614, 'wait_s': 14.7224}
{'step': 67500, 'sec': 10554, 'loss': 0.92746, 'loss_fut': 0.43326, 'loss_mask': 0.29837, 'var': 0.00313, 'cov': 0.18018, 'std_mean': 1.04331, 'std_min': 0.97297, 'eff_rank': 30.59749, 'wait_s': 14.24522}
{'step': 68000, 'sec': 10632, 'loss': 0.92834, 'loss_fut': 0.43314, 'loss_mask': 0.29872, 'var': 0.00304, 'cov': 0.18125, 'std_mean': 1.04061, 'std_min': 0.93996, 'eff_rank': 30.47855, 'wait_s': 14.34455}
{'step': 68500, 'sec': 10710, 'loss': 0.92467, 'loss_fut': 0.4322, 'loss_mask': 0.29758, 'var': 0.00313, 'cov': 0.17927, 'std_mean': 1.04127, 'std_min': 0.89968, 'eff_rank': 30.41912, 'wait_s': 14.61594}
{'step': 69000, 'sec': 10788, 'loss': 0.92645, 'loss_fut': 0.43218, 'loss_mask': 0.29774, 'var': 0.00308, 'cov': 0.18113, 'std_mean': 1.04157, 'std_min': 0.97139, 'eff_rank': 30.47137, 'wait_s': 13.81244}
{'step': 69500, 'sec': 10866, 'loss': 0.92332, 'loss_fut': 0.43225, 'loss_mask': 0.2967, 'var': 0.00296, 'cov': 0.17958, 'std_mean': 1.04304, 'std_min': 0.96368, 'eff_rank': 30.46517, 'wait_s': 15.54618}
{'step': 70000, 'sec': 10944, 'loss': 0.92524, 'loss_fut': 0.43281, 'loss_mask': 0.29653, 'var': 0.00304, 'cov': 0.18069, 'std_mean': 1.04578, 'std_min': 0.94234, 'eff_rank': 30.60969, 'wait_s': 13.96852}
{'step': 70500, 'sec': 11022, 'loss': 0.92455, 'loss_fut': 0.43251, 'loss_mask': 0.29658, 'var': 0.00305, 'cov': 0.18021, 'std_mean': 1.0415, 'std_min': 0.98399, 'eff_rank': 30.43508, 'wait_s': 14.61246}
{'step': 71000, 'sec': 11099, 'loss': 0.92428, 'loss_fut': 0.43305, 'loss_mask': 0.29606, 'var': 0.00298, 'cov': 0.18029, 'std_mean': 1.04337, 'std_min': 0.96478, 'eff_rank': 30.5513, 'wait_s': 14.73074}
{'step': 71500, 'sec': 11177, 'loss': 0.92365, 'loss_fut': 0.43277, 'loss_mask': 0.29548, 'var': 0.00296, 'cov': 0.1806, 'std_mean': 1.04565, 'std_min': 0.97207, 'eff_rank': 30.5213, 'wait_s': 14.39658}
{'step': 72000, 'sec': 11255, 'loss': 0.9242, 'loss_fut': 0.4325, 'loss_mask': 0.2958, 'var': 0.00305, 'cov': 0.18066, 'std_mean': 1.0422, 'std_min': 0.91506, 'eff_rank': 30.45506, 'wait_s': 15.35105}
{'step': 72500, 'sec': 11333, 'loss': 0.92301, 'loss_fut': 0.43223, 'loss_mask': 0.29539, 'var': 0.00303, 'cov': 0.18021, 'std_mean': 1.04039, 'std_min': 0.92436, 'eff_rank': 30.43696, 'wait_s': 15.27772}
{'step': 73000, 'sec': 11411, 'loss': 0.92127, 'loss_fut': 0.43167, 'loss_mask': 0.2946, 'var': 0.00302, 'cov': 0.17991, 'std_mean': 1.042, 'std_min': 0.97929, 'eff_rank': 30.54929, 'wait_s': 14.995}
{'step': 73500, 'sec': 11489, 'loss': 0.92142, 'loss_fut': 0.43148, 'loss_mask': 0.29459, 'var': 0.00306, 'cov': 0.18004, 'std_mean': 1.04267, 'std_min': 0.97215, 'eff_rank': 30.54621, 'wait_s': 13.89012}
{'step': 74000, 'sec': 11567, 'loss': 0.92009, 'loss_fut': 0.43153, 'loss_mask': 0.29357, 'var': 0.00302, 'cov': 0.1799, 'std_mean': 1.04248, 'std_min': 0.97185, 'eff_rank': 30.53993, 'wait_s': 14.27971}
{'step': 74500, 'sec': 11645, 'loss': 0.91887, 'loss_fut': 0.43138, 'loss_mask': 0.29352, 'var': 0.00301, 'cov': 0.17893, 'std_mean': 1.04362, 'std_min': 0.97473, 'eff_rank': 30.53215, 'wait_s': 14.40789}
{'step': 75000, 'sec': 11723, 'loss': 0.91916, 'loss_fut': 0.43088, 'loss_mask': 0.29332, 'var': 0.00296, 'cov': 0.18014, 'std_mean': 1.04203, 'std_min': 0.98828, 'eff_rank': 30.52697, 'wait_s': 14.8367}
{'step': 75500, 'sec': 11801, 'loss': 0.91658, 'loss_fut': 0.43026, 'loss_mask': 0.29308, 'var': 0.00298, 'cov': 0.17835, 'std_mean': 1.04225, 'std_min': 0.95965, 'eff_rank': 30.52968, 'wait_s': 14.36771}
{'step': 76000, 'sec': 11879, 'loss': 0.91782, 'loss_fut': 0.4302, 'loss_mask': 0.29347, 'var': 0.0029, 'cov': 0.17964, 'std_mean': 1.04148, 'std_min': 0.95435, 'eff_rank': 30.51232, 'wait_s': 15.31154}
{'step': 76500, 'sec': 11960, 'loss': 0.91675, 'loss_fut': 0.42942, 'loss_mask': 0.29243, 'var': 0.00306, 'cov': 0.1796, 'std_mean': 1.04372, 'std_min': 0.97822, 'eff_rank': 30.52204, 'wait_s': 16.21963}
{'step': 77000, 'sec': 12040, 'loss': 0.91628, 'loss_fut': 0.42959, 'loss_mask': 0.29194, 'var': 0.00296, 'cov': 0.17996, 'std_mean': 1.04209, 'std_min': 0.95949, 'eff_rank': 30.54676, 'wait_s': 16.41279}
{'step': 77500, 'sec': 12118, 'loss': 0.91532, 'loss_fut': 0.42881, 'loss_mask': 0.29184, 'var': 0.003, 'cov': 0.17965, 'std_mean': 1.04188, 'std_min': 0.95518, 'eff_rank': 30.47293, 'wait_s': 14.46456}
{'step': 78000, 'sec': 12197, 'loss': 0.91601, 'loss_fut': 0.42908, 'loss_mask': 0.29124, 'var': 0.00311, 'cov': 0.18016, 'std_mean': 1.04149, 'std_min': 0.95052, 'eff_rank': 30.50023, 'wait_s': 14.56903}
{'step': 78500, 'sec': 12275, 'loss': 0.91258, 'loss_fut': 0.42872, 'loss_mask': 0.29057, 'var': 0.00288, 'cov': 0.17886, 'std_mean': 1.04234, 'std_min': 0.95641, 'eff_rank': 30.57946, 'wait_s': 14.442}
{'step': 79000, 'sec': 12353, 'loss': 0.9118, 'loss_fut': 0.42861, 'loss_mask': 0.2895, 'var': 0.00292, 'cov': 0.17906, 'std_mean': 1.04126, 'std_min': 0.91429, 'eff_rank': 30.49571, 'wait_s': 15.08297}
{'step': 79500, 'sec': 12431, 'loss': 0.91416, 'loss_fut': 0.42869, 'loss_mask': 0.29073, 'var': 0.00309, 'cov': 0.1793, 'std_mean': 1.04393, 'std_min': 0.93416, 'eff_rank': 30.50399, 'wait_s': 14.18574}
{'step': 80000, 'sec': 12509, 'loss': 0.91366, 'loss_fut': 0.42873, 'loss_mask': 0.29094, 'var': 0.00294, 'cov': 0.17928, 'std_mean': 1.04563, 'std_min': 0.9417, 'eff_rank': 30.54181, 'wait_s': 15.13044}
{'step': 80500, 'sec': 12587, 'loss': 0.91435, 'loss_fut': 0.42869, 'loss_mask': 0.29132, 'var': 0.00298, 'cov': 0.17944, 'std_mean': 1.04258, 'std_min': 0.99992, 'eff_rank': 30.55458, 'wait_s': 13.81762}
{'step': 81000, 'sec': 12665, 'loss': 0.91233, 'loss_fut': 0.42866, 'loss_mask': 0.29, 'var': 0.00297, 'cov': 0.1788, 'std_mean': 1.03962, 'std_min': 0.94251, 'eff_rank': 30.48604, 'wait_s': 14.09943}
{'step': 81500, 'sec': 12743, 'loss': 0.91435, 'loss_fut': 0.4289, 'loss_mask': 0.29071, 'var': 0.00308, 'cov': 0.17937, 'std_mean': 1.04039, 'std_min': 0.96173, 'eff_rank': 30.526, 'wait_s': 14.92369}
{'step': 82000, 'sec': 12821, 'loss': 0.91125, 'loss_fut': 0.4282, 'loss_mask': 0.29005, 'var': 0.00296, 'cov': 0.1782, 'std_mean': 1.04422, 'std_min': 0.98173, 'eff_rank': 30.50773, 'wait_s': 14.20268}
{'step': 82500, 'sec': 12899, 'loss': 0.91131, 'loss_fut': 0.42813, 'loss_mask': 0.28978, 'var': 0.00291, 'cov': 0.17886, 'std_mean': 1.04247, 'std_min': 0.96709, 'eff_rank': 30.5329, 'wait_s': 14.89075}
{'step': 83000, 'sec': 12977, 'loss': 0.91248, 'loss_fut': 0.42867, 'loss_mask': 0.28942, 'var': 0.00294, 'cov': 0.17969, 'std_mean': 1.04489, 'std_min': 0.95631, 'eff_rank': 30.49763, 'wait_s': 14.5911}
{'step': 83500, 'sec': 13055, 'loss': 0.91211, 'loss_fut': 0.42847, 'loss_mask': 0.29, 'var': 0.00298, 'cov': 0.17873, 'std_mean': 1.04039, 'std_min': 0.96704, 'eff_rank': 30.50551, 'wait_s': 14.591}
{'step': 84000, 'sec': 13133, 'loss': 0.90968, 'loss_fut': 0.42779, 'loss_mask': 0.28961, 'var': 0.0029, 'cov': 0.17778, 'std_mean': 1.04021, 'std_min': 0.95482, 'eff_rank': 30.56429, 'wait_s': 14.4559}
{'step': 84500, 'sec': 13211, 'loss': 0.91014, 'loss_fut': 0.42781, 'loss_mask': 0.28948, 'var': 0.00297, 'cov': 0.17802, 'std_mean': 1.0436, 'std_min': 0.97699, 'eff_rank': 30.50503, 'wait_s': 14.18169}
{'step': 85000, 'sec': 13288, 'loss': 0.91002, 'loss_fut': 0.42739, 'loss_mask': 0.29039, 'var': 0.00293, 'cov': 0.17758, 'std_mean': 1.04055, 'std_min': 0.9765, 'eff_rank': 30.5402, 'wait_s': 14.62374}
{'step': 85500, 'sec': 13366, 'loss': 0.91197, 'loss_fut': 0.42775, 'loss_mask': 0.29022, 'var': 0.00301, 'cov': 0.17896, 'std_mean': 1.04381, 'std_min': 0.96858, 'eff_rank': 30.55046, 'wait_s': 15.4043}
{'step': 86000, 'sec': 13444, 'loss': 0.91079, 'loss_fut': 0.42812, 'loss_mask': 0.28976, 'var': 0.00297, 'cov': 0.17807, 'std_mean': 1.04132, 'std_min': 0.93973, 'eff_rank': 30.50687, 'wait_s': 15.16738}
{'step': 86500, 'sec': 13522, 'loss': 0.91013, 'loss_fut': 0.42813, 'loss_mask': 0.2887, 'var': 0.00291, 'cov': 0.17875, 'std_mean': 1.04257, 'std_min': 0.89882, 'eff_rank': 30.60148, 'wait_s': 14.67119}
{'step': 87000, 'sec': 13600, 'loss': 0.91249, 'loss_fut': 0.42823, 'loss_mask': 0.28958, 'var': 0.00295, 'cov': 0.17994, 'std_mean': 1.04087, 'std_min': 0.96834, 'eff_rank': 30.48562, 'wait_s': 14.41123}
{'step': 87500, 'sec': 13678, 'loss': 0.9091, 'loss_fut': 0.42737, 'loss_mask': 0.28884, 'var': 0.00299, 'cov': 0.17795, 'std_mean': 1.04249, 'std_min': 0.94173, 'eff_rank': 30.52787, 'wait_s': 14.86865}
{'step': 88000, 'sec': 13757, 'loss': 0.90998, 'loss_fut': 0.42771, 'loss_mask': 0.2889, 'var': 0.00293, 'cov': 0.17874, 'std_mean': 1.04111, 'std_min': 0.97286, 'eff_rank': 30.51043, 'wait_s': 15.57076}
{'step': 88500, 'sec': 13836, 'loss': 0.90672, 'loss_fut': 0.42711, 'loss_mask': 0.28675, 'var': 0.00289, 'cov': 0.17838, 'std_mean': 1.04138, 'std_min': 0.95848, 'eff_rank': 30.5626, 'wait_s': 15.46356}
{'step': 89000, 'sec': 13916, 'loss': 0.9067, 'loss_fut': 0.42717, 'loss_mask': 0.28749, 'var': 0.00296, 'cov': 0.17727, 'std_mean': 1.04279, 'std_min': 0.99334, 'eff_rank': 30.51163, 'wait_s': 15.46844}
{'step': 89500, 'sec': 14026, 'loss': 0.90874, 'loss_fut': 0.42757, 'loss_mask': 0.28716, 'var': 0.00298, 'cov': 0.1791, 'std_mean': 1.0431, 'std_min': 0.97706, 'eff_rank': 30.53164, 'wait_s': 27.29766}
{'step': 90000, 'sec': 14196, 'loss': 0.90797, 'loss_fut': 0.42764, 'loss_mask': 0.28772, 'var': 0.00285, 'cov': 0.17837, 'std_mean': 1.04152, 'std_min': 0.98268, 'eff_rank': 30.50562, 'wait_s': 44.74232}
{'step': 90500, 'sec': 14449, 'loss': 0.90818, 'loss_fut': 0.42754, 'loss_mask': 0.28798, 'var': 0.00293, 'cov': 0.17802, 'std_mean': 1.04375, 'std_min': 0.98194, 'eff_rank': 30.50827, 'wait_s': 70.2357}
{'step': 91000, 'sec': 14752, 'loss': 0.90844, 'loss_fut': 0.4275, 'loss_mask': 0.28821, 'var': 0.00286, 'cov': 0.17845, 'std_mean': 1.04297, 'std_min': 0.96829, 'eff_rank': 30.51946, 'wait_s': 90.13531}
{'step': 91500, 'sec': 15029, 'loss': 0.90732, 'loss_fut': 0.42719, 'loss_mask': 0.28739, 'var': 0.00296, 'cov': 0.17793, 'std_mean': 1.04173, 'std_min': 0.91437, 'eff_rank': 30.52166, 'wait_s': 78.31947}
{'step': 92000, 'sec': 15335, 'loss': 0.90767, 'loss_fut': 0.42692, 'loss_mask': 0.2876, 'var': 0.003, 'cov': 0.17818, 'std_mean': 1.03569, 'std_min': 0.90428, 'eff_rank': 30.42754, 'wait_s': 89.83876}
{'step': 92500, 'sec': 15632, 'loss': 0.90744, 'loss_fut': 0.42705, 'loss_mask': 0.28763, 'var': 0.003, 'cov': 0.17778, 'std_mean': 1.0408, 'std_min': 0.94298, 'eff_rank': 30.51035, 'wait_s': 85.30341}
{'step': 93000, 'sec': 15944, 'loss': 0.90798, 'loss_fut': 0.42708, 'loss_mask': 0.2881, 'var': 0.00294, 'cov': 0.17812, 'std_mean': 1.03826, 'std_min': 0.92108, 'eff_rank': 30.48666, 'wait_s': 90.75061}
{'step': 93500, 'sec': 16191, 'loss': 0.9066, 'loss_fut': 0.42739, 'loss_mask': 0.28722, 'var': 0.00284, 'cov': 0.17779, 'std_mean': 1.04308, 'std_min': 0.94603, 'eff_rank': 30.57057, 'wait_s': 63.80668}
{'step': 94000, 'sec': 16428, 'loss': 0.90734, 'loss_fut': 0.4276, 'loss_mask': 0.28805, 'var': 0.00287, 'cov': 0.17733, 'std_mean': 1.04023, 'std_min': 0.97084, 'eff_rank': 30.49727, 'wait_s': 62.16977}
{'step': 94500, 'sec': 16663, 'loss': 0.90699, 'loss_fut': 0.42792, 'loss_mask': 0.28679, 'var': 0.00292, 'cov': 0.17766, 'std_mean': 1.03978, 'std_min': 0.96286, 'eff_rank': 30.42543, 'wait_s': 59.95086}
{'step': 95000, 'sec': 16897, 'loss': 0.90745, 'loss_fut': 0.4275, 'loss_mask': 0.28713, 'var': 0.00293, 'cov': 0.17819, 'std_mean': 1.04441, 'std_min': 0.98152, 'eff_rank': 30.59642, 'wait_s': 59.20175}
{'step': 95500, 'sec': 17111, 'loss': 0.90726, 'loss_fut': 0.42793, 'loss_mask': 0.28718, 'var': 0.00303, 'cov': 0.17701, 'std_mean': 1.03943, 'std_min': 0.91805, 'eff_rank': 30.52971, 'wait_s': 55.47294}
{'step': 96000, 'sec': 17333, 'loss': 0.90612, 'loss_fut': 0.4275, 'loss_mask': 0.28626, 'var': 0.00293, 'cov': 0.17771, 'std_mean': 1.03923, 'std_min': 0.96358, 'eff_rank': 30.53314, 'wait_s': 55.52653}
{'step': 96500, 'sec': 17556, 'loss': 0.90549, 'loss_fut': 0.42662, 'loss_mask': 0.28607, 'var': 0.00292, 'cov': 0.17821, 'std_mean': 1.04292, 'std_min': 0.96833, 'eff_rank': 30.51106, 'wait_s': 56.48085}
{'step': 97000, 'sec': 17784, 'loss': 0.9064, 'loss_fut': 0.4272, 'loss_mask': 0.2868, 'var': 0.00293, 'cov': 0.17774, 'std_mean': 1.04021, 'std_min': 0.9799, 'eff_rank': 30.52849, 'wait_s': 60.71537}
{'step': 97500, 'sec': 18005, 'loss': 0.90536, 'loss_fut': 0.42714, 'loss_mask': 0.28557, 'var': 0.00291, 'cov': 0.17808, 'std_mean': 1.03996, 'std_min': 0.94017, 'eff_rank': 30.56433, 'wait_s': 58.47367}
{'step': 98000, 'sec': 18236, 'loss': 0.90453, 'loss_fut': 0.42642, 'loss_mask': 0.2852, 'var': 0.00292, 'cov': 0.17832, 'std_mean': 1.0425, 'std_min': 0.9775, 'eff_rank': 30.5703, 'wait_s': 66.48888}
{'step': 98500, 'sec': 18462, 'loss': 0.90392, 'loss_fut': 0.42673, 'loss_mask': 0.28563, 'var': 0.00286, 'cov': 0.17724, 'std_mean': 1.04023, 'std_min': 0.96251, 'eff_rank': 30.5715, 'wait_s': 51.87394}
{'step': 99000, 'sec': 18689, 'loss': 0.90535, 'loss_fut': 0.42681, 'loss_mask': 0.28533, 'var': 0.00298, 'cov': 0.17832, 'std_mean': 1.04335, 'std_min': 0.96882, 'eff_rank': 30.53843, 'wait_s': 55.935}
{'step': 99500, 'sec': 18920, 'loss': 0.90554, 'loss_fut': 0.42672, 'loss_mask': 0.28654, 'var': 0.00288, 'cov': 0.1779, 'std_mean': 1.04305, 'std_min': 0.97665, 'eff_rank': 30.51579, 'wait_s': 55.32133}
{'step': 100000, 'sec': 19148, 'loss': 0.90427, 'loss_fut': 0.4267, 'loss_mask': 0.28573, 'var': 0.00299, 'cov': 0.17691, 'std_mean': 1.03967, 'std_min': 0.97001, 'eff_rank': 30.48457, 'wait_s': 54.58478}
{'step': 100500, 'sec': 19365, 'loss': 0.90405, 'loss_fut': 0.42685, 'loss_mask': 0.28577, 'var': 0.0028, 'cov': 0.17743, 'std_mean': 1.03856, 'std_min': 0.95129, 'eff_rank': 30.53204, 'wait_s': 57.81878}
{'step': 101000, 'sec': 19565, 'loss': 0.90408, 'loss_fut': 0.4264, 'loss_mask': 0.28596, 'var': 0.00297, 'cov': 0.17685, 'std_mean': 1.04067, 'std_min': 0.98454, 'eff_rank': 30.53442, 'wait_s': 53.99074}
{'step': 101500, 'sec': 19773, 'loss': 0.90341, 'loss_fut': 0.42648, 'loss_mask': 0.28534, 'var': 0.00284, 'cov': 0.17737, 'std_mean': 1.0382, 'std_min': 0.95539, 'eff_rank': 30.54537, 'wait_s': 55.59605}
{'step': 102000, 'sec': 19985, 'loss': 0.9033, 'loss_fut': 0.42661, 'loss_mask': 0.28438, 'var': 0.00291, 'cov': 0.17775, 'std_mean': 1.04108, 'std_min': 0.97126, 'eff_rank': 30.52937, 'wait_s': 56.68442}
{'step': 102500, 'sec': 20188, 'loss': 0.90332, 'loss_fut': 0.42602, 'loss_mask': 0.28574, 'var': 0.00293, 'cov': 0.17689, 'std_mean': 1.04145, 'std_min': 0.96052, 'eff_rank': 30.54564, 'wait_s': 54.12417}
{'step': 103000, 'sec': 20398, 'loss': 0.90563, 'loss_fut': 0.42618, 'loss_mask': 0.28553, 'var': 0.00297, 'cov': 0.17907, 'std_mean': 1.04205, 'std_min': 0.97284, 'eff_rank': 30.52629, 'wait_s': 55.03616}
{'step': 103500, 'sec': 20603, 'loss': 0.90388, 'loss_fut': 0.42615, 'loss_mask': 0.28528, 'var': 0.00287, 'cov': 0.17809, 'std_mean': 1.04205, 'std_min': 0.96802, 'eff_rank': 30.48855, 'wait_s': 53.53007}
{'step': 104000, 'sec': 20814, 'loss': 0.90311, 'loss_fut': 0.42608, 'loss_mask': 0.2854, 'var': 0.00288, 'cov': 0.17722, 'std_mean': 1.04346, 'std_min': 0.97839, 'eff_rank': 30.4582, 'wait_s': 57.8549}
{'step': 104500, 'sec': 21018, 'loss': 0.9033, 'loss_fut': 0.42636, 'loss_mask': 0.2847, 'var': 0.00291, 'cov': 0.17767, 'std_mean': 1.04457, 'std_min': 0.9546, 'eff_rank': 30.48618, 'wait_s': 53.18834}
{'step': 105000, 'sec': 21229, 'loss': 0.90203, 'loss_fut': 0.42628, 'loss_mask': 0.28504, 'var': 0.0028, 'cov': 0.17672, 'std_mean': 1.03952, 'std_min': 0.96259, 'eff_rank': 30.47471, 'wait_s': 56.84404}
{'step': 105500, 'sec': 21431, 'loss': 0.90231, 'loss_fut': 0.42639, 'loss_mask': 0.28571, 'var': 0.00291, 'cov': 0.17566, 'std_mean': 1.04204, 'std_min': 0.96376, 'eff_rank': 30.46517, 'wait_s': 50.20005}
{'step': 106000, 'sec': 21657, 'loss': 0.90385, 'loss_fut': 0.42671, 'loss_mask': 0.28541, 'var': 0.00291, 'cov': 0.17718, 'std_mean': 1.04225, 'std_min': 0.9125, 'eff_rank': 30.53849, 'wait_s': 60.58854}
{'step': 106500, 'sec': 21887, 'loss': 0.90312, 'loss_fut': 0.42693, 'loss_mask': 0.28536, 'var': 0.00283, 'cov': 0.17669, 'std_mean': 1.04127, 'std_min': 0.93221, 'eff_rank': 30.5202, 'wait_s': 60.73879}
{'step': 107000, 'sec': 22117, 'loss': 0.9035, 'loss_fut': 0.42695, 'loss_mask': 0.28547, 'var': 0.00293, 'cov': 0.17643, 'std_mean': 1.04027, 'std_min': 0.94125, 'eff_rank': 30.56197, 'wait_s': 61.38597}
{'step': 107500, 'sec': 22349, 'loss': 0.90397, 'loss_fut': 0.42639, 'loss_mask': 0.28565, 'var': 0.00292, 'cov': 0.17734, 'std_mean': 1.03812, 'std_min': 0.97743, 'eff_rank': 30.53739, 'wait_s': 61.1513}
{'step': 108000, 'sec': 22578, 'loss': 0.9007, 'loss_fut': 0.4258, 'loss_mask': 0.28531, 'var': 0.00285, 'cov': 0.17536, 'std_mean': 1.03823, 'std_min': 0.95733, 'eff_rank': 30.53333, 'wait_s': 58.28603}
{'step': 108500, 'sec': 22804, 'loss': 0.90135, 'loss_fut': 0.42606, 'loss_mask': 0.2843, 'var': 0.00287, 'cov': 0.17665, 'std_mean': 1.04005, 'std_min': 0.94451, 'eff_rank': 30.51673, 'wait_s': 63.1826}
{'step': 109000, 'sec': 23039, 'loss': 0.90236, 'loss_fut': 0.42594, 'loss_mask': 0.28527, 'var': 0.00297, 'cov': 0.1763, 'std_mean': 1.04187, 'std_min': 0.9673, 'eff_rank': 30.56107, 'wait_s': 56.99299}
{'step': 109500, 'sec': 23271, 'loss': 0.90183, 'loss_fut': 0.42627, 'loss_mask': 0.28405, 'var': 0.00286, 'cov': 0.17719, 'std_mean': 1.03986, 'std_min': 0.95873, 'eff_rank': 30.51659, 'wait_s': 56.15452}
{'step': 110000, 'sec': 23497, 'loss': 0.90231, 'loss_fut': 0.42576, 'loss_mask': 0.28488, 'var': 0.00298, 'cov': 0.17678, 'std_mean': 1.04152, 'std_min': 0.94152, 'eff_rank': 30.57389, 'wait_s': 59.33811}
{'step': 110500, 'sec': 23729, 'loss': 0.90145, 'loss_fut': 0.42574, 'loss_mask': 0.28428, 'var': 0.00289, 'cov': 0.177, 'std_mean': 1.04008, 'std_min': 0.95872, 'eff_rank': 30.53924, 'wait_s': 60.02612}
{'step': 111000, 'sec': 23955, 'loss': 0.90355, 'loss_fut': 0.4258, 'loss_mask': 0.2855, 'var': 0.00293, 'cov': 0.17759, 'std_mean': 1.04256, 'std_min': 0.98003, 'eff_rank': 30.51045, 'wait_s': 57.83002}
{'step': 111500, 'sec': 24187, 'loss': 0.90282, 'loss_fut': 0.42591, 'loss_mask': 0.28407, 'var': 0.00297, 'cov': 0.17799, 'std_mean': 1.04378, 'std_min': 0.9858, 'eff_rank': 30.51715, 'wait_s': 61.58493}
{'step': 112000, 'sec': 24398, 'loss': 0.90275, 'loss_fut': 0.42599, 'loss_mask': 0.2843, 'var': 0.00289, 'cov': 0.17799, 'std_mean': 1.0415, 'std_min': 0.90147, 'eff_rank': 30.50245, 'wait_s': 53.67063}
{'step': 112500, 'sec': 24605, 'loss': 0.90285, 'loss_fut': 0.42585, 'loss_mask': 0.28563, 'var': 0.00288, 'cov': 0.17699, 'std_mean': 1.04412, 'std_min': 0.95487, 'eff_rank': 30.56033, 'wait_s': 52.61533}
{'step': 113000, 'sec': 24809, 'loss': 0.90236, 'loss_fut': 0.42596, 'loss_mask': 0.28474, 'var': 0.0029, 'cov': 0.17716, 'std_mean': 1.04098, 'std_min': 0.96146, 'eff_rank': 30.56468, 'wait_s': 51.63058}
{'step': 113500, 'sec': 25013, 'loss': 0.90183, 'loss_fut': 0.42595, 'loss_mask': 0.28386, 'var': 0.00289, 'cov': 0.17755, 'std_mean': 1.04045, 'std_min': 0.9439, 'eff_rank': 30.5601, 'wait_s': 50.67721}
{'step': 114000, 'sec': 25221, 'loss': 0.90369, 'loss_fut': 0.42591, 'loss_mask': 0.28513, 'var': 0.00288, 'cov': 0.17827, 'std_mean': 1.04162, 'std_min': 0.95446, 'eff_rank': 30.53705, 'wait_s': 52.82161}
{'step': 114500, 'sec': 25429, 'loss': 0.90123, 'loss_fut': 0.42602, 'loss_mask': 0.28418, 'var': 0.0029, 'cov': 0.17652, 'std_mean': 1.04136, 'std_min': 0.93607, 'eff_rank': 30.44429, 'wait_s': 52.42753}
{'step': 115000, 'sec': 25640, 'loss': 0.90169, 'loss_fut': 0.42584, 'loss_mask': 0.28388, 'var': 0.00292, 'cov': 0.17738, 'std_mean': 1.04093, 'std_min': 0.94138, 'eff_rank': 30.44432, 'wait_s': 53.00163}
{'step': 115500, 'sec': 25852, 'loss': 0.9029, 'loss_fut': 0.4263, 'loss_mask': 0.28464, 'var': 0.00298, 'cov': 0.17707, 'std_mean': 1.04064, 'std_min': 0.94966, 'eff_rank': 30.4642, 'wait_s': 54.88284}
{'step': 116000, 'sec': 26059, 'loss': 0.90008, 'loss_fut': 0.42611, 'loss_mask': 0.28346, 'var': 0.00293, 'cov': 0.17586, 'std_mean': 1.04144, 'std_min': 0.97879, 'eff_rank': 30.59208, 'wait_s': 52.97239}
{'step': 116500, 'sec': 26267, 'loss': 0.90028, 'loss_fut': 0.42573, 'loss_mask': 0.28329, 'var': 0.00289, 'cov': 0.17678, 'std_mean': 1.04258, 'std_min': 0.97168, 'eff_rank': 30.51654, 'wait_s': 51.90316}
{'step': 117000, 'sec': 26481, 'loss': 0.90065, 'loss_fut': 0.42536, 'loss_mask': 0.28386, 'var': 0.00291, 'cov': 0.17689, 'std_mean': 1.04222, 'std_min': 0.95299, 'eff_rank': 30.53986, 'wait_s': 54.33802}
{'step': 117500, 'sec': 26676, 'loss': 0.90108, 'loss_fut': 0.42549, 'loss_mask': 0.28417, 'var': 0.00286, 'cov': 0.17712, 'std_mean': 1.04246, 'std_min': 0.95717, 'eff_rank': 30.55787, 'wait_s': 49.36764}
{'step': 118000, 'sec': 26899, 'loss': 0.90109, 'loss_fut': 0.42571, 'loss_mask': 0.28422, 'var': 0.0029, 'cov': 0.17668, 'std_mean': 1.04086, 'std_min': 0.97235, 'eff_rank': 30.49235, 'wait_s': 58.79725}
{'step': 118500, 'sec': 27123, 'loss': 0.9014, 'loss_fut': 0.42559, 'loss_mask': 0.28455, 'var': 0.0029, 'cov': 0.17678, 'std_mean': 1.04096, 'std_min': 0.97443, 'eff_rank': 30.52786, 'wait_s': 56.84402}
{'step': 119000, 'sec': 27353, 'loss': 0.90027, 'loss_fut': 0.42606, 'loss_mask': 0.28324, 'var': 0.00294, 'cov': 0.17625, 'std_mean': 1.04005, 'std_min': 0.94538, 'eff_rank': 30.58133, 'wait_s': 59.46172}
{'step': 119500, 'sec': 27585, 'loss': 0.90064, 'loss_fut': 0.4256, 'loss_mask': 0.28437, 'var': 0.0028, 'cov': 0.17664, 'std_mean': 1.04314, 'std_min': 0.97152, 'eff_rank': 30.48545, 'wait_s': 60.94452}
{'step': 120000, 'sec': 27819, 'loss': 0.90086, 'loss_fut': 0.42594, 'loss_mask': 0.28384, 'var': 0.00292, 'cov': 0.17646, 'std_mean': 1.04184, 'std_min': 0.97455, 'eff_rank': 30.54565, 'wait_s': 59.36332}
saved 120000 steps 27819 s
