Training on /physical_device:GPU:0
Starting enhanced model training with extended trend features...
Dataset length after cleaning: 43500
Date range after cleaning: 2025-10-11 02:30:00+00:00 to 2025-11-10 07:29:00+00:00
Sequences with extended trends: (43421, 60), (43421, 3), Extended: (43421, 3)
[INFO] Dataset Statistics:
   Total sequences: 43421
   Train sequences: 15741 (batches/epoch: 62)
   Val sequences:   2866   Cal sequences: 2866   (purge gap: 80 sequences, fold 3)
   Test sequences:  7236 (batches: 29)
Training for 1 epochs...
Epoch 0: Indicator params logged to runs\experiments\nt074_gpu_check\baseline\20261001T060645Z-d71e3b4-3afcfb38-base_r1\indicator_params_history.csv

=== Indicator Learning Summary ===
Total epochs tracked: 1
Parameters logged per epoch: ~430
CSV saved to: runs\experiments\nt074_gpu_check\baseline\20261001T060645Z-d71e3b4-3afcfb38-base_r1\indicator_params_history.csv
Serving the weights of epoch 1 of 1 (val_loss 9.5906): best validation epoch, restored after training (EarlyStopping did not stop the run: 1 epochs ran)
model_checkpoint wrote the best-on-validation weights to runs\experiments\nt074_gpu_check\baseline\20261001T060645Z-d71e3b4-3afcfb38-base_r1\weights.h5
Evaluating enhanced model...

[Diagnostic: Prediction Statistics]
  h0(10min): pred_mean=17.405878, true_mean=-2.280297 | pred_std=34.530338, true_std=211.386185
         pred_range=[-80.578598, 113.247528], true_range=[-2006.226562, 1990.078125]
  h1(15min): pred_mean=-6.553914, true_mean=-3.604799 | pred_std=34.904163, true_std=250.176544
         pred_range=[-139.522507, 89.486206], true_range=[-1983.726562, 1894.085938]
  h2(20min): pred_mean=5.316303, true_mean=-4.940985 | pred_std=73.832481, true_std=285.844147
         pred_range=[-147.571014, 230.976028], true_range=[-2265.968750, 2019.500000]

Fitting CalibrationPipeline on the calibration split...
CalibrationPipeline: fitting on 2866 samples

[1/2] Temperature scaling (direction heads)...
  TemperatureScaler [h0]: T = 1.9911
  TemperatureScaler [h1]: T = 1.7305
  TemperatureScaler [h2]: T = 1.4096
Delta shrinkage (least-squares scale of the price heads on this block): h0 0.000, h1 0.421, h2 0.000

[2/2] Conformal regressors (price delta intervals, scale=realized_vol)...
ConformalRegressor: fitted on 2866 samples, median score = 0.5884
  [h0] coverage @ alpha=0.10: 0.901 (target >= 0.90),  mean half-width 190.94 raw units
ConformalRegressor: fitted on 2866 samples, median score = 0.5799
  [h1] coverage @ alpha=0.10: 0.901 (target >= 0.90),  mean half-width 223.80 raw units
ConformalRegressor: fitted on 2866 samples, median score = 0.5708
  [h2] coverage @ alpha=0.10: 0.901 (target >= 0.90),  mean half-width 250.39 raw units

CalibrationPipeline: fitting complete.
  [test] h0: conformal coverage@90 = 0.880 (target >= 0.90), mean width = 584.96 raw units, T = 1.991
  [test] h1: conformal coverage@90 = 0.868 (target >= 0.90), mean width = 685.61 raw units, T = 1.731
  [test] h2: conformal coverage@90 = 0.852 (target >= 0.90), mean width = 767.06 raw units, T = 1.410
TemperatureScaler saved to runs\experiments\nt074_gpu_check\baseline\20261001T060645Z-d71e3b4-3afcfb38-base_r1\artifacts\calibration\temperature_params.json
ConformalRegressor saved to runs\experiments\nt074_gpu_check\baseline\20261001T060645Z-d71e3b4-3afcfb38-base_r1\artifacts\calibration\conformal_h0.joblib
ConformalRegressor saved to runs\experiments\nt074_gpu_check\baseline\20261001T060645Z-d71e3b4-3afcfb38-base_r1\artifacts\calibration\conformal_h1.joblib
ConformalRegressor saved to runs\experiments\nt074_gpu_check\baseline\20261001T060645Z-d71e3b4-3afcfb38-base_r1\artifacts\calibration\conformal_h2.joblib
CalibrationPipeline saved to 'runs\experiments\nt074_gpu_check\baseline\20261001T060645Z-d71e3b4-3afcfb38-base_r1\artifacts\calibration/'
Artifact bundle written to runs\experiments\nt074_gpu_check\baseline\20261001T060645Z-d71e3b4-3afcfb38-base_r1\artifacts
{"run_dir": "runs\\experiments\\nt074_gpu_check\\baseline\\20261001T060645Z-d71e3b4-3afcfb38-base_r1", "wall_s": 68.59788969997317, "deterministic": true}
