2026-10-11 01:57:08.206736: W tensorflow/stream_executor/platform/default/dso_loader.cc:64] Could not load dynamic library 'cudart64_110.dll'; dlerror: cudart64_110.dll not found
2026-10-11 01:57:08.206784: I tensorflow/stream_executor/cuda/cudart_stub.cc:29] Ignore above cudart dlerror if you do not have a GPU set up on your machine.
2026-10-11 01:57:10.116123: E tensorflow/stream_executor/cuda/cuda_driver.cc:265] failed call to cuInit: CUDA_ERROR_NO_DEVICE: no CUDA-capable device is detected
2026-10-11 01:57:10.117540: I tensorflow/stream_executor/cuda/cuda_diagnostics.cc:169] retrieving CUDA diagnostic information for host: WS028-STP
2026-10-11 01:57:10.117586: I tensorflow/stream_executor/cuda/cuda_diagnostics.cc:176] hostname: WS028-STP
2026-10-11 01:57:10.117806: I tensorflow/core/platform/cpu_feature_guard.cc:193] This TensorFlow binary is optimized with oneAPI Deep Neural Network Library (oneDNN) to use the following CPU instructions in performance-critical operations:  AVX AVX2
To enable them in other operations, rebuild TensorFlow with the appropriate compiler flags.
anchors 473169 (2020-01-01..2024-06-30), embeddings ['s1_120k', 's0_120k', 'c30ref'], prep 71s
fold 0 test 2021-05-07..2021-09-28: primary +1.62bps/0.542 | m:a +1.13bps/0.540 | g:a +1.90bps/0.547 | g:b +1.70bps/0.547 | g:c:s1_120k +1.56bps/0.539 | g:d:s1_120k +1.60bps/0.539 | g:c:s0_120k +1.91bps/0.548 | g:d:s0_120k +1.73bps/0.544 | g:c:c30ref +1.26bps/0.539 | g:d:c30ref +1.45bps/0.542
fold 1 test 2021-09-28..2022-02-19: primary +0.44bps/0.533 | m:a +0.87bps/0.536 | g:a +1.15bps/0.541 | g:b +1.15bps/0.541 | g:c:s1_120k +1.06bps/0.544 | g:d:s1_120k +0.88bps/0.542 | g:c:s0_120k +0.69bps/0.537 | g:d:s0_120k +0.80bps/0.539 | g:c:c30ref +1.26bps/0.545 | g:d:c30ref +1.29bps/0.552
fold 2 test 2022-02-19..2022-07-13: primary +1.80bps/0.549 | m:a +2.30bps/0.563 | g:a +1.56bps/0.553 | g:b +1.79bps/0.560 | g:c:s1_120k +1.29bps/0.553 | g:d:s1_120k +1.46bps/0.558 | g:c:s0_120k +1.60bps/0.559 | g:d:s0_120k +1.56bps/0.559 | g:c:c30ref +1.55bps/0.560 | g:d:c30ref +1.44bps/0.561
fold 3 test 2022-07-13..2022-12-03: primary +0.49bps/0.533 | m:a +0.32bps/0.528 | g:a +1.24bps/0.544 | g:b +1.02bps/0.537 | g:c:s1_120k +1.16bps/0.538 | g:d:s1_120k +1.39bps/0.547 | g:c:s0_120k +0.90bps/0.544 | g:d:s0_120k +0.78bps/0.539 | g:c:c30ref +0.99bps/0.538 | g:d:c30ref +0.67bps/0.528
fold 4 test 2022-12-03..2023-04-26: primary +0.39bps/0.532 | m:a +0.08bps/0.531 | g:a +0.73bps/0.534 | g:b +0.57bps/0.529 | g:c:s1_120k +0.55bps/0.526 | g:d:s1_120k +0.73bps/0.532 | g:c:s0_120k +0.69bps/0.535 | g:d:s0_120k +0.72bps/0.526 | g:c:c30ref +0.76bps/0.528 | g:d:c30ref +0.57bps/0.525
fold 5 test 2023-04-26..2023-09-17: primary +0.46bps/0.526 | m:a +0.69bps/0.549 | g:a +0.60bps/0.531 | g:b +0.45bps/0.526 | g:c:s1_120k +0.46bps/0.532 | g:d:s1_120k +0.44bps/0.526 | g:c:s0_120k +0.39bps/0.529 | g:d:s0_120k +0.49bps/0.532 | g:c:c30ref +0.44bps/0.531 | g:d:c30ref +0.39bps/0.529
fold 6 test 2023-09-17..2024-02-08: primary +0.88bps/0.532 | m:a +0.80bps/0.517 | g:a +0.32bps/0.512 | g:b +0.37bps/0.512 | g:c:s1_120k +0.39bps/0.516 | g:d:s1_120k +0.40bps/0.516 | g:c:s0_120k +0.65bps/0.526 | g:d:s0_120k +0.36bps/0.521 | g:c:c30ref +0.24bps/0.515 | g:d:c30ref +0.22bps/0.518
fold 7 test 2024-02-08..2024-06-30: primary +0.73bps/0.540 | m:a -0.33bps/0.515 | g:a +0.17bps/0.534 | g:b +0.41bps/0.536 | g:c:s1_120k +0.35bps/0.536 | g:d:s1_120k +0.17bps/0.528 | g:c:s0_120k -0.02bps/0.525 | g:d:s0_120k +0.24bps/0.528 | g:c:c30ref +0.47bps/0.536 | g:d:c30ref +0.14bps/0.530
SUMMARY (mean over 8 folds [95% t-CI]): key | trades/day | hit | bps | null95 | excess | paired vs a (bps / hit / excess)
primary      |   20.9 | 0.5358 | +0.85 [+0.39,+1.32] | +0.86 | -0.01 [-0.28,+0.27] | -
all          |  288.0 | 0.5127 | +0.28 [-0.02,+0.58] | +0.18 | +0.09 [-0.19,+0.38] | -
m:a          |   26.1 | 0.5348 | +0.73 [+0.08,+1.39] | +0.71 | +0.03 [-0.51,+0.57] | -
g:a          |   32.2 | 0.5370 | +0.96 [+0.45,+1.47] | +0.46 | +0.50 [+0.05,+0.95] | -
m:b          |   26.9 | 0.5332 | +0.63 [+0.06,+1.19] | +0.62 | +0.00 [-0.50,+0.50] | -0.11 [-0.26,+0.04] / -0.0016 / -0.02 [-0.16,+0.11]
g:b          |   32.8 | 0.5359 | +0.93 [+0.45,+1.42] | +0.43 | +0.50 [+0.06,+0.94] | -0.03 [-0.18,+0.13] / -0.0011 / -0.00 [-0.16,+0.16]
m:c:s1_120k  |   27.0 | 0.5350 | +0.75 [+0.29,+1.21] | +0.80 | -0.05 [-0.65,+0.55] | +0.02 [-0.62,+0.65] / +0.0002 / -0.08 [-0.63,+0.47]
g:c:s1_120k  |   31.7 | 0.5353 | +0.85 [+0.46,+1.25] | +0.49 | +0.36 [-0.01,+0.73] | -0.11 [-0.25,+0.04] / -0.0016 / -0.14 [-0.28,-0.00]
m:d:s1_120k  |   27.4 | 0.5345 | +0.73 [+0.31,+1.14] | +0.68 | +0.04 [-0.43,+0.51] | -0.01 [-0.47,+0.45] / -0.0003 / +0.02 [-0.31,+0.34]
g:d:s1_120k  |   32.5 | 0.5360 | +0.88 [+0.43,+1.34] | +0.45 | +0.44 [+0.04,+0.84] | -0.08 [-0.21,+0.06] / -0.0010 / -0.06 [-0.20,+0.07]
m:c:s0_120k  |   27.0 | 0.5306 | +0.53 [-0.14,+1.21] | +0.74 | -0.20 [-1.00,+0.59] | -0.20 [-0.67,+0.27] / -0.0042 / -0.23 [-0.76,+0.29]
g:c:s0_120k  |   31.1 | 0.5378 | +0.85 [+0.33,+1.38] | +0.49 | +0.36 [-0.12,+0.84] | -0.11 [-0.31,+0.10] / +0.0008 / -0.14 [-0.35,+0.07]
m:d:s0_120k  |   27.4 | 0.5325 | +0.57 [+0.07,+1.08] | +0.68 | -0.11 [-0.67,+0.46] | -0.16 [-0.57,+0.24] / -0.0023 / -0.13 [-0.45,+0.18]
g:d:s0_120k  |   31.6 | 0.5359 | +0.83 [+0.38,+1.29] | +0.47 | +0.37 [-0.02,+0.76] | -0.12 [-0.28,+0.03] / -0.0011 / -0.13 [-0.32,+0.05]
m:c:c30ref   |   26.9 | 0.5339 | +0.78 [+0.28,+1.28] | +0.74 | +0.04 [-0.53,+0.60] | +0.05 [-0.42,+0.52] / -0.0009 / +0.01 [-0.45,+0.47]
g:c:c30ref   |   31.5 | 0.5364 | +0.87 [+0.48,+1.26] | +0.51 | +0.36 [+0.03,+0.69] | -0.09 [-0.32,+0.14] / -0.0005 / -0.14 [-0.37,+0.09]
m:d:c30ref   |   27.3 | 0.5350 | +0.73 [+0.22,+1.25] | +0.67 | +0.06 [-0.47,+0.58] | -0.00 [-0.43,+0.43] / +0.0002 / +0.03 [-0.35,+0.42]
g:d:c30ref   |   31.6 | 0.5354 | +0.77 [+0.32,+1.23] | +0.46 | +0.32 [-0.12,+0.75] | -0.19 [-0.38,+0.00] / -0.0016 / -0.19 [-0.37,-0.00]
