20478f3e06c82532683fb4a6e151978af5e9b075
bringing up nodes...
bringing up nodes...

........................................................................ [  2%]
........................................................................ [  5%]
........................................................................ [  8%]
........................................................................ [ 11%]
........................................................................ [ 14%]
........................................................................ [ 17%]
........................................................................ [ 20%]
........................................................................ [ 23%]
........................................................................ [ 26%]
........................................................................ [ 29%]
........................................................................ [ 32%]
........................................................................ [ 35%]
........................................................................ [ 38%]
........................................................................ [ 41%]
........................................................................ [ 44%]
........................................................................ [ 47%]
........................................................................ [ 50%]
........................................................................ [ 52%]
........................................................................ [ 55%]
........................................................................ [ 58%]
........................................................................ [ 61%]
........................................................................ [ 64%]
........................................................................ [ 67%]
........................................................................ [ 70%]
..............................................s......................... [ 73%]
........................................................................ [ 76%]
........................................................................ [ 79%]
........................................................................ [ 82%]
........................................................................ [ 85%]
........................................................................ [ 88%]
........................................................................ [ 91%]
........................................................................ [ 94%]
........................................................................ [ 97%]
........................................................................ [100%]
============================== warnings summary ===============================
tests/registries/test_callbacks.py: 30 warnings
tests/registries/test_contracts.py: 48 warnings
tests/registries/test_layers.py: 1 warning
tests/registries/test_metrics.py: 10 warnings
tests/test_deterministic_gru.py: 500 warnings
tests/registries/test_models.py: 142 warnings
tests/test_calib_fail_loud.py: 144 warnings
tests/test_applied_periods.py: 336 warnings
tests/test_direction_readout.py: 10 warnings
tests/test_attention_head_pool.py: 1015 warnings
tests/test_epoch_metrics.py: 40 warnings
tests/test_calib_gradient_mode.py: 245 warnings
tests/test_eval_metrics.py: 141 warnings
tests/test_macd_ratio.py: 144 warnings
tests/test_calib_zero_weights.py: 288 warnings
tests/test_model_variants.py: 408 warnings
tests/test_custom_loss.py: 320 warnings
tests/test_frozen_twin.py: 240 warnings
tests/test_calibration_pass.py: 96 warnings
tests/test_indicator_families.py: 96 warnings
tests/test_losses_reference.py: 20 warnings
tests/test_pnl_utility.py: 280 warnings
tests/test_ohlcv_input.py: 192 warnings
tests/test_reset.py: 16 warnings
tests/test_permutation_importance.py: 8 warnings
tests/test_physics_terms_bounded.py: 90 warnings
tests/test_served_epoch.py: 49 warnings
tests/test_stability.py: 284 warnings
tests/test_legacy_bundle.py: 48 warnings
tests/test_stability_harness.py: 40 warnings
tests/test_nt033_baselines.py: 96 warnings
tests/test_telemetry.py: 20 warnings
tests/test_train_smoke.py: 192 warnings
tests/test_training_wiring.py: 40 warnings
  C:\Users\Step\miniforge3\envs\nt\lib\random.py:370: DeprecationWarning: non-integer arguments to randrange() have been deprecated since Python 3.10 and will be removed in a subsequent version
    return self.randrange(a, b+1)

tests/test_config.py::test_values_from_yaml_or_the_cli_are_coerced_to_the_field_type
  D:\nt\nt_wt_124\src\neural_trade\core\config.py:1063: DeprecationWarning: Config.USE_HUBER is deprecated and has no effect (default True)
    self.validate()

tests/test_control_panel.py::test_comparing_two_rows_draws_every_metric_per_horizon_with_both_spreads
tests/test_control_panel.py::test_the_comparison_view_is_built_with_the_top_two_rows_and_a_compare_button
tests/test_control_panel.py::test_the_comparison_view_is_built_with_the_top_two_rows_and_a_compare_button
tests/test_control_panel.py::test_executing_the_notebook_on_a_store_with_a_sweep_shows_it_and_still_launches_nothing
tests/test_control_panel_repair.py::test_viewing_a_verdict_and_executing_the_notebook_write_nothing_into_the_store
tests/test_control_panel_repair.py::test_viewing_a_verdict_and_executing_the_notebook_write_nothing_into_the_store
tests/test_control_panel_repair.py::test_concurrent_refreshes_from_several_threads_do_not_collide_and_the_sync_flag_is_per_thread
tests/test_control_panel_repair2.py::test_a_real_zero_beta_cell_shows_n_a_for_every_constant_statistic
  D:\nt\nt_wt_124\src\neural_trade\notebook\panel_compare.py:520: FutureWarning: DataFrame.applymap has been deprecated. Use DataFrame.map instead.
    return df.applymap(cell).to_html(max_rows=None, classes="nt-scores")

tests/test_frozen_twin.py::test_one_epoch_cpu_run_leaves_every_applied_period_at_its_configured_value
  C:\Users\Step\miniforge3\envs\nt\lib\site-packages\tensorflow\python\data\ops\structured_function.py:264: UserWarning: Even though the `tf.config.experimental_run_functions_eagerly` option is set, this option does not apply to tf.data functions. To force eager execution of tf.data functions, please use `tf.data.experimental.enable_debug_mode()`.
    warnings.warn(

-- Docs: https://docs.pytest.org/en/stable/how-to/capture-warnings.html
=========================== short test summary info ===========================
SKIPPED [1] tests\test_nt041_repair.py:138: the real index already has the new columns
2447 passed, 1 skipped, 5639 warnings in 647.66s (0:10:47)
ruff: All checks passed!
