2026-10-09 23:37:46.981572: E tensorflow/stream_executor/cuda/cuda_driver.cc:265] failed call to cuInit: CUDA_ERROR_NO_DEVICE: no CUDA-capable device is detected
2026-10-09 23:37:46.986066: I tensorflow/stream_executor/cuda/cuda_diagnostics.cc:169] retrieving CUDA diagnostic information for host: WS028-STP
2026-10-09 23:37:46.986241: I tensorflow/stream_executor/cuda/cuda_diagnostics.cc:176] hostname: WS028-STP
2026-10-09 23:37:46.986984: I tensorflow/core/platform/cpu_feature_guard.cc:193] This TensorFlow binary is optimized with oneAPI Deep Neural Network Library (oneDNN) to use the following CPU instructions in performance-critical operations:  AVX AVX2
To enable them in other operations, rebuild TensorFlow with the appropriate compiler flags.
2020-03-30T04 {'tb7': (0.579, 0.063, 0.139), "('v1', 'emb')": (0.527, 0.085, 0.073), "('v1', 'both')": (0.574, 0.107, 0.151), "('ctl', 'emb')": (0.534, 0.107, 0.105), "('ctl', 'both')": (0.573, 0.119, 0.157), "('a', 'emb')": (0.51, 0.105, 0.08), "('a', 'both')": (0.569, 0.126, 0.156), "('b', 'emb')": (0.493, 0.12, 0.106), "('b', 'both')": (0.571, 0.132, 0.168), "('c', 'emb')": (0.508, 0.166, 0.146), "('c', 'both')": (0.578, 0.181, 0.192)}
2020-08-02T04 {'tb7': (0.611, 0.108, 0.079), "('v1', 'emb')": (0.565, 0.11, 0.076), "('v1', 'both')": (0.597, 0.126, 0.12), "('ctl', 'emb')": (0.571, 0.126, 0.071), "('ctl', 'both')": (0.599, 0.137, 0.09), "('a', 'emb')": (0.546, 0.106, 0.07), "('a', 'both')": (0.597, 0.123, 0.101), "('b', 'emb')": (0.511, 0.107, 0.077), "('b', 'both')": (0.589, 0.13, 0.117), "('c', 'emb')": (0.522, 0.111, 0.076), "('c', 'both')": (0.591, 0.132, 0.111)}
2021-06-10T18 {'tb7': (0.558, 0.086, 0.086), "('v1', 'emb')": (0.528, 0.022, 0.017), "('v1', 'both')": (0.551, 0.087, 0.093), "('ctl', 'emb')": (0.535, 0.023, 0.01), "('ctl', 'both')": (0.558, 0.08, 0.08), "('a', 'emb')": (0.529, 0.03, 0.032), "('a', 'both')": (0.557, 0.079, 0.091), "('b', 'emb')": (0.527, 0.032, 0.024), "('b', 'both')": (0.563, 0.076, 0.079), "('c', 'emb')": (0.531, 0.039, 0.029), "('c', 'both')": (0.561, 0.086, 0.088)}
2021-08-12T06 {'tb7': (0.564, 0.078, 0.044), "('v1', 'emb')": (0.518, 0.071, 0.051), "('v1', 'both')": (0.551, 0.087, 0.059), "('ctl', 'emb')": (0.517, 0.081, 0.073), "('ctl', 'both')": (0.556, 0.089, 0.076), "('a', 'emb')": (0.517, 0.045, 0.027), "('a', 'both')": (0.555, 0.072, 0.048), "('b', 'emb')": (0.496, 0.063, 0.045), "('b', 'both')": (0.549, 0.104, 0.072), "('c', 'emb')": (0.499, 0.05, 0.043), "('c', 'both')": (0.547, 0.089, 0.074)}
2021-10-13T18 {'tb7': (0.553, 0.084, 0.074), "('v1', 'emb')": (0.528, 0.082, 0.072), "('v1', 'both')": (0.547, 0.108, 0.112), "('ctl', 'emb')": (0.527, 0.087, 0.085), "('ctl', 'both')": (0.547, 0.111, 0.123), "('a', 'emb')": (0.51, 0.072, 0.059), "('a', 'both')": (0.538, 0.104, 0.099), "('b', 'emb')": (0.511, 0.127, 0.099), "('b', 'both')": (0.543, 0.138, 0.129), "('c', 'emb')": (0.515, 0.132, 0.107), "('c', 'both')": (0.547, 0.152, 0.138)}
2021-12-15T06 {'tb7': (0.519, 0.058, 0.046), "('v1', 'emb')": (0.534, 0.064, 0.041), "('v1', 'both')": (0.517, 0.091, 0.068), "('ctl', 'emb')": (0.543, 0.07, 0.045), "('ctl', 'both')": (0.524, 0.095, 0.077), "('a', 'emb')": (0.528, 0.082, 0.058), "('a', 'both')": (0.518, 0.104, 0.09), "('b', 'emb')": (0.492, 0.135, 0.11), "('b', 'both')": (0.51, 0.122, 0.111), "('c', 'emb')": (0.516, 0.145, 0.096), "('c', 'both')": (0.519, 0.146, 0.116)}
2022-10-23T20 {'tb7': (0.532, 0.116, 0.146), "('v1', 'emb')": (0.51, 0.015, 0.034), "('v1', 'both')": (0.526, 0.076, 0.121), "('ctl', 'emb')": (0.503, 0.024, 0.046), "('ctl', 'both')": (0.52, 0.086, 0.129), "('a', 'emb')": (0.508, 0.026, 0.028), "('a', 'both')": (0.525, 0.093, 0.127), "('b', 'emb')": (0.502, 0.029, 0.023), "('b', 'both')": (0.525, 0.086, 0.114), "('c', 'emb')": (0.503, 0.035, 0.029), "('c', 'both')": (0.522, 0.103, 0.127)}
2023-02-25T20 {'tb7': (0.528, 0.14, 0.173), "('v1', 'emb')": (0.541, 0.274, 0.258), "('v1', 'both')": (0.544, 0.287, 0.269), "('ctl', 'emb')": (0.53, 0.263, 0.243), "('ctl', 'both')": (0.536, 0.279, 0.262), "('a', 'emb')": (0.526, 0.27, 0.248), "('a', 'both')": (0.532, 0.286, 0.27), "('b', 'emb')": (0.509, 0.284, 0.252), "('b', 'both')": (0.53, 0.295, 0.268), "('c', 'emb')": (0.499, 0.279, 0.245), "('c', 'both')": (0.524, 0.296, 0.27)}
2023-04-29T08 {'tb7': (0.528, 0.197, 0.214), "('v1', 'emb')": (0.492, 0.308, 0.295), "('v1', 'both')": (0.516, 0.341, 0.315), "('ctl', 'emb')": (0.495, 0.299, 0.29), "('ctl', 'both')": (0.517, 0.337, 0.312), "('a', 'emb')": (0.494, 0.318, 0.29), "('a', 'both')": (0.519, 0.352, 0.313), "('b', 'emb')": (0.474, 0.333, 0.307), "('b', 'both')": (0.515, 0.347, 0.322), "('c', 'emb')": (0.489, 0.33, 0.292), "('c', 'both')": (0.522, 0.35, 0.323)}
2023-06-30T21 {'tb7': (0.547, 0.18, 0.175), "('v1', 'emb')": (0.533, 0.264, 0.234), "('v1', 'both')": (0.54, 0.292, 0.255), "('ctl', 'emb')": (0.54, 0.255, 0.234), "('ctl', 'both')": (0.545, 0.285, 0.26), "('a', 'emb')": (0.538, 0.268, 0.24), "('a', 'both')": (0.55, 0.296, 0.27), "('b', 'emb')": (0.494, 0.276, 0.251), "('b', 'both')": (0.534, 0.294, 0.263), "('c', 'emb')": (0.515, 0.266, 0.237), "('c', 'both')": (0.542, 0.292, 0.264)}
2023-09-01T09 {'tb7': (0.557, 0.243, 0.228), "('v1', 'emb')": (0.519, 0.255, 0.23), "('v1', 'both')": (0.546, 0.301, 0.276), "('ctl', 'emb')": (0.526, 0.274, 0.209), "('ctl', 'both')": (0.545, 0.31, 0.26), "('a', 'emb')": (0.52, 0.267, 0.227), "('a', 'both')": (0.546, 0.306, 0.267), "('b', 'emb')": (0.524, 0.271, 0.247), "('b', 'both')": (0.554, 0.307, 0.284), "('c', 'emb')": (0.526, 0.293, 0.229), "('c', 'both')": (0.556, 0.326, 0.276)}
2024-07-09T22 {'tb7': (0.524, 0.2, 0.191), "('v1', 'emb')": (0.529, 0.215, 0.19), "('v1', 'both')": (0.528, 0.26, 0.233), "('ctl', 'emb')": (0.524, 0.254, 0.203), "('ctl', 'both')": (0.525, 0.286, 0.234), "('a', 'emb')": (0.522, 0.264, 0.215), "('a', 'both')": (0.524, 0.292, 0.25), "('b', 'emb')": (0.518, 0.275, 0.246), "('b', 'both')": (0.53, 0.297, 0.271), "('c', 'emb')": (0.521, 0.291, 0.249), "('c', 'both')": (0.526, 0.31, 0.268)}
2024-11-11T23 {'tb7': (0.543, 0.17, 0.156), "('v1', 'emb')": (0.51, 0.196, 0.17), "('v1', 'both')": (0.519, 0.221, 0.209), "('ctl', 'emb')": (0.522, 0.185, 0.155), "('ctl', 'both')": (0.529, 0.216, 0.201), "('a', 'emb')": (0.499, 0.195, 0.177), "('a', 'both')": (0.517, 0.223, 0.217), "('b', 'emb')": (0.492, 0.201, 0.176), "('b', 'both')": (0.526, 0.222, 0.2), "('c', 'emb')": (0.505, 0.222, 0.183), "('c', 'both')": (0.526, 0.236, 0.213)}
2025-01-13T11 {'tb7': (0.51, 0.235, 0.258), "('v1', 'emb')": (0.495, 0.3, 0.285), "('v1', 'both')": (0.498, 0.323, 0.314), "('ctl', 'emb')": (0.485, 0.317, 0.274), "('ctl', 'both')": (0.494, 0.336, 0.313), "('a', 'emb')": (0.494, 0.313, 0.284), "('a', 'both')": (0.496, 0.334, 0.315), "('b', 'emb')": (0.485, 0.325, 0.301), "('b', 'both')": (0.491, 0.344, 0.333), "('c', 'emb')": (0.511, 0.332, 0.286), "('c', 'both')": (0.513, 0.346, 0.319)}

14 slices; mean3 AUC / vol Spearman ridge / vol Spearman boosting
tb7: auc +0.5467 [+0.5313,+0.5622] | ridge +0.1398 [+0.1030,+0.1767] | hgb +0.1436 [+0.1039,+0.1833]
v1   b_emb: auc +0.5235 [+0.5127,+0.5343] (d -0.0232 [-0.0357,-0.0107]) | ridge +0.1616 [+0.0994,+0.2237] (d +0.0217 [-0.0145,+0.0580]) | hgb +0.1445 [+0.0853,+0.2037] (d +0.0009 [-0.0310,+0.0329])
v1   c_both: auc +0.5397 [+0.5250,+0.5544] (d -0.0070 [-0.0124,-0.0017]) | ridge +0.1933 [+0.1332,+0.2533] (d +0.0534 [+0.0222,+0.0846]) | hgb +0.1855 [+0.1324,+0.2385] (d +0.0419 [+0.0217,+0.0620])
     collapse: std 1.024 min 0.926 eff_rank 29.0
ctl  b_emb: auc +0.5252 [+0.5130,+0.5375] (d -0.0215 [-0.0329,-0.0101]) | ridge +0.1689 [+0.1077,+0.2302] (d +0.0291 [-0.0049,+0.0631]) | hgb +0.1459 [+0.0912,+0.2006] (d +0.0024 [-0.0265,+0.0312])
ctl  c_both: auc +0.5405 [+0.5254,+0.5556] (d -0.0062 [-0.0105,-0.0020]) | ridge +0.1976 [+0.1377,+0.2576] (d +0.0578 [+0.0278,+0.0878]) | hgb +0.1838 [+0.1322,+0.2355] (d +0.0403 [+0.0206,+0.0599])
     collapse: std 1.031 min 0.951 eff_rank 29.5
a    b_emb: auc +0.5174 [+0.5083,+0.5265] (d -0.0293 [-0.0429,-0.0158]) | ridge +0.1686 [+0.1041,+0.2332] (d +0.0288 [-0.0084,+0.0660]) | hgb +0.1453 [+0.0859,+0.2047] (d +0.0017 [-0.0295,+0.0330])
a    c_both: auc +0.5387 [+0.5238,+0.5536] (d -0.0080 [-0.0127,-0.0033]) | ridge +0.1993 [+0.1373,+0.2613] (d +0.0595 [+0.0267,+0.0922]) | hgb +0.1869 [+0.1325,+0.2412] (d +0.0433 [+0.0220,+0.0646])
     collapse: std 1.031 min 0.946 eff_rank 29.4
b    b_emb: auc +0.5019 [+0.4931,+0.5107] (d -0.0448 [-0.0598,-0.0298]) | ridge +0.1840 [+0.1213,+0.2468] (d +0.0442 [+0.0056,+0.0829]) | hgb +0.1618 [+0.1020,+0.2216] (d +0.0182 [-0.0161,+0.0526])
b    c_both: auc +0.5379 [+0.5229,+0.5528] (d -0.0088 [-0.0139,-0.0038]) | ridge +0.2067 [+0.1472,+0.2661] (d +0.0668 [+0.0351,+0.0985]) | hgb +0.1953 [+0.1416,+0.2489] (d +0.0517 [+0.0293,+0.0741])
     collapse: std 1.018 min 0.914 eff_rank 28.3
c    b_emb: auc +0.5114 [+0.5047,+0.5180] (d -0.0354 [-0.0502,-0.0205]) | ridge +0.1922 [+0.1295,+0.2549] (d +0.0523 [+0.0135,+0.0911]) | hgb +0.1604 [+0.1045,+0.2163] (d +0.0168 [-0.0137,+0.0474])
c    c_both: auc +0.5409 [+0.5272,+0.5546] (d -0.0058 [-0.0102,-0.0015]) | ridge +0.2175 [+0.1595,+0.2756] (d +0.0777 [+0.0461,+0.1093]) | hgb +0.1985 [+0.1475,+0.2495] (d +0.0549 [+0.0346,+0.0752])
     collapse: std 1.023 min 0.920 eff_rank 28.6
