5a7990c39ba4cc66fbc2d4a3c43d110d8ace5a1c
All checks passed!
bringing up nodes...
bringing up nodes...

........................................................................ [  3%]
........................................................................ [  6%]
........................................................................ [ 10%]
........................................................................ [ 13%]
........................................................................ [ 16%]
........................................................................ [ 20%]
........................................................................ [ 23%]
........................................................................ [ 26%]
........................................................................ [ 30%]
........................................................................ [ 33%]
........................................................................ [ 37%]
........................................................................ [ 40%]
........................................................................ [ 43%]
........................................................................ [ 47%]
........................................................................ [ 50%]
........................................................................ [ 53%]
........................................................................ [ 57%]
........................................................................ [ 60%]
........................................................................ [ 64%]
........................................................................ [ 67%]
........................................................................ [ 70%]
........................................................................ [ 74%]
........................................................................ [ 77%]
........................................................................ [ 80%]
........................................................................ [ 84%]
........................................................................ [ 87%]
........................................................................ [ 91%]
........................................................................ [ 94%]
........................................................................ [ 97%]
...............................................                          [100%]
============================== warnings summary ===============================
tests/test_calib_gradient_mode.py: 245 warnings
tests/registries/test_callbacks.py: 30 warnings
tests/test_direction_readout.py: 10 warnings
tests/test_custom_loss.py: 320 warnings
tests/test_epoch_metrics.py: 40 warnings
tests/registries/test_layers.py: 1 warning
tests/registries/test_contracts.py: 48 warnings
tests/registries/test_metrics.py: 10 warnings
tests/test_legacy_bundle.py: 48 warnings
tests/registries/test_models.py: 142 warnings
tests/test_losses_reference.py: 20 warnings
tests/test_macd_ratio.py: 144 warnings
tests/test_deterministic_gru.py: 500 warnings
tests/test_applied_periods.py: 336 warnings
tests/test_attention_head_pool.py: 1015 warnings
tests/test_frozen_twin.py: 240 warnings
tests/test_nt033_baselines.py: 96 warnings
tests/test_pnl_utility.py: 280 warnings
tests/test_model_variants.py: 408 warnings
tests/test_ohlcv_input.py: 192 warnings
tests/test_bench_window_free.py: 2 warnings
tests/test_permutation_importance.py: 8 warnings
tests/test_physics_terms_bounded.py: 90 warnings
tests/test_indicator_families.py: 96 warnings
tests/test_calib_zero_weights.py: 288 warnings
tests/test_served_epoch.py: 49 warnings
tests/test_stability.py: 284 warnings
tests/test_calib_fail_loud.py: 144 warnings
tests/test_eval_metrics.py: 141 warnings
tests/test_telemetry.py: 20 warnings
tests/test_train_smoke.py: 192 warnings
tests/test_calibration_pass.py: 96 warnings
tests/test_reset.py: 16 warnings
tests/test_training_wiring.py: 40 warnings
  C:\Users\Step\miniforge3\envs\nt\lib\random.py:370: DeprecationWarning: non-integer arguments to randrange() have been deprecated since Python 3.10 and will be removed in a subsequent version
    return self.randrange(a, b+1)

tests/test_config.py::test_values_from_yaml_or_the_cli_are_coerced_to_the_field_type
  D:\nt\nt_wt_033\src\neural_trade\core\config.py:905: DeprecationWarning: Config.USE_HUBER is deprecated and has no effect (default True)
    self.validate()

tests/test_custom_loss.py::test_dead_zone_counters_dir_n_and_var_at_floor
  D:\nt\nt_wt_033\src\neural_trade\core\config.py:742: DeprecationWarning: Config.VAR_FLOOR=0.5 (expected 1e-4). Using provided value.
    self.validate()

tests/test_frozen_twin.py::test_one_epoch_cpu_run_leaves_every_applied_period_at_its_configured_value
  C:\Users\Step\miniforge3\envs\nt\lib\site-packages\tensorflow\python\data\ops\structured_function.py:264: UserWarning: Even though the `tf.config.experimental_run_functions_eagerly` option is set, this option does not apply to tf.data functions. To force eager execution of tf.data functions, please use `tf.data.experimental.enable_debug_mode()`.
    warnings.warn(

-- Docs: https://docs.pytest.org/en/stable/how-to/capture-warnings.html
2135 passed, 5594 warnings in 247.86s (0:04:07)
