variant c device gpu: 1576800 bars, 1574836 valid anchors
2026-10-10 18:06:01.013773: I tensorflow/core/platform/cpu_feature_guard.cc:193] This TensorFlow binary is optimized with oneAPI Deep Neural Network Library (oneDNN) to use the following CPU instructions in performance-critical operations:  AVX AVX2
To enable them in other operations, rebuild TensorFlow with the appropriate compiler flags.
2026-10-10 18:06:02.463082: W tensorflow/core/common_runtime/gpu/gpu_bfc_allocator.cc:42] Overriding orig_value setting because the TF_FORCE_GPU_ALLOW_GROWTH environment variable is set. Original config value was 0.
2026-10-10 18:06:02.463147: I tensorflow/core/common_runtime/gpu/gpu_device.cc:1616] Created device /job:localhost/replica:0/task:0/device:GPU:0 with 2000 MB memory:  -> device: 0, name: NVIDIA GeForce RTX 4070 Ti, pci bus id: 0000:01:00.0, compute capability: 8.9
2026-10-10 18:06:03.895533: I tensorflow/stream_executor/cuda/cuda_blas.cc:1614] TensorFloat-32 will be used for the matrix multiplication. This will only be logged once.
2026-10-10 18:06:05.238448: I tensorflow/stream_executor/cuda/cuda_dnn.cc:384] Loaded cuDNN version 8100
encoder params 26720, trained params 47296
{'step': 500, 'sec': 82, 'loss': 1.53639, 'loss_fut': 0.3168, 'loss_mask': 0.41413, 'var': 0.07819, 'cov': 0.41452, 'std_mean': 1.04664, 'std_min': 0.96843, 'eff_rank': 30.59403, 'wait_s': 15.01422}
{'step': 1000, 'sec': 163, 'loss': 1.09233, 'loss_fut': 0.46639, 'loss_mask': 0.40278, 'var': 0.00442, 'cov': 0.20105, 'std_mean': 1.04999, 'std_min': 0.96839, 'eff_rank': 30.44484, 'wait_s': 16.0656}
{'step': 1500, 'sec': 250, 'loss': 1.10016, 'loss_fut': 0.48221, 'loss_mask': 0.39886, 'var': 0.00407, 'cov': 0.19876, 'std_mean': 1.04262, 'std_min': 0.96193, 'eff_rank': 30.4682, 'wait_s': 18.81722}
{'step': 2000, 'sec': 329, 'loss': 1.09632, 'loss_fut': 0.48156, 'loss_mask': 0.39657, 'var': 0.00401, 'cov': 0.19816, 'std_mean': 1.04772, 'std_min': 0.93754, 'eff_rank': 30.52551, 'wait_s': 14.69403}
{'step': 2500, 'sec': 407, 'loss': 1.08955, 'loss_fut': 0.47988, 'loss_mask': 0.39358, 'var': 0.00388, 'cov': 0.19667, 'std_mean': 1.04574, 'std_min': 0.8767, 'eff_rank': 30.46292, 'wait_s': 14.50899}
{'step': 3000, 'sec': 490, 'loss': 1.08437, 'loss_fut': 0.47845, 'loss_mask': 0.39165, 'var': 0.00388, 'cov': 0.19488, 'std_mean': 1.04647, 'std_min': 0.96793, 'eff_rank': 30.51742, 'wait_s': 16.90799}
{'step': 3500, 'sec': 568, 'loss': 1.08167, 'loss_fut': 0.47652, 'loss_mask': 0.39043, 'var': 0.00381, 'cov': 0.19568, 'std_mean': 1.04555, 'std_min': 0.94922, 'eff_rank': 30.51968, 'wait_s': 14.53852}
{'step': 4000, 'sec': 646, 'loss': 1.07825, 'loss_fut': 0.47524, 'loss_mask': 0.3881, 'var': 0.00384, 'cov': 0.19572, 'std_mean': 1.04619, 'std_min': 0.91823, 'eff_rank': 30.46802, 'wait_s': 14.95488}
{'step': 4500, 'sec': 724, 'loss': 1.07453, 'loss_fut': 0.47354, 'loss_mask': 0.38677, 'var': 0.00385, 'cov': 0.19495, 'std_mean': 1.04655, 'std_min': 0.97053, 'eff_rank': 30.52662, 'wait_s': 14.35855}
{'step': 5000, 'sec': 802, 'loss': 1.06951, 'loss_fut': 0.47077, 'loss_mask': 0.38539, 'var': 0.0039, 'cov': 0.19383, 'std_mean': 1.04921, 'std_min': 0.95754, 'eff_rank': 30.42438, 'wait_s': 15.57013}
{'step': 5500, 'sec': 880, 'loss': 1.066, 'loss_fut': 0.46987, 'loss_mask': 0.38436, 'var': 0.00376, 'cov': 0.19297, 'std_mean': 1.04808, 'std_min': 0.96639, 'eff_rank': 30.51977, 'wait_s': 14.5235}
{'step': 6000, 'sec': 959, 'loss': 1.06246, 'loss_fut': 0.46745, 'loss_mask': 0.38305, 'var': 0.00372, 'cov': 0.19337, 'std_mean': 1.03948, 'std_min': 0.95902, 'eff_rank': 30.52428, 'wait_s': 14.54911}
{'step': 6500, 'sec': 1037, 'loss': 1.05983, 'loss_fut': 0.4656, 'loss_mask': 0.3817, 'var': 0.00372, 'cov': 0.19394, 'std_mean': 1.04923, 'std_min': 0.96549, 'eff_rank': 30.48477, 'wait_s': 14.59319}
{'step': 7000, 'sec': 1115, 'loss': 1.05779, 'loss_fut': 0.46507, 'loss_mask': 0.3809, 'var': 0.00361, 'cov': 0.19379, 'std_mean': 1.05053, 'std_min': 0.97587, 'eff_rank': 30.50266, 'wait_s': 14.74876}
{'step': 7500, 'sec': 1193, 'loss': 1.05433, 'loss_fut': 0.46355, 'loss_mask': 0.37936, 'var': 0.00364, 'cov': 0.19322, 'std_mean': 1.04601, 'std_min': 1.0015, 'eff_rank': 30.48522, 'wait_s': 13.74848}
{'step': 8000, 'sec': 1271, 'loss': 1.04926, 'loss_fut': 0.46115, 'loss_mask': 0.37937, 'var': 0.00361, 'cov': 0.19071, 'std_mean': 1.04673, 'std_min': 0.94162, 'eff_rank': 30.48493, 'wait_s': 14.70808}
{'step': 8500, 'sec': 1349, 'loss': 1.04969, 'loss_fut': 0.46043, 'loss_mask': 0.37846, 'var': 0.00359, 'cov': 0.19285, 'std_mean': 1.04854, 'std_min': 0.97139, 'eff_rank': 30.54696, 'wait_s': 15.48132}
{'step': 9000, 'sec': 1427, 'loss': 1.04584, 'loss_fut': 0.4606, 'loss_mask': 0.37776, 'var': 0.00348, 'cov': 0.19007, 'std_mean': 1.04134, 'std_min': 0.97052, 'eff_rank': 30.44025, 'wait_s': 14.34168}
{'step': 9500, 'sec': 1505, 'loss': 1.04324, 'loss_fut': 0.45872, 'loss_mask': 0.37567, 'var': 0.0035, 'cov': 0.19135, 'std_mean': 1.04296, 'std_min': 0.96496, 'eff_rank': 30.50754, 'wait_s': 13.92122}
{'step': 10000, 'sec': 1583, 'loss': 1.0409, 'loss_fut': 0.45545, 'loss_mask': 0.3752, 'var': 0.00364, 'cov': 0.19203, 'std_mean': 1.04569, 'std_min': 0.95517, 'eff_rank': 30.47449, 'wait_s': 13.3786}
{'step': 10500, 'sec': 1661, 'loss': 1.0367, 'loss_fut': 0.45402, 'loss_mask': 0.3744, 'var': 0.00353, 'cov': 0.19061, 'std_mean': 1.04535, 'std_min': 0.98059, 'eff_rank': 30.45754, 'wait_s': 14.59607}
{'step': 11000, 'sec': 1739, 'loss': 1.03169, 'loss_fut': 0.45122, 'loss_mask': 0.37378, 'var': 0.00355, 'cov': 0.18892, 'std_mean': 1.04123, 'std_min': 0.92979, 'eff_rank': 30.47036, 'wait_s': 13.30346}
{'step': 11500, 'sec': 1817, 'loss': 1.02801, 'loss_fut': 0.44806, 'loss_mask': 0.37245, 'var': 0.00349, 'cov': 0.19003, 'std_mean': 1.04587, 'std_min': 0.92069, 'eff_rank': 30.46928, 'wait_s': 14.87899}
{'step': 12000, 'sec': 1896, 'loss': 1.02619, 'loss_fut': 0.44647, 'loss_mask': 0.37248, 'var': 0.00352, 'cov': 0.18962, 'std_mean': 1.04592, 'std_min': 0.95646, 'eff_rank': 30.46915, 'wait_s': 14.49543}
{'step': 12500, 'sec': 1973, 'loss': 1.02144, 'loss_fut': 0.44344, 'loss_mask': 0.37126, 'var': 0.00354, 'cov': 0.18903, 'std_mean': 1.04534, 'std_min': 0.94866, 'eff_rank': 30.51172, 'wait_s': 15.02942}
{'step': 13000, 'sec': 2051, 'loss': 1.02164, 'loss_fut': 0.44325, 'loss_mask': 0.37194, 'var': 0.00352, 'cov': 0.18883, 'std_mean': 1.04299, 'std_min': 0.93883, 'eff_rank': 30.48777, 'wait_s': 14.71872}
{'step': 13500, 'sec': 2129, 'loss': 1.02207, 'loss_fut': 0.44247, 'loss_mask': 0.37195, 'var': 0.00354, 'cov': 0.18997, 'std_mean': 1.03879, 'std_min': 0.91803, 'eff_rank': 30.46668, 'wait_s': 14.38593}
{'step': 14000, 'sec': 2208, 'loss': 1.0189, 'loss_fut': 0.4403, 'loss_mask': 0.37152, 'var': 0.00352, 'cov': 0.18949, 'std_mean': 1.04306, 'std_min': 0.97186, 'eff_rank': 30.50485, 'wait_s': 14.19283}
{'step': 14500, 'sec': 2286, 'loss': 1.01454, 'loss_fut': 0.43863, 'loss_mask': 0.36979, 'var': 0.00339, 'cov': 0.18918, 'std_mean': 1.04348, 'std_min': 0.96673, 'eff_rank': 30.52928, 'wait_s': 15.26532}
{'step': 15000, 'sec': 2363, 'loss': 1.01113, 'loss_fut': 0.43736, 'loss_mask': 0.36867, 'var': 0.0035, 'cov': 0.1876, 'std_mean': 1.04285, 'std_min': 0.95444, 'eff_rank': 30.52771, 'wait_s': 14.47615}
{'step': 15500, 'sec': 2441, 'loss': 1.01177, 'loss_fut': 0.43726, 'loss_mask': 0.36863, 'var': 0.0035, 'cov': 0.1884, 'std_mean': 1.04665, 'std_min': 0.9608, 'eff_rank': 30.57013, 'wait_s': 13.90384}
{'step': 16000, 'sec': 2519, 'loss': 1.00826, 'loss_fut': 0.43685, 'loss_mask': 0.36672, 'var': 0.00339, 'cov': 0.18776, 'std_mean': 1.04321, 'std_min': 0.98174, 'eff_rank': 30.50491, 'wait_s': 14.50152}
{'step': 16500, 'sec': 2597, 'loss': 1.00814, 'loss_fut': 0.43635, 'loss_mask': 0.36581, 'var': 0.00351, 'cov': 0.18842, 'std_mean': 1.04398, 'std_min': 0.98038, 'eff_rank': 30.57058, 'wait_s': 14.67557}
{'step': 17000, 'sec': 2675, 'loss': 1.00633, 'loss_fut': 0.43665, 'loss_mask': 0.3652, 'var': 0.00332, 'cov': 0.1879, 'std_mean': 1.04285, 'std_min': 0.97859, 'eff_rank': 30.52044, 'wait_s': 15.00092}
{'step': 17500, 'sec': 2753, 'loss': 1.00492, 'loss_fut': 0.43591, 'loss_mask': 0.36428, 'var': 0.0035, 'cov': 0.18721, 'std_mean': 1.04082, 'std_min': 0.95626, 'eff_rank': 30.51009, 'wait_s': 15.01339}
{'step': 18000, 'sec': 2831, 'loss': 1.00297, 'loss_fut': 0.43624, 'loss_mask': 0.36239, 'var': 0.00342, 'cov': 0.1872, 'std_mean': 1.03954, 'std_min': 0.92775, 'eff_rank': 30.46438, 'wait_s': 15.20817}
{'step': 18500, 'sec': 2909, 'loss': 1.00246, 'loss_fut': 0.43571, 'loss_mask': 0.36352, 'var': 0.00343, 'cov': 0.18607, 'std_mean': 1.04527, 'std_min': 0.96095, 'eff_rank': 30.47686, 'wait_s': 14.14638}
{'step': 19000, 'sec': 2987, 'loss': 1.0023, 'loss_fut': 0.43653, 'loss_mask': 0.36224, 'var': 0.00333, 'cov': 0.18688, 'std_mean': 1.04447, 'std_min': 0.98095, 'eff_rank': 30.52294, 'wait_s': 14.8537}
{'step': 19500, 'sec': 3065, 'loss': 1.00138, 'loss_fut': 0.43626, 'loss_mask': 0.36196, 'var': 0.00335, 'cov': 0.18639, 'std_mean': 1.04345, 'std_min': 0.98117, 'eff_rank': 30.50807, 'wait_s': 14.6806}
{'step': 20000, 'sec': 3143, 'loss': 1.00097, 'loss_fut': 0.43599, 'loss_mask': 0.36118, 'var': 0.00346, 'cov': 0.18652, 'std_mean': 1.0418, 'std_min': 0.93018, 'eff_rank': 30.53313, 'wait_s': 14.99872}
{'step': 20500, 'sec': 3221, 'loss': 1.00046, 'loss_fut': 0.43601, 'loss_mask': 0.36054, 'var': 0.00338, 'cov': 0.18699, 'std_mean': 1.04888, 'std_min': 0.91926, 'eff_rank': 30.54704, 'wait_s': 14.74958}
{'step': 21000, 'sec': 3299, 'loss': 0.99993, 'loss_fut': 0.43619, 'loss_mask': 0.36082, 'var': 0.0033, 'cov': 0.1864, 'std_mean': 1.0435, 'std_min': 0.95852, 'eff_rank': 30.4818, 'wait_s': 14.53744}
{'step': 21500, 'sec': 3377, 'loss': 0.99871, 'loss_fut': 0.43669, 'loss_mask': 0.35905, 'var': 0.00334, 'cov': 0.18627, 'std_mean': 1.04534, 'std_min': 0.95689, 'eff_rank': 30.49746, 'wait_s': 14.8807}
{'step': 22000, 'sec': 3455, 'loss': 0.99983, 'loss_fut': 0.43782, 'loss_mask': 0.35869, 'var': 0.00325, 'cov': 0.18705, 'std_mean': 1.04295, 'std_min': 0.95968, 'eff_rank': 30.54219, 'wait_s': 14.47152}
{'step': 22500, 'sec': 3533, 'loss': 0.99736, 'loss_fut': 0.43831, 'loss_mask': 0.35617, 'var': 0.00334, 'cov': 0.1862, 'std_mean': 1.03958, 'std_min': 0.92658, 'eff_rank': 30.54669, 'wait_s': 14.89884}
{'step': 23000, 'sec': 3611, 'loss': 0.996, 'loss_fut': 0.43785, 'loss_mask': 0.3555, 'var': 0.00334, 'cov': 0.18598, 'std_mean': 1.04751, 'std_min': 0.97358, 'eff_rank': 30.48822, 'wait_s': 15.19577}
{'step': 23500, 'sec': 3689, 'loss': 0.99547, 'loss_fut': 0.43766, 'loss_mask': 0.35546, 'var': 0.00329, 'cov': 0.18589, 'std_mean': 1.0479, 'std_min': 0.9507, 'eff_rank': 30.53128, 'wait_s': 14.31618}
{'step': 24000, 'sec': 3767, 'loss': 0.99295, 'loss_fut': 0.43718, 'loss_mask': 0.35376, 'var': 0.00338, 'cov': 0.18513, 'std_mean': 1.04332, 'std_min': 0.9398, 'eff_rank': 30.46143, 'wait_s': 14.47602}
{'step': 24500, 'sec': 3846, 'loss': 0.99009, 'loss_fut': 0.43773, 'loss_mask': 0.35176, 'var': 0.00321, 'cov': 0.18457, 'std_mean': 1.04599, 'std_min': 0.96122, 'eff_rank': 30.52161, 'wait_s': 14.99522}
{'step': 25000, 'sec': 3924, 'loss': 0.99201, 'loss_fut': 0.43858, 'loss_mask': 0.35093, 'var': 0.00339, 'cov': 0.18557, 'std_mean': 1.04147, 'std_min': 0.92058, 'eff_rank': 30.44191, 'wait_s': 14.08877}
{'step': 25500, 'sec': 4002, 'loss': 0.99052, 'loss_fut': 0.4385, 'loss_mask': 0.34866, 'var': 0.00331, 'cov': 0.18681, 'std_mean': 1.04836, 'std_min': 0.96094, 'eff_rank': 30.51975, 'wait_s': 13.91847}
{'step': 26000, 'sec': 4080, 'loss': 0.9915, 'loss_fut': 0.43998, 'loss_mask': 0.34778, 'var': 0.00334, 'cov': 0.18702, 'std_mean': 1.04412, 'std_min': 0.96697, 'eff_rank': 30.45472, 'wait_s': 14.38528}
{'step': 26500, 'sec': 4158, 'loss': 0.98966, 'loss_fut': 0.44088, 'loss_mask': 0.34655, 'var': 0.00331, 'cov': 0.18569, 'std_mean': 1.04382, 'std_min': 0.9876, 'eff_rank': 30.52717, 'wait_s': 13.56959}
{'step': 27000, 'sec': 4237, 'loss': 0.98722, 'loss_fut': 0.44008, 'loss_mask': 0.34568, 'var': 0.00333, 'cov': 0.18481, 'std_mean': 1.04168, 'std_min': 0.962, 'eff_rank': 30.54133, 'wait_s': 14.93828}
{'step': 27500, 'sec': 4315, 'loss': 0.98861, 'loss_fut': 0.44066, 'loss_mask': 0.34609, 'var': 0.00333, 'cov': 0.18521, 'std_mean': 1.04643, 'std_min': 0.95739, 'eff_rank': 30.54, 'wait_s': 14.72822}
{'step': 28000, 'sec': 4393, 'loss': 0.98718, 'loss_fut': 0.44173, 'loss_mask': 0.34457, 'var': 0.00336, 'cov': 0.18406, 'std_mean': 1.04192, 'std_min': 0.926, 'eff_rank': 30.5325, 'wait_s': 14.32664}
{'step': 28500, 'sec': 4471, 'loss': 0.98501, 'loss_fut': 0.44087, 'loss_mask': 0.34306, 'var': 0.00331, 'cov': 0.18454, 'std_mean': 1.04161, 'std_min': 0.98208, 'eff_rank': 30.55977, 'wait_s': 14.37008}
{'step': 29000, 'sec': 4549, 'loss': 0.98499, 'loss_fut': 0.43968, 'loss_mask': 0.34328, 'var': 0.00329, 'cov': 0.18556, 'std_mean': 1.04573, 'std_min': 0.94563, 'eff_rank': 30.56908, 'wait_s': 14.04716}
{'step': 29500, 'sec': 4627, 'loss': 0.97983, 'loss_fut': 0.43983, 'loss_mask': 0.3399, 'var': 0.00308, 'cov': 0.18468, 'std_mean': 1.04212, 'std_min': 0.95676, 'eff_rank': 30.52502, 'wait_s': 15.18771}
{'step': 30000, 'sec': 4705, 'loss': 0.97904, 'loss_fut': 0.43999, 'loss_mask': 0.33833, 'var': 0.00332, 'cov': 0.18412, 'std_mean': 1.04625, 'std_min': 0.95432, 'eff_rank': 30.52759, 'wait_s': 14.22476}
{'step': 30500, 'sec': 4790, 'loss': 0.97959, 'loss_fut': 0.44008, 'loss_mask': 0.33828, 'var': 0.00328, 'cov': 0.18482, 'std_mean': 1.04952, 'std_min': 0.96651, 'eff_rank': 30.54727, 'wait_s': 16.99439}
{'step': 31000, 'sec': 4872, 'loss': 0.97802, 'loss_fut': 0.44064, 'loss_mask': 0.33746, 'var': 0.00319, 'cov': 0.18397, 'std_mean': 1.04689, 'std_min': 0.96633, 'eff_rank': 30.54252, 'wait_s': 15.84647}
{'step': 31500, 'sec': 4949, 'loss': 0.97943, 'loss_fut': 0.4407, 'loss_mask': 0.33732, 'var': 0.00328, 'cov': 0.18503, 'std_mean': 1.04426, 'std_min': 0.95326, 'eff_rank': 30.46935, 'wait_s': 14.22496}
{'step': 32000, 'sec': 5027, 'loss': 0.97822, 'loss_fut': 0.44083, 'loss_mask': 0.33627, 'var': 0.0032, 'cov': 0.18511, 'std_mean': 1.04619, 'std_min': 0.97439, 'eff_rank': 30.57083, 'wait_s': 13.49563}
{'step': 32500, 'sec': 5105, 'loss': 0.97467, 'loss_fut': 0.43931, 'loss_mask': 0.3353, 'var': 0.00324, 'cov': 0.18384, 'std_mean': 1.04339, 'std_min': 0.96187, 'eff_rank': 30.52073, 'wait_s': 14.57444}
{'step': 33000, 'sec': 5183, 'loss': 0.9734, 'loss_fut': 0.439, 'loss_mask': 0.33453, 'var': 0.00317, 'cov': 0.184, 'std_mean': 1.0447, 'std_min': 0.97219, 'eff_rank': 30.53731, 'wait_s': 14.46059}
{'step': 33500, 'sec': 5261, 'loss': 0.97354, 'loss_fut': 0.43986, 'loss_mask': 0.33348, 'var': 0.00315, 'cov': 0.18445, 'std_mean': 1.04448, 'std_min': 0.95839, 'eff_rank': 30.54174, 'wait_s': 14.14479}
{'step': 34000, 'sec': 5339, 'loss': 0.97322, 'loss_fut': 0.43862, 'loss_mask': 0.3333, 'var': 0.00328, 'cov': 0.18489, 'std_mean': 1.04803, 'std_min': 0.99285, 'eff_rank': 30.49565, 'wait_s': 14.09374}
{'step': 34500, 'sec': 5417, 'loss': 0.96847, 'loss_fut': 0.43768, 'loss_mask': 0.33037, 'var': 0.00317, 'cov': 0.18456, 'std_mean': 1.04293, 'std_min': 0.93132, 'eff_rank': 30.51033, 'wait_s': 14.62148}
{'step': 35000, 'sec': 5495, 'loss': 0.96798, 'loss_fut': 0.43839, 'loss_mask': 0.32873, 'var': 0.00326, 'cov': 0.18458, 'std_mean': 1.04394, 'std_min': 0.96383, 'eff_rank': 30.5391, 'wait_s': 14.88092}
{'step': 35500, 'sec': 5573, 'loss': 0.96514, 'loss_fut': 0.43798, 'loss_mask': 0.32797, 'var': 0.00317, 'cov': 0.18332, 'std_mean': 1.04097, 'std_min': 0.94942, 'eff_rank': 30.55674, 'wait_s': 14.34077}
{'step': 36000, 'sec': 5650, 'loss': 0.9657, 'loss_fut': 0.43832, 'loss_mask': 0.32694, 'var': 0.00322, 'cov': 0.18434, 'std_mean': 1.04133, 'std_min': 0.97632, 'eff_rank': 30.50636, 'wait_s': 15.00068}
{'step': 36500, 'sec': 5728, 'loss': 0.96558, 'loss_fut': 0.43789, 'loss_mask': 0.32726, 'var': 0.00332, 'cov': 0.18385, 'std_mean': 1.04341, 'std_min': 0.8871, 'eff_rank': 30.50867, 'wait_s': 14.01471}
{'step': 37000, 'sec': 5806, 'loss': 0.96506, 'loss_fut': 0.43718, 'loss_mask': 0.32751, 'var': 0.00318, 'cov': 0.18445, 'std_mean': 1.04312, 'std_min': 0.95246, 'eff_rank': 30.49547, 'wait_s': 14.24544}
{'step': 37500, 'sec': 5884, 'loss': 0.96338, 'loss_fut': 0.43648, 'loss_mask': 0.32637, 'var': 0.00323, 'cov': 0.18439, 'std_mean': 1.04387, 'std_min': 0.97469, 'eff_rank': 30.47311, 'wait_s': 15.10497}
{'step': 38000, 'sec': 5962, 'loss': 0.96131, 'loss_fut': 0.43616, 'loss_mask': 0.32539, 'var': 0.00315, 'cov': 0.18398, 'std_mean': 1.04311, 'std_min': 0.95308, 'eff_rank': 30.51913, 'wait_s': 14.49597}
{'step': 38500, 'sec': 6040, 'loss': 0.96166, 'loss_fut': 0.43583, 'loss_mask': 0.32515, 'var': 0.00337, 'cov': 0.18385, 'std_mean': 1.03864, 'std_min': 0.94459, 'eff_rank': 30.50527, 'wait_s': 14.95433}
{'step': 39000, 'sec': 6118, 'loss': 0.96033, 'loss_fut': 0.43625, 'loss_mask': 0.32485, 'var': 0.00319, 'cov': 0.18331, 'std_mean': 1.0453, 'std_min': 0.94749, 'eff_rank': 30.51741, 'wait_s': 14.77865}
{'step': 39500, 'sec': 6196, 'loss': 0.95632, 'loss_fut': 0.43546, 'loss_mask': 0.32205, 'var': 0.00318, 'cov': 0.18291, 'std_mean': 1.03821, 'std_min': 0.95488, 'eff_rank': 30.51033, 'wait_s': 15.22404}
{'step': 40000, 'sec': 6274, 'loss': 0.95933, 'loss_fut': 0.43549, 'loss_mask': 0.32289, 'var': 0.00318, 'cov': 0.18504, 'std_mean': 1.04451, 'std_min': 0.97117, 'eff_rank': 30.43501, 'wait_s': 14.11734}
{'step': 40500, 'sec': 6352, 'loss': 0.95835, 'loss_fut': 0.436, 'loss_mask': 0.32309, 'var': 0.00316, 'cov': 0.18346, 'std_mean': 1.04468, 'std_min': 0.97518, 'eff_rank': 30.5668, 'wait_s': 15.10091}
{'step': 41000, 'sec': 6430, 'loss': 0.95673, 'loss_fut': 0.43437, 'loss_mask': 0.32222, 'var': 0.00316, 'cov': 0.18433, 'std_mean': 1.04334, 'std_min': 0.98691, 'eff_rank': 30.53371, 'wait_s': 14.2487}
{'step': 41500, 'sec': 6508, 'loss': 0.95518, 'loss_fut': 0.43385, 'loss_mask': 0.32193, 'var': 0.00315, 'cov': 0.18365, 'std_mean': 1.0383, 'std_min': 0.97971, 'eff_rank': 30.54424, 'wait_s': 14.32661}
{'step': 42000, 'sec': 6586, 'loss': 0.9541, 'loss_fut': 0.43398, 'loss_mask': 0.32133, 'var': 0.00307, 'cov': 0.18344, 'std_mean': 1.04121, 'std_min': 0.96008, 'eff_rank': 30.55099, 'wait_s': 15.22267}
{'step': 42500, 'sec': 6664, 'loss': 0.95447, 'loss_fut': 0.43368, 'loss_mask': 0.3208, 'var': 0.00319, 'cov': 0.18404, 'std_mean': 1.04416, 'std_min': 0.92744, 'eff_rank': 30.48405, 'wait_s': 14.49524}
{'step': 43000, 'sec': 6741, 'loss': 0.95256, 'loss_fut': 0.43361, 'loss_mask': 0.31998, 'var': 0.00307, 'cov': 0.18364, 'std_mean': 1.04628, 'std_min': 0.93733, 'eff_rank': 30.39779, 'wait_s': 15.25624}
{'step': 43500, 'sec': 6819, 'loss': 0.95306, 'loss_fut': 0.4333, 'loss_mask': 0.31931, 'var': 0.00332, 'cov': 0.18384, 'std_mean': 1.03989, 'std_min': 0.95107, 'eff_rank': 30.51771, 'wait_s': 14.87876}
{'step': 44000, 'sec': 6897, 'loss': 0.95378, 'loss_fut': 0.43365, 'loss_mask': 0.32051, 'var': 0.00326, 'cov': 0.1833, 'std_mean': 1.0454, 'std_min': 0.97273, 'eff_rank': 30.49549, 'wait_s': 15.0727}
{'step': 44500, 'sec': 6975, 'loss': 0.95267, 'loss_fut': 0.43334, 'loss_mask': 0.32026, 'var': 0.00313, 'cov': 0.18341, 'std_mean': 1.04451, 'std_min': 0.95308, 'eff_rank': 30.463, 'wait_s': 14.67268}
{'step': 45000, 'sec': 7053, 'loss': 0.95356, 'loss_fut': 0.43396, 'loss_mask': 0.3206, 'var': 0.0032, 'cov': 0.18299, 'std_mean': 1.04301, 'std_min': 0.95621, 'eff_rank': 30.50687, 'wait_s': 14.36864}
{'step': 45500, 'sec': 7131, 'loss': 0.95275, 'loss_fut': 0.43392, 'loss_mask': 0.31919, 'var': 0.00317, 'cov': 0.18379, 'std_mean': 1.04105, 'std_min': 0.9048, 'eff_rank': 30.43308, 'wait_s': 14.9554}
{'step': 46000, 'sec': 7208, 'loss': 0.95203, 'loss_fut': 0.43273, 'loss_mask': 0.31909, 'var': 0.00327, 'cov': 0.18384, 'std_mean': 1.04335, 'std_min': 0.9817, 'eff_rank': 30.55694, 'wait_s': 13.94124}
{'step': 46500, 'sec': 7286, 'loss': 0.94983, 'loss_fut': 0.4326, 'loss_mask': 0.31801, 'var': 0.00324, 'cov': 0.18304, 'std_mean': 1.04708, 'std_min': 0.98537, 'eff_rank': 30.57346, 'wait_s': 14.13903}
{'step': 47000, 'sec': 7364, 'loss': 0.94967, 'loss_fut': 0.43308, 'loss_mask': 0.31871, 'var': 0.00309, 'cov': 0.18242, 'std_mean': 1.03988, 'std_min': 0.97289, 'eff_rank': 30.5634, 'wait_s': 14.84401}
{'step': 47500, 'sec': 7442, 'loss': 0.94998, 'loss_fut': 0.43291, 'loss_mask': 0.31858, 'var': 0.00312, 'cov': 0.18291, 'std_mean': 1.04153, 'std_min': 0.85882, 'eff_rank': 30.51935, 'wait_s': 14.92228}
{'step': 48000, 'sec': 7520, 'loss': 0.95079, 'loss_fut': 0.433, 'loss_mask': 0.31918, 'var': 0.00323, 'cov': 0.18245, 'std_mean': 1.04745, 'std_min': 0.97263, 'eff_rank': 30.55018, 'wait_s': 14.90458}
{'step': 48500, 'sec': 7597, 'loss': 0.94915, 'loss_fut': 0.43339, 'loss_mask': 0.31731, 'var': 0.00321, 'cov': 0.18238, 'std_mean': 1.04164, 'std_min': 0.94803, 'eff_rank': 30.5356, 'wait_s': 14.8349}
{'step': 49000, 'sec': 7675, 'loss': 0.95012, 'loss_fut': 0.43286, 'loss_mask': 0.31831, 'var': 0.00316, 'cov': 0.18314, 'std_mean': 1.04681, 'std_min': 0.94338, 'eff_rank': 30.53281, 'wait_s': 14.88603}
{'step': 49500, 'sec': 7753, 'loss': 0.94704, 'loss_fut': 0.43201, 'loss_mask': 0.31641, 'var': 0.00317, 'cov': 0.18277, 'std_mean': 1.04086, 'std_min': 0.97406, 'eff_rank': 30.53605, 'wait_s': 14.24938}
{'step': 50000, 'sec': 7831, 'loss': 0.94667, 'loss_fut': 0.43156, 'loss_mask': 0.31671, 'var': 0.00325, 'cov': 0.18213, 'std_mean': 1.04092, 'std_min': 0.87282, 'eff_rank': 30.47919, 'wait_s': 14.69819}
{'step': 50500, 'sec': 7908, 'loss': 0.9466, 'loss_fut': 0.43229, 'loss_mask': 0.3162, 'var': 0.00316, 'cov': 0.18229, 'std_mean': 1.04643, 'std_min': 0.98535, 'eff_rank': 30.5396, 'wait_s': 14.93057}
{'step': 51000, 'sec': 7986, 'loss': 0.94603, 'loss_fut': 0.43163, 'loss_mask': 0.31611, 'var': 0.00315, 'cov': 0.18252, 'std_mean': 1.04334, 'std_min': 0.98036, 'eff_rank': 30.4896, 'wait_s': 14.48009}
{'step': 51500, 'sec': 8064, 'loss': 0.94282, 'loss_fut': 0.43129, 'loss_mask': 0.31428, 'var': 0.00313, 'cov': 0.18159, 'std_mean': 1.04423, 'std_min': 0.94508, 'eff_rank': 30.53949, 'wait_s': 15.35727}
{'step': 52000, 'sec': 8142, 'loss': 0.94412, 'loss_fut': 0.43014, 'loss_mask': 0.31517, 'var': 0.00317, 'cov': 0.18296, 'std_mean': 1.04553, 'std_min': 0.9747, 'eff_rank': 30.46052, 'wait_s': 15.59744}
{'step': 52500, 'sec': 8220, 'loss': 0.94066, 'loss_fut': 0.42969, 'loss_mask': 0.31412, 'var': 0.00314, 'cov': 0.18115, 'std_mean': 1.04445, 'std_min': 0.95669, 'eff_rank': 30.57989, 'wait_s': 15.39982}
{'step': 53000, 'sec': 8297, 'loss': 0.94084, 'loss_fut': 0.42998, 'loss_mask': 0.31381, 'var': 0.00305, 'cov': 0.18182, 'std_mean': 1.04637, 'std_min': 0.96482, 'eff_rank': 30.47474, 'wait_s': 14.93893}
{'step': 53500, 'sec': 8375, 'loss': 0.93977, 'loss_fut': 0.42968, 'loss_mask': 0.31256, 'var': 0.00312, 'cov': 0.1819, 'std_mean': 1.04592, 'std_min': 0.99132, 'eff_rank': 30.54096, 'wait_s': 14.71759}
{'step': 54000, 'sec': 8453, 'loss': 0.94022, 'loss_fut': 0.42905, 'loss_mask': 0.31249, 'var': 0.00315, 'cov': 0.18292, 'std_mean': 1.04405, 'std_min': 0.97995, 'eff_rank': 30.59507, 'wait_s': 14.43647}
{'step': 54500, 'sec': 8530, 'loss': 0.93736, 'loss_fut': 0.42828, 'loss_mask': 0.31307, 'var': 0.00311, 'cov': 0.18044, 'std_mean': 1.0433, 'std_min': 0.96824, 'eff_rank': 30.5496, 'wait_s': 15.21579}
{'step': 55000, 'sec': 8608, 'loss': 0.9394, 'loss_fut': 0.42842, 'loss_mask': 0.31264, 'var': 0.00322, 'cov': 0.18223, 'std_mean': 1.03604, 'std_min': 0.97238, 'eff_rank': 30.41609, 'wait_s': 15.07462}
{'step': 55500, 'sec': 8686, 'loss': 0.93911, 'loss_fut': 0.42887, 'loss_mask': 0.31303, 'var': 0.00313, 'cov': 0.18157, 'std_mean': 1.04399, 'std_min': 0.97496, 'eff_rank': 30.47837, 'wait_s': 14.25868}
{'step': 56000, 'sec': 8763, 'loss': 0.93977, 'loss_fut': 0.42917, 'loss_mask': 0.3126, 'var': 0.00315, 'cov': 0.18226, 'std_mean': 1.04279, 'std_min': 0.95107, 'eff_rank': 30.56228, 'wait_s': 14.16919}
{'step': 56500, 'sec': 8841, 'loss': 0.93774, 'loss_fut': 0.42822, 'loss_mask': 0.31251, 'var': 0.0031, 'cov': 0.18149, 'std_mean': 1.03956, 'std_min': 0.95269, 'eff_rank': 30.53552, 'wait_s': 14.54801}
{'step': 57000, 'sec': 8918, 'loss': 0.93886, 'loss_fut': 0.42895, 'loss_mask': 0.31296, 'var': 0.00317, 'cov': 0.1811, 'std_mean': 1.03815, 'std_min': 0.95776, 'eff_rank': 30.49857, 'wait_s': 15.21509}
{'step': 57500, 'sec': 8996, 'loss': 0.93901, 'loss_fut': 0.4293, 'loss_mask': 0.31191, 'var': 0.00307, 'cov': 0.18242, 'std_mean': 1.0463, 'std_min': 0.99675, 'eff_rank': 30.53188, 'wait_s': 14.87206}
{'step': 58000, 'sec': 9073, 'loss': 0.93907, 'loss_fut': 0.42942, 'loss_mask': 0.31265, 'var': 0.00314, 'cov': 0.1813, 'std_mean': 1.03928, 'std_min': 0.96063, 'eff_rank': 30.43169, 'wait_s': 14.31486}
{'step': 58500, 'sec': 9151, 'loss': 0.93791, 'loss_fut': 0.42829, 'loss_mask': 0.31234, 'var': 0.00302, 'cov': 0.18217, 'std_mean': 1.04148, 'std_min': 0.94899, 'eff_rank': 30.55478, 'wait_s': 15.20793}
{'step': 59000, 'sec': 9229, 'loss': 0.93624, 'loss_fut': 0.42739, 'loss_mask': 0.31131, 'var': 0.00311, 'cov': 0.18199, 'std_mean': 1.04302, 'std_min': 0.97973, 'eff_rank': 30.50499, 'wait_s': 14.75394}
{'step': 59500, 'sec': 9307, 'loss': 0.936, 'loss_fut': 0.42726, 'loss_mask': 0.31217, 'var': 0.00311, 'cov': 0.18104, 'std_mean': 1.04212, 'std_min': 0.94229, 'eff_rank': 30.54181, 'wait_s': 14.47031}
{'step': 60000, 'sec': 9385, 'loss': 0.93438, 'loss_fut': 0.42704, 'loss_mask': 0.31058, 'var': 0.00309, 'cov': 0.18129, 'std_mean': 1.04323, 'std_min': 0.97898, 'eff_rank': 30.54214, 'wait_s': 14.37292}
{'step': 60500, 'sec': 9471, 'loss': 0.93448, 'loss_fut': 0.42694, 'loss_mask': 0.31169, 'var': 0.0031, 'cov': 0.18035, 'std_mean': 1.04227, 'std_min': 0.95042, 'eff_rank': 30.44446, 'wait_s': 17.99313}
{'step': 61000, 'sec': 9550, 'loss': 0.93524, 'loss_fut': 0.42759, 'loss_mask': 0.31064, 'var': 0.0032, 'cov': 0.18099, 'std_mean': 1.04259, 'std_min': 0.95425, 'eff_rank': 30.57626, 'wait_s': 15.5757}
{'step': 61500, 'sec': 9628, 'loss': 0.93481, 'loss_fut': 0.42784, 'loss_mask': 0.31026, 'var': 0.0031, 'cov': 0.18122, 'std_mean': 1.04321, 'std_min': 0.96476, 'eff_rank': 30.52773, 'wait_s': 15.28858}
{'step': 62000, 'sec': 9706, 'loss': 0.93372, 'loss_fut': 0.42805, 'loss_mask': 0.30968, 'var': 0.00306, 'cov': 0.18069, 'std_mean': 1.04466, 'std_min': 0.96599, 'eff_rank': 30.50153, 'wait_s': 14.60933}
{'step': 62500, 'sec': 9784, 'loss': 0.93361, 'loss_fut': 0.42756, 'loss_mask': 0.30951, 'var': 0.003, 'cov': 0.18152, 'std_mean': 1.04272, 'std_min': 0.97027, 'eff_rank': 30.45031, 'wait_s': 14.91098}
{'step': 63000, 'sec': 9862, 'loss': 0.93629, 'loss_fut': 0.42818, 'loss_mask': 0.31078, 'var': 0.00306, 'cov': 0.18203, 'std_mean': 1.04439, 'std_min': 0.96408, 'eff_rank': 30.49131, 'wait_s': 14.91253}
{'step': 63500, 'sec': 9940, 'loss': 0.93568, 'loss_fut': 0.42852, 'loss_mask': 0.30979, 'var': 0.0031, 'cov': 0.18185, 'std_mean': 1.04342, 'std_min': 0.9846, 'eff_rank': 30.48261, 'wait_s': 15.29501}
{'step': 64000, 'sec': 10018, 'loss': 0.93346, 'loss_fut': 0.42718, 'loss_mask': 0.31029, 'var': 0.00303, 'cov': 0.18085, 'std_mean': 1.0422, 'std_min': 0.92832, 'eff_rank': 30.48896, 'wait_s': 14.96097}
{'step': 64500, 'sec': 10096, 'loss': 0.93178, 'loss_fut': 0.42653, 'loss_mask': 0.30979, 'var': 0.00304, 'cov': 0.18026, 'std_mean': 1.04149, 'std_min': 0.94227, 'eff_rank': 30.52749, 'wait_s': 14.95546}
{'step': 65000, 'sec': 10173, 'loss': 0.93223, 'loss_fut': 0.42696, 'loss_mask': 0.30995, 'var': 0.00302, 'cov': 0.18021, 'std_mean': 1.0459, 'std_min': 0.97418, 'eff_rank': 30.45525, 'wait_s': 15.79868}
{'step': 65500, 'sec': 10251, 'loss': 0.93345, 'loss_fut': 0.42704, 'loss_mask': 0.31051, 'var': 0.00306, 'cov': 0.18061, 'std_mean': 1.03903, 'std_min': 0.95233, 'eff_rank': 30.43325, 'wait_s': 15.81786}
{'step': 66000, 'sec': 10329, 'loss': 0.93357, 'loss_fut': 0.42778, 'loss_mask': 0.31004, 'var': 0.003, 'cov': 0.18074, 'std_mean': 1.03897, 'std_min': 0.97275, 'eff_rank': 30.55986, 'wait_s': 14.63764}
{'step': 66500, 'sec': 10407, 'loss': 0.93514, 'loss_fut': 0.42744, 'loss_mask': 0.31072, 'var': 0.00301, 'cov': 0.18193, 'std_mean': 1.04149, 'std_min': 0.95624, 'eff_rank': 30.53169, 'wait_s': 15.23735}
{'step': 67000, 'sec': 10485, 'loss': 0.93397, 'loss_fut': 0.42744, 'loss_mask': 0.31065, 'var': 0.00309, 'cov': 0.18045, 'std_mean': 1.04377, 'std_min': 0.95851, 'eff_rank': 30.55855, 'wait_s': 14.99756}
{'step': 67500, 'sec': 10563, 'loss': 0.93317, 'loss_fut': 0.42747, 'loss_mask': 0.30938, 'var': 0.00307, 'cov': 0.18098, 'std_mean': 1.0402, 'std_min': 0.94601, 'eff_rank': 30.50057, 'wait_s': 14.56559}
{'step': 68000, 'sec': 10641, 'loss': 0.93144, 'loss_fut': 0.42677, 'loss_mask': 0.30877, 'var': 0.00309, 'cov': 0.18043, 'std_mean': 1.04095, 'std_min': 0.94844, 'eff_rank': 30.47516, 'wait_s': 14.61765}
{'step': 68500, 'sec': 10719, 'loss': 0.93122, 'loss_fut': 0.42668, 'loss_mask': 0.30933, 'var': 0.00299, 'cov': 0.18024, 'std_mean': 1.04113, 'std_min': 0.93185, 'eff_rank': 30.55525, 'wait_s': 14.85792}
{'step': 69000, 'sec': 10797, 'loss': 0.932, 'loss_fut': 0.42705, 'loss_mask': 0.30928, 'var': 0.003, 'cov': 0.18068, 'std_mean': 1.04601, 'std_min': 0.94879, 'eff_rank': 30.523, 'wait_s': 14.7579}
{'step': 69500, 'sec': 10874, 'loss': 0.93323, 'loss_fut': 0.42701, 'loss_mask': 0.30943, 'var': 0.00316, 'cov': 0.18102, 'std_mean': 1.04115, 'std_min': 0.93275, 'eff_rank': 30.57202, 'wait_s': 14.83805}
{'step': 70000, 'sec': 10952, 'loss': 0.92807, 'loss_fut': 0.42607, 'loss_mask': 0.30692, 'var': 0.00306, 'cov': 0.1798, 'std_mean': 1.04561, 'std_min': 0.95751, 'eff_rank': 30.51748, 'wait_s': 14.72361}
{'step': 70500, 'sec': 11030, 'loss': 0.92839, 'loss_fut': 0.42564, 'loss_mask': 0.30684, 'var': 0.00313, 'cov': 0.18027, 'std_mean': 1.04513, 'std_min': 0.96396, 'eff_rank': 30.49681, 'wait_s': 14.76081}
{'step': 71000, 'sec': 11108, 'loss': 0.93009, 'loss_fut': 0.42613, 'loss_mask': 0.30748, 'var': 0.00302, 'cov': 0.18139, 'std_mean': 1.04147, 'std_min': 0.99077, 'eff_rank': 30.48732, 'wait_s': 15.28353}
{'step': 71500, 'sec': 11186, 'loss': 0.9279, 'loss_fut': 0.42617, 'loss_mask': 0.30625, 'var': 0.00301, 'cov': 0.18043, 'std_mean': 1.04241, 'std_min': 0.954, 'eff_rank': 30.56912, 'wait_s': 14.82755}
{'step': 72000, 'sec': 11264, 'loss': 0.92922, 'loss_fut': 0.4259, 'loss_mask': 0.30701, 'var': 0.00302, 'cov': 0.18119, 'std_mean': 1.04363, 'std_min': 0.97957, 'eff_rank': 30.46655, 'wait_s': 14.81096}
{'step': 72500, 'sec': 11342, 'loss': 0.92912, 'loss_fut': 0.42585, 'loss_mask': 0.30728, 'var': 0.00307, 'cov': 0.18065, 'std_mean': 1.04051, 'std_min': 0.94946, 'eff_rank': 30.44262, 'wait_s': 15.44513}
{'step': 73000, 'sec': 11420, 'loss': 0.92852, 'loss_fut': 0.42612, 'loss_mask': 0.30715, 'var': 0.00294, 'cov': 0.18056, 'std_mean': 1.04467, 'std_min': 0.9106, 'eff_rank': 30.43302, 'wait_s': 14.61457}
{'step': 73500, 'sec': 11498, 'loss': 0.92656, 'loss_fut': 0.42517, 'loss_mask': 0.30717, 'var': 0.00304, 'cov': 0.179, 'std_mean': 1.04001, 'std_min': 0.95857, 'eff_rank': 30.56324, 'wait_s': 15.06896}
{'step': 74000, 'sec': 11575, 'loss': 0.92864, 'loss_fut': 0.4261, 'loss_mask': 0.30766, 'var': 0.00295, 'cov': 0.18013, 'std_mean': 1.04359, 'std_min': 0.95884, 'eff_rank': 30.58365, 'wait_s': 15.31773}
{'step': 74500, 'sec': 11653, 'loss': 0.92775, 'loss_fut': 0.42532, 'loss_mask': 0.30676, 'var': 0.00301, 'cov': 0.18064, 'std_mean': 1.04406, 'std_min': 0.96901, 'eff_rank': 30.52015, 'wait_s': 15.44861}
{'step': 75000, 'sec': 11731, 'loss': 0.92597, 'loss_fut': 0.42523, 'loss_mask': 0.30721, 'var': 0.00293, 'cov': 0.17889, 'std_mean': 1.04337, 'std_min': 0.9725, 'eff_rank': 30.56038, 'wait_s': 15.8598}
{'step': 75500, 'sec': 11810, 'loss': 0.9277, 'loss_fut': 0.42509, 'loss_mask': 0.30697, 'var': 0.00311, 'cov': 0.18007, 'std_mean': 1.04381, 'std_min': 0.95476, 'eff_rank': 30.56599, 'wait_s': 15.88434}
{'step': 76000, 'sec': 11888, 'loss': 0.92704, 'loss_fut': 0.42506, 'loss_mask': 0.30698, 'var': 0.00296, 'cov': 0.18018, 'std_mean': 1.04166, 'std_min': 0.95624, 'eff_rank': 30.54095, 'wait_s': 14.68816}
{'step': 76500, 'sec': 11968, 'loss': 0.92686, 'loss_fut': 0.42521, 'loss_mask': 0.30666, 'var': 0.00311, 'cov': 0.17943, 'std_mean': 1.04574, 'std_min': 0.9627, 'eff_rank': 30.478, 'wait_s': 17.36222}
{'step': 77000, 'sec': 12049, 'loss': 0.9263, 'loss_fut': 0.42494, 'loss_mask': 0.30702, 'var': 0.00305, 'cov': 0.17908, 'std_mean': 1.04218, 'std_min': 0.97662, 'eff_rank': 30.56109, 'wait_s': 17.36235}
{'step': 77500, 'sec': 12126, 'loss': 0.92622, 'loss_fut': 0.4249, 'loss_mask': 0.30573, 'var': 0.00308, 'cov': 0.18017, 'std_mean': 1.03701, 'std_min': 0.89327, 'eff_rank': 30.49306, 'wait_s': 15.15722}
{'step': 78000, 'sec': 12205, 'loss': 0.92409, 'loss_fut': 0.42421, 'loss_mask': 0.30583, 'var': 0.00297, 'cov': 0.17921, 'std_mean': 1.04212, 'std_min': 0.97128, 'eff_rank': 30.40435, 'wait_s': 14.40106}
{'step': 78500, 'sec': 12283, 'loss': 0.92485, 'loss_fut': 0.42372, 'loss_mask': 0.30708, 'var': 0.00302, 'cov': 0.17895, 'std_mean': 1.0404, 'std_min': 0.92392, 'eff_rank': 30.56182, 'wait_s': 14.74888}
{'step': 79000, 'sec': 12361, 'loss': 0.92357, 'loss_fut': 0.42374, 'loss_mask': 0.30512, 'var': 0.00298, 'cov': 0.17981, 'std_mean': 1.03932, 'std_min': 0.98749, 'eff_rank': 30.5218, 'wait_s': 14.93932}
{'step': 79500, 'sec': 12439, 'loss': 0.92084, 'loss_fut': 0.42386, 'loss_mask': 0.30415, 'var': 0.00291, 'cov': 0.1783, 'std_mean': 1.043, 'std_min': 0.97258, 'eff_rank': 30.50105, 'wait_s': 14.61465}
{'step': 80000, 'sec': 12517, 'loss': 0.92269, 'loss_fut': 0.42389, 'loss_mask': 0.30404, 'var': 0.00308, 'cov': 0.17938, 'std_mean': 1.0382, 'std_min': 0.92849, 'eff_rank': 30.51156, 'wait_s': 14.93231}
{'step': 80500, 'sec': 12595, 'loss': 0.92182, 'loss_fut': 0.42366, 'loss_mask': 0.30411, 'var': 0.00306, 'cov': 0.17876, 'std_mean': 1.04173, 'std_min': 0.98144, 'eff_rank': 30.52557, 'wait_s': 15.31231}
{'step': 81000, 'sec': 12673, 'loss': 0.92021, 'loss_fut': 0.423, 'loss_mask': 0.30411, 'var': 0.00293, 'cov': 0.17847, 'std_mean': 1.04105, 'std_min': 0.94969, 'eff_rank': 30.5032, 'wait_s': 14.89349}
{'step': 81500, 'sec': 12751, 'loss': 0.92165, 'loss_fut': 0.42329, 'loss_mask': 0.30367, 'var': 0.00302, 'cov': 0.1796, 'std_mean': 1.04149, 'std_min': 0.95978, 'eff_rank': 30.48213, 'wait_s': 15.36797}
{'step': 82000, 'sec': 12829, 'loss': 0.92296, 'loss_fut': 0.42405, 'loss_mask': 0.30378, 'var': 0.00297, 'cov': 0.18027, 'std_mean': 1.04332, 'std_min': 0.94358, 'eff_rank': 30.52543, 'wait_s': 15.05706}
{'step': 82500, 'sec': 12907, 'loss': 0.92127, 'loss_fut': 0.424, 'loss_mask': 0.30396, 'var': 0.00295, 'cov': 0.17859, 'std_mean': 1.04245, 'std_min': 0.97134, 'eff_rank': 30.40674, 'wait_s': 14.60501}
{'step': 83000, 'sec': 12985, 'loss': 0.92149, 'loss_fut': 0.42308, 'loss_mask': 0.30266, 'var': 0.00301, 'cov': 0.18069, 'std_mean': 1.04004, 'std_min': 0.97031, 'eff_rank': 30.50739, 'wait_s': 14.62575}
{'step': 83500, 'sec': 13062, 'loss': 0.91909, 'loss_fut': 0.42309, 'loss_mask': 0.30296, 'var': 0.00292, 'cov': 0.17846, 'std_mean': 1.04196, 'std_min': 0.94691, 'eff_rank': 30.47755, 'wait_s': 15.4336}
{'step': 84000, 'sec': 13140, 'loss': 0.91966, 'loss_fut': 0.42278, 'loss_mask': 0.30306, 'var': 0.00306, 'cov': 0.17852, 'std_mean': 1.04285, 'std_min': 0.97433, 'eff_rank': 30.57935, 'wait_s': 15.04365}
{'step': 84500, 'sec': 13218, 'loss': 0.91977, 'loss_fut': 0.42263, 'loss_mask': 0.30372, 'var': 0.00292, 'cov': 0.17882, 'std_mean': 1.04326, 'std_min': 0.98172, 'eff_rank': 30.48082, 'wait_s': 15.08961}
{'step': 85000, 'sec': 13296, 'loss': 0.91829, 'loss_fut': 0.42274, 'loss_mask': 0.30151, 'var': 0.00298, 'cov': 0.17913, 'std_mean': 1.0446, 'std_min': 0.97506, 'eff_rank': 30.51699, 'wait_s': 15.26931}
{'step': 85500, 'sec': 13373, 'loss': 0.91988, 'loss_fut': 0.42276, 'loss_mask': 0.30303, 'var': 0.00301, 'cov': 0.17905, 'std_mean': 1.04017, 'std_min': 0.95823, 'eff_rank': 30.5369, 'wait_s': 14.85867}
{'step': 86000, 'sec': 13451, 'loss': 0.92035, 'loss_fut': 0.42291, 'loss_mask': 0.30301, 'var': 0.00301, 'cov': 0.17937, 'std_mean': 1.04333, 'std_min': 0.98704, 'eff_rank': 30.52209, 'wait_s': 14.305}
{'step': 86500, 'sec': 13529, 'loss': 0.91917, 'loss_fut': 0.42332, 'loss_mask': 0.30282, 'var': 0.00294, 'cov': 0.17832, 'std_mean': 1.04127, 'std_min': 0.97881, 'eff_rank': 30.56319, 'wait_s': 15.53573}
{'step': 87000, 'sec': 13607, 'loss': 0.91812, 'loss_fut': 0.42315, 'loss_mask': 0.30168, 'var': 0.0029, 'cov': 0.1788, 'std_mean': 1.03851, 'std_min': 0.95895, 'eff_rank': 30.52181, 'wait_s': 15.12635}
{'step': 87500, 'sec': 13685, 'loss': 0.91863, 'loss_fut': 0.42271, 'loss_mask': 0.30205, 'var': 0.00301, 'cov': 0.17881, 'std_mean': 1.04197, 'std_min': 0.96346, 'eff_rank': 30.48867, 'wait_s': 15.17374}
{'step': 88000, 'sec': 13764, 'loss': 0.91721, 'loss_fut': 0.42287, 'loss_mask': 0.30222, 'var': 0.0029, 'cov': 0.17763, 'std_mean': 1.04228, 'std_min': 0.98532, 'eff_rank': 30.54791, 'wait_s': 16.19501}
{'step': 88500, 'sec': 13844, 'loss': 0.91796, 'loss_fut': 0.42296, 'loss_mask': 0.30155, 'var': 0.00291, 'cov': 0.17891, 'std_mean': 1.03831, 'std_min': 0.9499, 'eff_rank': 30.55699, 'wait_s': 16.0992}
{'step': 89000, 'sec': 13923, 'loss': 0.91745, 'loss_fut': 0.42284, 'loss_mask': 0.3014, 'var': 0.00291, 'cov': 0.17868, 'std_mean': 1.04219, 'std_min': 0.94717, 'eff_rank': 30.4996, 'wait_s': 14.51119}
{'step': 89500, 'sec': 14041, 'loss': 0.91848, 'loss_fut': 0.42247, 'loss_mask': 0.30266, 'var': 0.003, 'cov': 0.17837, 'std_mean': 1.04301, 'std_min': 0.96749, 'eff_rank': 30.52592, 'wait_s': 28.53715}
{'step': 90000, 'sec': 14212, 'loss': 0.91813, 'loss_fut': 0.42256, 'loss_mask': 0.30185, 'var': 0.00299, 'cov': 0.17874, 'std_mean': 1.04415, 'std_min': 0.95456, 'eff_rank': 30.53334, 'wait_s': 45.75546}
{'step': 90500, 'sec': 14477, 'loss': 0.91708, 'loss_fut': 0.42298, 'loss_mask': 0.30099, 'var': 0.00291, 'cov': 0.17858, 'std_mean': 1.04279, 'std_min': 0.97528, 'eff_rank': 30.51977, 'wait_s': 77.19128}
{'step': 91000, 'sec': 14781, 'loss': 0.91751, 'loss_fut': 0.42227, 'loss_mask': 0.30166, 'var': 0.00299, 'cov': 0.17862, 'std_mean': 1.04126, 'std_min': 0.9535, 'eff_rank': 30.53723, 'wait_s': 84.93353}
{'step': 91500, 'sec': 15056, 'loss': 0.91584, 'loss_fut': 0.42227, 'loss_mask': 0.301, 'var': 0.00303, 'cov': 0.17743, 'std_mean': 1.03934, 'std_min': 0.89648, 'eff_rank': 30.48966, 'wait_s': 77.39086}
{'step': 92000, 'sec': 15364, 'loss': 0.91686, 'loss_fut': 0.42219, 'loss_mask': 0.30149, 'var': 0.00301, 'cov': 0.17815, 'std_mean': 1.04243, 'std_min': 0.96788, 'eff_rank': 30.51078, 'wait_s': 89.00617}
{'step': 92500, 'sec': 15664, 'loss': 0.91617, 'loss_fut': 0.42238, 'loss_mask': 0.30066, 'var': 0.00294, 'cov': 0.17845, 'std_mean': 1.03995, 'std_min': 0.96561, 'eff_rank': 30.46757, 'wait_s': 84.10941}
{'step': 93000, 'sec': 15977, 'loss': 0.91511, 'loss_fut': 0.4221, 'loss_mask': 0.30026, 'var': 0.00283, 'cov': 0.17858, 'std_mean': 1.03954, 'std_min': 0.9659, 'eff_rank': 30.54153, 'wait_s': 91.2909}
{'step': 93500, 'sec': 16216, 'loss': 0.91559, 'loss_fut': 0.42207, 'loss_mask': 0.30052, 'var': 0.00298, 'cov': 0.1781, 'std_mean': 1.0404, 'std_min': 0.97389, 'eff_rank': 30.5215, 'wait_s': 59.3311}
{'step': 94000, 'sec': 16453, 'loss': 0.91476, 'loss_fut': 0.4218, 'loss_mask': 0.2992, 'var': 0.00292, 'cov': 0.17917, 'std_mean': 1.04123, 'std_min': 0.96249, 'eff_rank': 30.5329, 'wait_s': 64.29344}
{'step': 94500, 'sec': 16688, 'loss': 0.91354, 'loss_fut': 0.42154, 'loss_mask': 0.29957, 'var': 0.00294, 'cov': 0.17771, 'std_mean': 1.03882, 'std_min': 0.96887, 'eff_rank': 30.62111, 'wait_s': 60.67572}
{'step': 95000, 'sec': 16920, 'loss': 0.91455, 'loss_fut': 0.42212, 'loss_mask': 0.29966, 'var': 0.00294, 'cov': 0.17805, 'std_mean': 1.04063, 'std_min': 0.98547, 'eff_rank': 30.49454, 'wait_s': 63.17399}
{'step': 95500, 'sec': 17142, 'loss': 0.91483, 'loss_fut': 0.4223, 'loss_mask': 0.29999, 'var': 0.00282, 'cov': 0.17845, 'std_mean': 1.04277, 'std_min': 0.97173, 'eff_rank': 30.49529, 'wait_s': 59.2929}
{'step': 96000, 'sec': 17360, 'loss': 0.91446, 'loss_fut': 0.42172, 'loss_mask': 0.30026, 'var': 0.00288, 'cov': 0.1781, 'std_mean': 1.04104, 'std_min': 0.95075, 'eff_rank': 30.52541, 'wait_s': 51.30984}
{'step': 96500, 'sec': 17585, 'loss': 0.91274, 'loss_fut': 0.42093, 'loss_mask': 0.29945, 'var': 0.00295, 'cov': 0.17761, 'std_mean': 1.0398, 'std_min': 0.93736, 'eff_rank': 30.51537, 'wait_s': 55.54263}
{'step': 97000, 'sec': 17812, 'loss': 0.91422, 'loss_fut': 0.42169, 'loss_mask': 0.29922, 'var': 0.00304, 'cov': 0.17812, 'std_mean': 1.04205, 'std_min': 0.95676, 'eff_rank': 30.52832, 'wait_s': 57.94183}
{'step': 97500, 'sec': 18041, 'loss': 0.91464, 'loss_fut': 0.422, 'loss_mask': 0.29949, 'var': 0.00296, 'cov': 0.17832, 'std_mean': 1.04265, 'std_min': 0.94126, 'eff_rank': 30.57844, 'wait_s': 60.7661}
{'step': 98000, 'sec': 18271, 'loss': 0.9143, 'loss_fut': 0.42187, 'loss_mask': 0.29925, 'var': 0.00291, 'cov': 0.17862, 'std_mean': 1.04285, 'std_min': 0.97894, 'eff_rank': 30.57729, 'wait_s': 60.61329}
{'step': 98500, 'sec': 18496, 'loss': 0.91488, 'loss_fut': 0.42238, 'loss_mask': 0.29981, 'var': 0.00293, 'cov': 0.17807, 'std_mean': 1.04223, 'std_min': 0.93627, 'eff_rank': 30.48711, 'wait_s': 56.66367}
{'step': 99000, 'sec': 18730, 'loss': 0.91548, 'loss_fut': 0.42244, 'loss_mask': 0.29985, 'var': 0.00295, 'cov': 0.17843, 'std_mean': 1.0407, 'std_min': 0.94211, 'eff_rank': 30.4961, 'wait_s': 57.76842}
{'step': 99500, 'sec': 18964, 'loss': 0.91344, 'loss_fut': 0.4223, 'loss_mask': 0.29913, 'var': 0.0029, 'cov': 0.17751, 'std_mean': 1.04119, 'std_min': 0.97496, 'eff_rank': 30.56381, 'wait_s': 55.5374}
{'step': 100000, 'sec': 19192, 'loss': 0.91345, 'loss_fut': 0.42243, 'loss_mask': 0.29882, 'var': 0.00287, 'cov': 0.17786, 'std_mean': 1.04, 'std_min': 0.94736, 'eff_rank': 30.51788, 'wait_s': 60.65037}
{'step': 100500, 'sec': 19405, 'loss': 0.91285, 'loss_fut': 0.42222, 'loss_mask': 0.29843, 'var': 0.00301, 'cov': 0.17718, 'std_mean': 1.04118, 'std_min': 0.96986, 'eff_rank': 30.52426, 'wait_s': 56.92205}
{'step': 101000, 'sec': 19607, 'loss': 0.91262, 'loss_fut': 0.42235, 'loss_mask': 0.29851, 'var': 0.00291, 'cov': 0.17719, 'std_mean': 1.04093, 'std_min': 0.9736, 'eff_rank': 30.49591, 'wait_s': 51.78629}
{'step': 101500, 'sec': 19814, 'loss': 0.91406, 'loss_fut': 0.42254, 'loss_mask': 0.29977, 'var': 0.00288, 'cov': 0.17734, 'std_mean': 1.04029, 'std_min': 0.94448, 'eff_rank': 30.54786, 'wait_s': 53.45424}
{'step': 102000, 'sec': 20025, 'loss': 0.91491, 'loss_fut': 0.423, 'loss_mask': 0.29965, 'var': 0.00297, 'cov': 0.17743, 'std_mean': 1.03935, 'std_min': 0.97245, 'eff_rank': 30.52418, 'wait_s': 55.21749}
{'step': 102500, 'sec': 20228, 'loss': 0.9154, 'loss_fut': 0.42281, 'loss_mask': 0.29975, 'var': 0.00286, 'cov': 0.17853, 'std_mean': 1.04275, 'std_min': 0.96779, 'eff_rank': 30.51825, 'wait_s': 54.39459}
{'step': 103000, 'sec': 20438, 'loss': 0.91428, 'loss_fut': 0.42297, 'loss_mask': 0.29927, 'var': 0.00288, 'cov': 0.17766, 'std_mean': 1.04136, 'std_min': 0.95178, 'eff_rank': 30.55056, 'wait_s': 53.69578}
{'step': 103500, 'sec': 20647, 'loss': 0.91284, 'loss_fut': 0.4229, 'loss_mask': 0.29753, 'var': 0.00291, 'cov': 0.17787, 'std_mean': 1.04336, 'std_min': 0.94577, 'eff_rank': 30.4906, 'wait_s': 53.99964}
{'step': 104000, 'sec': 20855, 'loss': 0.91338, 'loss_fut': 0.42298, 'loss_mask': 0.29839, 'var': 0.00277, 'cov': 0.17813, 'std_mean': 1.03898, 'std_min': 0.96077, 'eff_rank': 30.55536, 'wait_s': 52.38391}
{'step': 104500, 'sec': 21063, 'loss': 0.91464, 'loss_fut': 0.4232, 'loss_mask': 0.29866, 'var': 0.00291, 'cov': 0.17821, 'std_mean': 1.04116, 'std_min': 0.96441, 'eff_rank': 30.47485, 'wait_s': 55.18744}
{'step': 105000, 'sec': 21270, 'loss': 0.9133, 'loss_fut': 0.42269, 'loss_mask': 0.29824, 'var': 0.00282, 'cov': 0.17825, 'std_mean': 1.03978, 'std_min': 0.96291, 'eff_rank': 30.52179, 'wait_s': 52.43314}
{'step': 105500, 'sec': 21472, 'loss': 0.91436, 'loss_fut': 0.42256, 'loss_mask': 0.29907, 'var': 0.00291, 'cov': 0.17817, 'std_mean': 1.04355, 'std_min': 0.94993, 'eff_rank': 30.54916, 'wait_s': 51.22493}
{'step': 106000, 'sec': 21703, 'loss': 0.91309, 'loss_fut': 0.42291, 'loss_mask': 0.29875, 'var': 0.00296, 'cov': 0.17664, 'std_mean': 1.04053, 'std_min': 0.93878, 'eff_rank': 30.54645, 'wait_s': 59.4688}
{'step': 106500, 'sec': 21932, 'loss': 0.91205, 'loss_fut': 0.42288, 'loss_mask': 0.29798, 'var': 0.00284, 'cov': 0.17699, 'std_mean': 1.04159, 'std_min': 0.93629, 'eff_rank': 30.46073, 'wait_s': 58.84288}
{'step': 107000, 'sec': 22162, 'loss': 0.91174, 'loss_fut': 0.42217, 'loss_mask': 0.29817, 'var': 0.00297, 'cov': 0.17657, 'std_mean': 1.04253, 'std_min': 0.96348, 'eff_rank': 30.51783, 'wait_s': 59.57734}
{'step': 107500, 'sec': 22396, 'loss': 0.91147, 'loss_fut': 0.42263, 'loss_mask': 0.29738, 'var': 0.00292, 'cov': 0.17686, 'std_mean': 1.04126, 'std_min': 0.97076, 'eff_rank': 30.46634, 'wait_s': 61.89224}
{'step': 108000, 'sec': 22624, 'loss': 0.91216, 'loss_fut': 0.42251, 'loss_mask': 0.2979, 'var': 0.00285, 'cov': 0.17749, 'std_mean': 1.03914, 'std_min': 0.94515, 'eff_rank': 30.47383, 'wait_s': 60.11465}
{'step': 108500, 'sec': 22854, 'loss': 0.91324, 'loss_fut': 0.42276, 'loss_mask': 0.2979, 'var': 0.00297, 'cov': 0.17774, 'std_mean': 1.04076, 'std_min': 0.96129, 'eff_rank': 30.43984, 'wait_s': 60.20451}
{'step': 109000, 'sec': 23096, 'loss': 0.91202, 'loss_fut': 0.42289, 'loss_mask': 0.29747, 'var': 0.00283, 'cov': 0.17751, 'std_mean': 1.04152, 'std_min': 0.97829, 'eff_rank': 30.49192, 'wait_s': 58.05012}
{'step': 109500, 'sec': 23329, 'loss': 0.91324, 'loss_fut': 0.42276, 'loss_mask': 0.2984, 'var': 0.00287, 'cov': 0.17773, 'std_mean': 1.04245, 'std_min': 0.94805, 'eff_rank': 30.48997, 'wait_s': 60.69187}
{'step': 110000, 'sec': 23558, 'loss': 0.9117, 'loss_fut': 0.42253, 'loss_mask': 0.29753, 'var': 0.00272, 'cov': 0.17806, 'std_mean': 1.04139, 'std_min': 0.95267, 'eff_rank': 30.55973, 'wait_s': 60.67515}
{'step': 110500, 'sec': 23790, 'loss': 0.91176, 'loss_fut': 0.42268, 'loss_mask': 0.29751, 'var': 0.00294, 'cov': 0.17686, 'std_mean': 1.03799, 'std_min': 0.95515, 'eff_rank': 30.56123, 'wait_s': 61.01132}
{'step': 111000, 'sec': 24012, 'loss': 0.91392, 'loss_fut': 0.42253, 'loss_mask': 0.2985, 'var': 0.003, 'cov': 0.17788, 'std_mean': 1.03982, 'std_min': 0.97594, 'eff_rank': 30.55184, 'wait_s': 57.67288}
{'step': 111500, 'sec': 24249, 'loss': 0.91127, 'loss_fut': 0.42244, 'loss_mask': 0.29771, 'var': 0.00292, 'cov': 0.17652, 'std_mean': 1.04249, 'std_min': 0.98414, 'eff_rank': 30.48319, 'wait_s': 60.43245}
{'step': 112000, 'sec': 24450, 'loss': 0.91257, 'loss_fut': 0.42224, 'loss_mask': 0.29877, 'var': 0.00284, 'cov': 0.17738, 'std_mean': 1.03936, 'std_min': 0.96314, 'eff_rank': 30.52734, 'wait_s': 50.41104}
{'step': 112500, 'sec': 24659, 'loss': 0.91156, 'loss_fut': 0.42249, 'loss_mask': 0.29774, 'var': 0.0029, 'cov': 0.17682, 'std_mean': 1.03747, 'std_min': 0.93895, 'eff_rank': 30.47997, 'wait_s': 51.94754}
{'step': 113000, 'sec': 24864, 'loss': 0.91037, 'loss_fut': 0.42243, 'loss_mask': 0.29701, 'var': 0.00293, 'cov': 0.17629, 'std_mean': 1.04134, 'std_min': 0.94141, 'eff_rank': 30.50576, 'wait_s': 53.27025}
{'step': 113500, 'sec': 25067, 'loss': 0.91186, 'loss_fut': 0.42265, 'loss_mask': 0.29791, 'var': 0.00294, 'cov': 0.1766, 'std_mean': 1.04053, 'std_min': 0.9869, 'eff_rank': 30.5033, 'wait_s': 52.39258}
{'step': 114000, 'sec': 25272, 'loss': 0.91078, 'loss_fut': 0.42262, 'loss_mask': 0.29699, 'var': 0.00286, 'cov': 0.17686, 'std_mean': 1.04288, 'std_min': 0.98697, 'eff_rank': 30.53786, 'wait_s': 52.78043}
{'step': 114500, 'sec': 25483, 'loss': 0.91286, 'loss_fut': 0.42293, 'loss_mask': 0.29801, 'var': 0.00291, 'cov': 0.17737, 'std_mean': 1.04015, 'std_min': 0.95385, 'eff_rank': 30.52643, 'wait_s': 52.93147}
{'step': 115000, 'sec': 25696, 'loss': 0.91131, 'loss_fut': 0.42278, 'loss_mask': 0.29741, 'var': 0.00288, 'cov': 0.17671, 'std_mean': 1.03615, 'std_min': 0.93558, 'eff_rank': 30.50944, 'wait_s': 54.22849}
{'step': 115500, 'sec': 25905, 'loss': 0.91126, 'loss_fut': 0.4232, 'loss_mask': 0.29792, 'var': 0.00287, 'cov': 0.17577, 'std_mean': 1.04095, 'std_min': 0.97275, 'eff_rank': 30.52781, 'wait_s': 54.4115}
{'step': 116000, 'sec': 26116, 'loss': 0.91116, 'loss_fut': 0.42327, 'loss_mask': 0.29711, 'var': 0.00283, 'cov': 0.17664, 'std_mean': 1.04371, 'std_min': 0.95279, 'eff_rank': 30.55201, 'wait_s': 55.33176}
{'step': 116500, 'sec': 26327, 'loss': 0.9116, 'loss_fut': 0.4231, 'loss_mask': 0.29754, 'var': 0.00286, 'cov': 0.17665, 'std_mean': 1.0409, 'std_min': 0.97082, 'eff_rank': 30.54334, 'wait_s': 53.21975}
{'step': 117000, 'sec': 26537, 'loss': 0.9102, 'loss_fut': 0.42285, 'loss_mask': 0.29688, 'var': 0.00281, 'cov': 0.17641, 'std_mean': 1.04093, 'std_min': 0.98118, 'eff_rank': 30.57859, 'wait_s': 53.12573}
{'step': 117500, 'sec': 26736, 'loss': 0.91108, 'loss_fut': 0.42306, 'loss_mask': 0.297, 'var': 0.00286, 'cov': 0.17674, 'std_mean': 1.04266, 'std_min': 0.98152, 'eff_rank': 30.58539, 'wait_s': 50.44251}
{'step': 118000, 'sec': 26963, 'loss': 0.9113, 'loss_fut': 0.42264, 'loss_mask': 0.29685, 'var': 0.00288, 'cov': 0.17741, 'std_mean': 1.0426, 'std_min': 0.94473, 'eff_rank': 30.58038, 'wait_s': 60.48943}
{'step': 118500, 'sec': 27190, 'loss': 0.91172, 'loss_fut': 0.4231, 'loss_mask': 0.29768, 'var': 0.00288, 'cov': 0.17657, 'std_mean': 1.04101, 'std_min': 0.96314, 'eff_rank': 30.52936, 'wait_s': 59.72165}
{'step': 119000, 'sec': 27422, 'loss': 0.9096, 'loss_fut': 0.42272, 'loss_mask': 0.29669, 'var': 0.00278, 'cov': 0.17628, 'std_mean': 1.04035, 'std_min': 0.94782, 'eff_rank': 30.51317, 'wait_s': 60.39351}
{'step': 119500, 'sec': 27654, 'loss': 0.91176, 'loss_fut': 0.42298, 'loss_mask': 0.29745, 'var': 0.00292, 'cov': 0.17674, 'std_mean': 1.04071, 'std_min': 0.94631, 'eff_rank': 30.47592, 'wait_s': 60.06107}
{'step': 120000, 'sec': 27874, 'loss': 0.91181, 'loss_fut': 0.42317, 'loss_mask': 0.29768, 'var': 0.00281, 'cov': 0.1769, 'std_mean': 1.04278, 'std_min': 0.91939, 'eff_rank': 30.49169, 'wait_s': 53.47898}
saved 120000 steps 27874 s
