== process 0
2017-03-01T00: val start 11158, available 11078 windows, built 11078 in 1s
2017-03-01T00 11.5d: n 11078 done at 50s
2017-03-01T00 90d: n 11078 done at 110s
2017-03-01T00 365d: n 11078 done at 196s
2017-03-01T00 3y: n 11078 done at 280s
2018-11-16T02: val start 875642, available 875562 windows, built 875562 in 88s
2018-11-16T02 11.5d: n 16560 done at 132s
2018-11-16T02 90d: n 129600 done at 491s
2018-11-16T02 365d: n 525600 done at 781s
2018-11-16T02 3y: n 875562 done at 1110s
2021-06-10T18: val start 2225882, available 2225802 windows, built 1576800 in 168s
2021-06-10T18 11.5d: n 16560 done at 214s
2021-06-10T18 90d: n 129600 done at 551s
2021-06-10T18 365d: n 525600 done at 827s
2021-06-10T18 3y: n 1576800 done at 1114s
2023-04-29T08: val start 3216002, available 3215922 windows, built 1576800 in 192s
2023-04-29T08 11.5d: n 16560 done at 267s
2023-04-29T08 90d: n 129600 done at 595s
2023-04-29T08 365d: n 525600 done at 1063s
2023-04-29T08 3y: n 1576800 done at 1504s
== process 1
2017-05-02T12: val start 65522, available 65442 windows, built 65442 in 6s
2017-05-02T12 11.5d: n 16560 done at 58s
2017-05-02T12 90d: n 65442 done at 265s
2017-05-02T12 365d: n 65442 done at 441s
2017-05-02T12 3y: n 65442 done at 668s
2019-01-17T14: val start 965642, available 965562 windows, built 965562 in 95s
2019-01-17T14 11.5d: n 16560 done at 181s
2019-01-17T14 90d: n 129600 done at 468s
2019-01-17T14 365d: n 525600 done at 775s
2019-01-17T14 3y: n 965562 done at 1077s
2021-08-12T06: val start 2315882, available 2315802 windows, built 1576800 in 174s
2021-08-12T06 11.5d: n 16560 done at 243s
2021-08-12T06 90d: n 129600 done at 553s
2021-08-12T06 365d: n 525600 done at 794s
2021-08-12T06 3y: n 1576800 done at 1177s
2023-06-30T21: val start 3306062, available 3305982 windows, built 1576800 in 189s
2023-06-30T21 11.5d: n 16560 done at 324s
2023-06-30T21 90d: n 129600 done at 799s
2023-06-30T21 365d: n 525600 done at 1188s
2023-06-30T21 3y: n 1576800 done at 1656s
== process 2
2017-07-04T00: val start 155522, available 155442 windows, built 155442 in 14s
2017-07-04T00 11.5d: n 16560 done at 45s
2017-07-04T00 90d: n 129600 done at 428s
2017-07-04T00 365d: n 155442 done at 697s
2017-07-04T00 3y: n 155442 done at 971s
2019-09-24T15: val start 1325702, available 1325622 windows, built 1325622 in 140s
2019-09-24T15 11.5d: n 16560 done at 209s
2019-09-24T15 90d: n 129600 done at 647s
2019-09-24T15 365d: n 525600 done at 927s
2019-09-24T15 3y: n 1325622 done at 1262s
2021-10-13T18: val start 2405882, available 2405802 windows, built 1576800 in 167s
2021-10-13T18 11.5d: n 16560 done at 225s
2021-10-13T18 90d: n 129600 done at 604s
2021-10-13T18 365d: n 525600 done at 897s
2021-10-13T18 3y: n 1576800 done at 1418s
2023-09-01T09: val start 3396062, available 3395982 windows, built 1576800 in 400s
2023-09-01T09 11.5d: n 16560 done at 501s
2023-09-01T09 90d: n 129600 done at 994s
2023-09-01T09 365d: n 525600 done at 1538s
2023-09-01T09 3y: n 1576800 done at 1964s
== process 3
2017-09-04T12: val start 245522, available 245442 windows, built 245442 in 20s
2017-09-04T12 11.5d: n 16560 done at 68s
2017-09-04T12 90d: n 129600 done at 387s
2017-09-04T12 365d: n 245442 done at 677s
2017-09-04T12 3y: n 245442 done at 968s
2019-11-26T03: val start 1415702, available 1415622 windows, built 1415622 in 150s
2019-11-26T03 11.5d: n 16560 done at 185s
2019-11-26T03 90d: n 129600 done at 564s
2019-11-26T03 365d: n 525600 done at 830s
2019-11-26T03 3y: n 1415622 done at 1229s
2021-12-15T06: val start 2495882, available 2495802 windows, built 1576800 in 164s
2021-12-15T06 11.5d: n 16560 done at 225s
2021-12-15T06 90d: n 129600 done at 571s
2021-12-15T06 365d: n 525600 done at 872s
2021-12-15T06 3y: n 1576800 done at 1379s
2024-07-09T22: val start 3846122, available 3846042 windows, built 1576800 in 419s
2024-07-09T22 11.5d: n 16560 done at 533s
2024-07-09T22 90d: n 129600 done at 1345s
2024-07-09T22 365d: n 525600 done at 1563s
2024-07-09T22 3y: n 1576800 done at 1833s
== process 4
2018-05-12T13: val start 605582, available 605502 windows, built 605502 in 45s
2018-05-12T13 11.5d: n 16560 done at 91s
2018-05-12T13 90d: n 129600 done at 464s
2018-05-12T13 365d: n 525600 done at 740s
2018-05-12T13 3y: n 605502 done at 1034s
2020-03-30T04: val start 1595762, available 1595682 windows, built 1576800 in 158s
2020-03-30T04 11.5d: n 16560 done at 267s
2020-03-30T04 90d: n 129600 done at 571s
2020-03-30T04 365d: n 525600 done at 880s
2020-03-30T04 3y: n 1576800 done at 1183s
2022-10-23T20: val start 2946002, available 2945922 windows, built 1576800 in 167s
2022-10-23T20 11.5d: n 16560 done at 231s
2022-10-23T20 90d: n 129600 done at 556s
2022-10-23T20 365d: n 525600 done at 866s
2022-10-23T20 3y: n 1576800 done at 1331s
2024-11-11T23: val start 4026182, available 4026102 windows, built 1576800 in 418s
2024-11-11T23 11.5d: n 16560 done at 516s
2024-11-11T23 90d: n 129600 done at 1019s
2024-11-11T23 365d: n 525600 done at 1538s
2024-11-11T23 3y: n 1576800 done at 1809s
== process 5
2018-07-14T01: val start 695582, available 695502 windows, built 695502 in 53s
2018-07-14T01 11.5d: n 16560 done at 128s
2018-07-14T01 90d: n 129600 done at 420s
2018-07-14T01 365d: n 525600 done at 700s
2018-07-14T01 3y: n 695502 done at 983s
2020-08-02T04: val start 1775762, available 1775682 windows, built 1576800 in 160s
2020-08-02T04 11.5d: n 16560 done at 216s
2020-08-02T04 90d: n 129600 done at 585s
2020-08-02T04 365d: n 525600 done at 934s
2020-08-02T04 3y: n 1576800 done at 1315s
2023-02-25T20: val start 3126002, available 3125922 windows, built 1576800 in 165s
2023-02-25T20 11.5d: n 16560 done at 277s
2023-02-25T20 90d: n 129600 done at 689s
2023-02-25T20 365d: n 525600 done at 1088s
2023-02-25T20 3y: n 1576800 done at 1580s
2025-01-13T11: val start 4116182, available 4116102 windows, built 1576800 in 402s
2025-01-13T11 11.5d: n 16560 done at 585s
2025-01-13T11 90d: n 129600 done at 1196s
2025-01-13T11 365d: n 525600 done at 1462s
2025-01-13T11 3y: n 1576800 done at 2083s
