L0 2017-03-01T00.npz auc3 0.5609
L0 2017-05-02T12.npz auc3 0.6651
L0 2017-07-04T00.npz auc3 0.6542
L0 2017-09-04T12.npz auc3 0.5668
L0 2018-05-12T13.npz auc3 0.5620
L0 2018-07-14T01.npz auc3 0.5860
L0 2018-11-16T02.npz auc3 0.6243
L0 2019-01-17T14.npz auc3 0.6364
L0 2019-09-24T15.npz auc3 0.5545
L0 2019-11-26T03.npz auc3 0.6172
L0 2020-03-30T04.npz auc3 0.5787
L0 2020-08-02T04.npz auc3 0.6114
L0 2021-06-10T18.npz auc3 0.5583
L0 2021-08-12T06.npz auc3 0.5639
L0 2021-10-13T18.npz auc3 0.5530
L0 2021-12-15T06.npz auc3 0.5195
L0 2022-10-23T20.npz auc3 0.5321
L0 2023-02-25T20.npz auc3 0.5277
L0 2023-04-29T08.npz auc3 0.5278
L0 2023-06-30T21.npz auc3 0.5473
L0 2023-09-01T09.npz auc3 0.5572
L0 2024-07-09T22.npz auc3 0.5243
L0 2024-11-11T23.npz auc3 0.5428
L0 2025-01-13T11.npz auc3 0.5102
L0: mean3 0.5701  fit 1.6 s  total 8.7 s
L1 2017-03-01T00.npz auc3 0.5611
L1 2017-05-02T12.npz auc3 0.6652
L1 2017-07-04T00.npz auc3 0.6542
L1 2017-09-04T12.npz auc3 0.5667
L1 2018-05-12T13.npz auc3 0.5620
L1 2018-07-14T01.npz auc3 0.5861
L1 2018-11-16T02.npz auc3 0.6243
L1 2019-01-17T14.npz auc3 0.6364
L1 2019-09-24T15.npz auc3 0.5545
L1 2019-11-26T03.npz auc3 0.6173
L1 2020-03-30T04.npz auc3 0.5787
L1 2020-08-02T04.npz auc3 0.6114
L1 2021-06-10T18.npz auc3 0.5582
L1 2021-08-12T06.npz auc3 0.5639
L1 2021-10-13T18.npz auc3 0.5530
L1 2021-12-15T06.npz auc3 0.5197
L1 2022-10-23T20.npz auc3 0.5321
L1 2023-02-25T20.npz auc3 0.5276
L1 2023-04-29T08.npz auc3 0.5278
L1 2023-06-30T21.npz auc3 0.5473
L1 2023-09-01T09.npz auc3 0.5571
L1 2024-07-09T22.npz auc3 0.5244
L1 2024-11-11T23.npz auc3 0.5428
L1 2025-01-13T11.npz auc3 0.5101
L1: mean3 0.5701  fit 115.4 s  total 123.8 s
L3 2017-03-01T00.npz auc3 0.5611
L3 2017-05-02T12.npz auc3 0.6652
L3 2017-07-04T00.npz auc3 0.6542
L3 2017-09-04T12.npz auc3 0.5667
L3 2018-05-12T13.npz auc3 0.5620
L3 2018-07-14T01.npz auc3 0.5861
L3 2018-11-16T02.npz auc3 0.6243
L3 2019-01-17T14.npz auc3 0.6364
L3 2019-09-24T15.npz auc3 0.5545
L3 2019-11-26T03.npz auc3 0.6173
L3 2020-03-30T04.npz auc3 0.5787
L3 2020-08-02T04.npz auc3 0.6114
L3 2021-06-10T18.npz auc3 0.5582
L3 2021-08-12T06.npz auc3 0.5639
L3 2021-10-13T18.npz auc3 0.5530
L3 2021-12-15T06.npz auc3 0.5197
L3 2022-10-23T20.npz auc3 0.5321
L3 2023-02-25T20.npz auc3 0.5276
L3 2023-04-29T08.npz auc3 0.5278
L3 2023-06-30T21.npz auc3 0.5473
L3 2023-09-01T09.npz auc3 0.5571
L3 2024-07-09T22.npz auc3 0.5244
L3 2024-11-11T23.npz auc3 0.5428
L3 2025-01-13T11.npz auc3 0.5101
L3: mean3 0.5701  fit 42.4 s  total 50.6 s
L5 2017-03-01T00.npz auc3 0.5602
L5 2017-05-02T12.npz auc3 0.6750
L5 2017-07-04T00.npz auc3 0.6661
L5 2017-09-04T12.npz auc3 0.5641
L5 2018-05-12T13.npz auc3 0.5600
L5 2018-07-14T01.npz auc3 0.5826
L5 2018-11-16T02.npz auc3 0.6199
L5 2019-01-17T14.npz auc3 0.6388
L5 2019-09-24T15.npz auc3 0.5576
L5 2019-11-26T03.npz auc3 0.6100
L5 2020-03-30T04.npz auc3 0.5668
L5 2020-08-02T04.npz auc3 0.6138
L5 2021-06-10T18.npz auc3 0.5614
L5 2021-08-12T06.npz auc3 0.5661
L5 2021-10-13T18.npz auc3 0.5299
L5 2021-12-15T06.npz auc3 0.5270
L5 2022-10-23T20.npz auc3 0.5331
L5 2023-02-25T20.npz auc3 0.5265
L5 2023-04-29T08.npz auc3 0.5241
L5 2023-06-30T21.npz auc3 0.5457
L5 2023-09-01T09.npz auc3 0.5488
L5 2024-07-09T22.npz auc3 0.5277
L5 2024-11-11T23.npz auc3 0.5255
L5 2025-01-13T11.npz auc3 0.5078
L5: mean3 0.5683  fit 377.9 s  total 400.4 s
L6 2017-03-01T00.npz auc3 0.5503
L6 2017-05-02T12.npz auc3 0.6505
L6 2017-07-04T00.npz auc3 0.6703
L6 2017-09-04T12.npz auc3 0.5652
L6 2018-05-12T13.npz auc3 0.5600
L6 2018-07-14T01.npz auc3 0.5788
L6 2018-11-16T02.npz auc3 0.6189
L6 2019-01-17T14.npz auc3 0.6406
L6 2019-09-24T15.npz auc3 0.5603
L6 2019-11-26T03.npz auc3 0.6100
L6 2020-03-30T04.npz auc3 0.5675
L6 2020-08-02T04.npz auc3 0.6157
L6 2021-06-10T18.npz auc3 0.5614
L6 2021-08-12T06.npz auc3 0.5622
L6 2021-10-13T18.npz auc3 0.5366
L6 2021-12-15T06.npz auc3 0.5270
L6 2022-10-23T20.npz auc3 0.5364
L6 2023-02-25T20.npz auc3 0.5277
L6 2023-04-29T08.npz auc3 0.5217
L6 2023-06-30T21.npz auc3 0.5453
L6 2023-09-01T09.npz auc3 0.5461
L6 2024-07-09T22.npz auc3 0.5285
L6 2024-11-11T23.npz auc3 0.5298
L6 2025-01-13T11.npz auc3 0.5080
L6: mean3 0.5674  fit 412.0 s  total 434.7 s
L7 2017-03-01T00.npz auc3 0.5426
L7 2017-05-02T12.npz auc3 0.6647
L7 2017-07-04T00.npz auc3 0.6661
L7 2017-09-04T12.npz auc3 0.5630
L7 2018-05-12T13.npz auc3 0.5604
L7 2018-07-14T01.npz auc3 0.5826
L7 2018-11-16T02.npz auc3 0.6193
L7 2019-01-17T14.npz auc3 0.6392
L7 2019-09-24T15.npz auc3 0.5556
L7 2019-11-26T03.npz auc3 0.6100
L7 2020-03-30T04.npz auc3 0.5723
L7 2020-08-02T04.npz auc3 0.6134
L7 2021-06-10T18.npz auc3 0.5614
L7 2021-08-12T06.npz auc3 0.5661
L7 2021-10-13T18.npz auc3 0.5366
L7 2021-12-15T06.npz auc3 0.5280
L7 2022-10-23T20.npz auc3 0.5248
L7 2023-02-25T20.npz auc3 0.5360
L7 2023-04-29T08.npz auc3 0.5219
L7 2023-06-30T21.npz auc3 0.5374
L7 2023-09-01T09.npz auc3 0.5481
L7 2024-07-09T22.npz auc3 0.5291
L7 2024-11-11T23.npz auc3 0.5283
L7 2025-01-13T11.npz auc3 0.5086
L7: mean3 0.5673  fit 783.6 s  total 819.7 s
step | mean3 AUC [95% CI] | d vs prev [CI] | d vs L0 [CI] | h1 ll - const | top10% hit | bps (null95) | fit s
L0 | 0.5701 [0.5517,0.5884] | - | - | -0.0069 | 0.5952 | +1.98 (+3.27) | 1.6
L1 | 0.5701 [0.5518,0.5884] | +0.0000 [-0.0000,+0.0000] | +0.0000 [-0.0000,+0.0000] | -0.0069 | 0.5951 | +1.99 (+3.17) | 115.4
L3 | 0.5701 [0.5518,0.5884] | +0.0000 [+0.0000,+0.0000] | +0.0000 [-0.0000,+0.0000] | -0.0069 | 0.5951 | +1.99 (+3.17) | 42.4
L5 | 0.5683 [0.5488,0.5878] | -0.0018 [-0.0051,+0.0015] | -0.0018 [-0.0051,+0.0015] | -0.0058 | 0.6077 | +3.73 (+3.13) | 377.9
L6 | 0.5674 [0.5488,0.5861] | -0.0008 [-0.0034,+0.0017] | -0.0026 [-0.0060,+0.0008] | -0.0051 | 0.6033 | +3.09 (+3.10) | 412.0
L7 | 0.5673 [0.5482,0.5864] | -0.0001 [-0.0024,+0.0021] | -0.0027 [-0.0060,+0.0005] | -0.0039 | 0.6082 | +4.09 (+3.11) | 783.6
