20:02:00 --- start: stage 1, 25 configurations
20:02:31 T4_tp1.0_sl1.0_tb7_logreg_sign_base rc 0 31s T4_tp1.0_sl1.0_tb7_logreg_sign_base dev [1.3191, -2.7259, 5.3641] 25.9s 
20:02:33 T4_tp1.5_sl1.5_tb7_logreg_sign_base rc 0 33s T4_tp1.5_sl1.5_tb7_logreg_sign_base dev [4.0744, -4.0959, 12.2447] 27.8s 
20:02:34 T4_tp2.0_sl2.0_tb7_logreg_sign_base rc 0 34s T4_tp2.0_sl2.0_tb7_logreg_sign_base dev [4.9139, -1.6793, 11.5071] 29.0s 
20:02:36 T4_tp2.0_sl1.0_tb7_logreg_sign_base rc 0 36s T4_tp2.0_sl1.0_tb7_logreg_sign_base dev [1.6007, -3.6413, 6.8426] 30.4s 
20:02:36 T4_tp1.0_sl2.0_tb7_logreg_sign_base rc 0 36s T4_tp1.0_sl2.0_tb7_logreg_sign_base dev [2.6416, -2.5973, 7.8805] 30.5s 
20:02:37 T8_tp1.0_sl1.0_tb7_logreg_sign_base rc 0 37s T8_tp1.0_sl1.0_tb7_logreg_sign_base dev [6.3758, -4.9563, 17.7078] 31.6s 
20:05:05 T8_tp1.5_sl1.5_tb7_logreg_sign_base rc 0 154s T8_tp1.5_sl1.5_tb7_logreg_sign_base dev [11.4443, -1.2782, 24.1669] 149.2s 
20:05:06 T8_tp2.0_sl1.0_tb7_logreg_sign_base rc 0 153s T8_tp2.0_sl1.0_tb7_logreg_sign_base dev [7.7384, -3.8311, 19.3079] 148.2s 
20:05:06 T8_tp1.0_sl2.0_tb7_logreg_sign_base rc 0 152s T8_tp1.0_sl2.0_tb7_logreg_sign_base dev [8.8707, -1.8209, 19.5624] 147.6s 
20:05:07 T12_tp1.0_sl1.0_tb7_logreg_sign_base rc 0 151s T12_tp1.0_sl1.0_tb7_logreg_sign_base dev [14.2824, 0.1243, 28.4404] 146.6s 
20:05:08 T8_tp2.0_sl2.0_tb7_logreg_sign_base rc 0 152s T8_tp2.0_sl2.0_tb7_logreg_sign_base dev [9.4849, -7.3524, 26.3223] 147.0s 
20:05:08 T12_tp1.5_sl1.5_tb7_logreg_sign_base rc 0 151s T12_tp1.5_sl1.5_tb7_logreg_sign_base dev [21.4856, 3.5502, 39.421] 145.4s 
20:05:15 T12_tp1.0_sl2.0_tb7_logreg_sign_base rc 0 9s T12_tp1.0_sl2.0_tb7_logreg_sign_base dev [19.0354, 1.9284, 36.1424] 7.8s 
20:05:15 T12_tp2.0_sl1.0_tb7_logreg_sign_base rc 0 10s T12_tp2.0_sl1.0_tb7_logreg_sign_base dev [17.7809, 2.2681, 33.2938] 8.3s 
20:05:16 T12_tp2.0_sl2.0_tb7_logreg_sign_base rc 0 10s T12_tp2.0_sl2.0_tb7_logreg_sign_base dev [19.0742, -0.4506, 38.599] 8.2s 
20:05:18 T24_tp1.5_sl1.5_tb7_logreg_sign_base rc 0 11s T24_tp1.5_sl1.5_tb7_logreg_sign_base dev [10.0725, -7.891, 28.036] 9.3s 
20:05:19 T24_tp2.0_sl1.0_tb7_logreg_sign_base rc 0 11s T24_tp2.0_sl1.0_tb7_logreg_sign_base dev [14.436, -9.9413, 38.8133] 9.5s 
20:05:19 T24_tp1.0_sl2.0_tb7_logreg_sign_base rc 0 11s T24_tp1.0_sl2.0_tb7_logreg_sign_base dev [11.5067, -5.663, 28.6764] 9.3s 
20:05:24 T24_tp2.0_sl2.0_tb7_logreg_sign_base rc 0 9s T24_tp2.0_sl2.0_tb7_logreg_sign_base dev [15.0712, -7.4698, 37.6123] 7.6s 
20:05:25 T48_tp1.0_sl1.0_tb7_logreg_sign_base rc 0 9s T48_tp1.0_sl1.0_tb7_logreg_sign_base dev [-2.2229, -40.1934, 35.7477] 8.1s 
20:05:26 T48_tp1.5_sl1.5_tb7_logreg_sign_base rc 0 10s T48_tp1.5_sl1.5_tb7_logreg_sign_base dev [-11.4891, -55.5849, 32.6068] 8.2s 
20:05:28 T48_tp2.0_sl1.0_tb7_logreg_sign_base rc 0 9s T48_tp2.0_sl1.0_tb7_logreg_sign_base dev [0.5993, -35.6222, 36.8209] 8.2s 
20:05:28 T48_tp2.0_sl2.0_tb7_logreg_sign_base rc 0 9s T48_tp2.0_sl2.0_tb7_logreg_sign_base dev [3.0564, -49.6904, 55.8032] 7.9s 
20:05:28 T48_tp1.0_sl2.0_tb7_logreg_sign_base rc 0 10s T48_tp1.0_sl2.0_tb7_logreg_sign_base dev [-7.0673, -54.9554, 40.8209] 8.1s 
20:05:28 stage 1 top 3 geometries: T12 tp1.5 sl1.5, T12 tp2.0 sl2.0, T12 tp1.0 sl2.0
20:05:28 --- stage 2, 72 configurations
20:05:42 T12_tp1.5_sl1.5_tb7_logreg_barrier_base rc 0 14s T12_tp1.5_sl1.5_tb7_logreg_barrier_base dev [18.2342, -0.7596, 37.2281] 12.6s 
20:05:50 T12_tp1.5_sl1.5_tb7_logreg_sign_mag rc 0 21s T12_tp1.5_sl1.5_tb7_logreg_sign_mag dev [21.0624, 2.1954, 39.9294] 20.1s 
20:05:51 T12_tp1.5_sl1.5_tb7_logreg_barrier_mag rc 0 22s T12_tp1.5_sl1.5_tb7_logreg_barrier_mag dev [19.335, 3.7873, 34.8827] 21.1s 
20:06:00 T12_tp1.5_sl1.5_tb7_hgb_sign_base rc 0 32s T12_tp1.5_sl1.5_tb7_hgb_sign_base dev [18.7902, 5.0842, 32.4962] 30.2s 
20:06:02 T12_tp1.5_sl1.5_tb7_hgb_barrier_base rc 0 34s T12_tp1.5_sl1.5_tb7_hgb_barrier_base dev [16.4724, 7.2889, 25.6559] 32.3s 
20:06:11 T12_tp1.5_sl1.5_rich_logreg_sign_base rc 0 21s T12_tp1.5_sl1.5_rich_logreg_sign_base dev [21.0655, 5.9671, 36.164] 19.7s 
20:06:11 T12_tp1.5_sl1.5_tb7_hgb_sign_mag rc 0 43s T12_tp1.5_sl1.5_tb7_hgb_sign_mag dev [18.9865, 3.9208, 34.0522] 41.5s 
20:06:26 T12_tp1.5_sl1.5_rich_logreg_barrier_base rc 0 26s T12_tp1.5_sl1.5_rich_logreg_barrier_base dev [14.5931, 2.3868, 26.7994] 24.9s 
20:06:28 T12_tp1.5_sl1.5_tb7_hgb_barrier_mag rc 0 45s T12_tp1.5_sl1.5_tb7_hgb_barrier_mag dev [15.6564, 7.2075, 24.1053] 43.9s 
20:06:30 T12_tp1.5_sl1.5_rich_logreg_sign_mag rc 0 39s T12_tp1.5_sl1.5_rich_logreg_sign_mag dev [19.9028, 4.8224, 34.9832] 38.0s 
20:06:45 T12_tp1.5_sl1.5_rich_logreg_barrier_mag rc 0 43s T12_tp1.5_sl1.5_rich_logreg_barrier_mag dev [15.6998, 3.2445, 28.1551] 41.2s 
20:06:57 T12_tp1.5_sl1.5_ctx_logreg_sign_base rc 0 27s T12_tp1.5_sl1.5_ctx_logreg_sign_base dev [17.6287, 3.5354, 31.7219] 25.0s 
20:07:58 T12_tp1.5_sl1.5_rich_hgb_sign_base rc 0 107s T12_tp1.5_sl1.5_rich_hgb_sign_base dev [14.8967, -1.7258, 31.5192] 104.7s 
20:09:15 T12_tp1.5_sl1.5_ctx_logreg_barrier_base rc 0 138s T12_tp1.5_sl1.5_ctx_logreg_barrier_base dev [15.9022, 0.6237, 31.1807] 132.4s 
20:09:51 T12_tp1.5_sl1.5_ctx_logreg_sign_mag rc 0 186s T12_tp1.5_sl1.5_ctx_logreg_sign_mag dev [17.0713, 2.7542, 31.3883] 184.7s 
20:09:55 T12_tp1.5_sl1.5_rich_hgb_barrier_base rc 0 209s T12_tp1.5_sl1.5_rich_hgb_barrier_base dev [19.5626, 4.8179, 34.3074] 207.6s 
20:09:58 T12_tp1.5_sl1.5_rich_hgb_sign_mag rc 0 227s T12_tp1.5_sl1.5_rich_hgb_sign_mag dev [17.7547, -0.8921, 36.4015] 225.1s 
20:10:15 T12_tp1.5_sl1.5_rich_hgb_barrier_mag rc 0 227s T12_tp1.5_sl1.5_rich_hgb_barrier_mag dev [21.9208, 5.2829, 38.5588] 224.5s 
20:11:44 T12_tp1.5_sl1.5_ctx_logreg_barrier_mag rc 0 226s T12_tp1.5_sl1.5_ctx_logreg_barrier_mag dev [14.4956, 1.5764, 27.4147] 221.4s 
20:12:31 T12_tp2.0_sl2.0_tb7_logreg_sign_mag rc 0 136s T12_tp2.0_sl2.0_tb7_logreg_sign_mag dev [18.9641, 1.2941, 36.6342] 64.0s 
20:12:32 T12_tp2.0_sl2.0_tb7_logreg_barrier_base rc 0 47s T12_tp2.0_sl2.0_tb7_logreg_barrier_base dev [21.1207, 1.376, 40.8654] 43.0s 
20:14:35 T12_tp1.5_sl1.5_ctx_hgb_sign_base rc 0 320s T12_tp1.5_sl1.5_ctx_hgb_sign_base dev [15.0705, -4.2724, 34.4135] 285.2s 
20:14:36 T12_tp2.0_sl2.0_tb7_logreg_barrier_mag rc 0 124s T12_tp2.0_sl2.0_tb7_logreg_barrier_mag dev [18.3096, 1.724, 34.8953] 120.0s 
20:14:42 T12_tp1.5_sl1.5_ctx_hgb_barrier_base rc 0 286s T12_tp1.5_sl1.5_ctx_hgb_barrier_base dev [18.5992, 2.1735, 35.025] 284.7s 
20:15:58 T12_tp2.0_sl2.0_tb7_hgb_sign_base rc 0 207s T12_tp2.0_sl2.0_tb7_hgb_sign_base dev [16.1567, 0.3865, 31.9268] 202.8s 
20:15:59 T12_tp1.5_sl1.5_ctx_hgb_sign_mag rc 0 368s T12_tp1.5_sl1.5_ctx_hgb_sign_mag dev [13.248, -5.0507, 31.5467] 366.5s 
20:16:13 T12_tp1.5_sl1.5_ctx_hgb_barrier_mag rc 0 376s T12_tp1.5_sl1.5_ctx_hgb_barrier_mag dev [18.3418, 0.9685, 35.7152] 373.7s 
20:16:44 T12_tp2.0_sl2.0_tb7_hgb_barrier_base rc 0 128s T12_tp2.0_sl2.0_tb7_hgb_barrier_base dev [14.9287, -4.7557, 34.6131] 125.7s 
20:16:56 T12_tp2.0_sl2.0_rich_logreg_sign_base rc 0 58s T12_tp2.0_sl2.0_rich_logreg_sign_base dev [20.8167, 2.1792, 39.4541] 55.8s 
20:17:16 T12_tp2.0_sl2.0_tb7_hgb_sign_mag rc 0 161s T12_tp2.0_sl2.0_tb7_hgb_sign_mag dev [15.151, 0.5899, 29.712] 159.2s 
20:17:52 T12_tp2.0_sl2.0_rich_logreg_barrier_base rc 0 99s T12_tp2.0_sl2.0_rich_logreg_barrier_base dev [19.1435, 5.0415, 33.2454] 65.1s 
20:18:48 T12_tp2.0_sl2.0_tb7_hgb_barrier_mag rc 0 247s T12_tp2.0_sl2.0_tb7_hgb_barrier_mag dev [14.8147, -6.378, 36.0074] 208.8s 
20:18:59 T12_tp2.0_sl2.0_rich_logreg_sign_mag rc 0 179s T12_tp2.0_sl2.0_rich_logreg_sign_mag dev [20.8939, 4.5597, 37.228] 177.5s 
20:19:15 T12_tp2.0_sl2.0_rich_logreg_barrier_mag rc 0 151s T12_tp2.0_sl2.0_rich_logreg_barrier_mag dev [16.0846, 2.3316, 29.8375] 147.2s 
20:20:32 T12_tp2.0_sl2.0_ctx_logreg_sign_base rc 0 94s T12_tp2.0_sl2.0_ctx_logreg_sign_base dev [15.0919, 1.1585, 29.0253] 92.2s 
20:21:32 T12_tp2.0_sl2.0_rich_hgb_sign_base rc 0 275s T12_tp2.0_sl2.0_rich_hgb_sign_base dev [13.8424, -5.9613, 33.6461] 270.3s 
20:23:20 T12_tp2.0_sl2.0_ctx_logreg_barrier_base rc 0 167s T12_tp2.0_sl2.0_ctx_logreg_barrier_base dev [12.6025, -4.5616, 29.7665] 162.6s 
20:23:23 T12_tp2.0_sl2.0_rich_hgb_barrier_base rc 0 331s T12_tp2.0_sl2.0_rich_hgb_barrier_base dev [17.2397, -1.1735, 35.6529] 274.0s 
20:23:29 T12_tp2.0_sl2.0_ctx_logreg_sign_mag rc 0 254s T12_tp2.0_sl2.0_ctx_logreg_sign_mag dev [15.6562, -0.598, 31.9103] 184.4s 
20:23:34 T12_tp2.0_sl2.0_rich_hgb_sign_mag rc 0 378s T12_tp2.0_sl2.0_rich_hgb_sign_mag dev [16.1693, -4.3152, 36.6538] 373.9s 
20:23:36 T12_tp2.0_sl2.0_rich_hgb_barrier_mag rc 0 287s T12_tp2.0_sl2.0_rich_hgb_barrier_mag dev [19.2926, -1.8048, 40.3899] 285.5s 
20:25:18 T12_tp2.0_sl2.0_ctx_logreg_barrier_mag rc 0 226s T12_tp2.0_sl2.0_ctx_logreg_barrier_mag dev [14.2893, -3.856, 32.4345] 220.2s 
20:25:53 T12_tp1.0_sl2.0_tb7_logreg_sign_mag rc 0 137s T12_tp1.0_sl2.0_tb7_logreg_sign_mag dev [18.7372, 1.0208, 36.4537] 135.1s 
20:26:03 T12_tp1.0_sl2.0_tb7_logreg_barrier_base rc 0 46s T12_tp1.0_sl2.0_tb7_logreg_barrier_base dev [11.4473, 0.046, 22.8486] 40.1s 
20:27:07 T12_tp1.0_sl2.0_tb7_logreg_barrier_mag rc 0 74s T12_tp1.0_sl2.0_tb7_logreg_barrier_mag dev [13.3394, 0.5138, 26.165] 68.9s 
20:27:22 T12_tp2.0_sl2.0_ctx_hgb_sign_base rc 0 242s T12_tp2.0_sl2.0_ctx_hgb_sign_base dev [11.4623, -11.7829, 34.7076] 239.6s 
20:30:03 T12_tp2.0_sl2.0_ctx_hgb_barrier_base rc 0 393s T12_tp2.0_sl2.0_ctx_hgb_barrier_base dev [15.0423, -7.1876, 37.2723] 392.1s 
20:30:08 T12_tp1.0_sl2.0_tb7_hgb_sign_base rc 0 244s T12_tp1.0_sl2.0_tb7_hgb_sign_base dev [17.6826, 4.2058, 31.1593] 239.9s 
20:30:10 T12_tp2.0_sl2.0_ctx_hgb_sign_mag rc 0 406s T12_tp2.0_sl2.0_ctx_hgb_sign_mag dev [12.3455, -10.0423, 34.7332] 404.4s 
20:30:18 T12_tp2.0_sl2.0_ctx_hgb_barrier_mag rc 0 404s T12_tp2.0_sl2.0_ctx_hgb_barrier_mag dev [15.7456, -5.3584, 36.8496] 402.7s 
20:30:22 T12_tp1.0_sl2.0_tb7_hgb_barrier_base rc 0 180s T12_tp1.0_sl2.0_tb7_hgb_barrier_base dev [14.7151, 5.1001, 24.3301] 121.2s 
20:30:24 T12_tp1.0_sl2.0_rich_logreg_sign_base rc 0 16s T12_tp1.0_sl2.0_rich_logreg_sign_base dev [17.8086, 4.6478, 30.9695] 14.6s 
20:30:27 T12_tp1.0_sl2.0_tb7_hgb_sign_mag rc 0 200s T12_tp1.0_sl2.0_tb7_hgb_sign_mag dev [14.7069, 2.0519, 27.3618] 195.4s 
20:30:36 T12_tp1.0_sl2.0_tb7_hgb_barrier_mag rc 0 33s T12_tp1.0_sl2.0_tb7_hgb_barrier_mag dev [16.959, 5.7942, 28.1237] 31.9s 
20:30:38 T12_tp1.0_sl2.0_rich_logreg_barrier_base rc 0 20s T12_tp1.0_sl2.0_rich_logreg_barrier_base dev [8.9325, -1.3823, 19.2473] 18.1s 
20:30:39 T12_tp1.0_sl2.0_rich_logreg_sign_mag rc 0 29s T12_tp1.0_sl2.0_rich_logreg_sign_mag dev [18.4623, 3.4971, 33.4275] 27.8s 
20:30:54 T12_tp1.0_sl2.0_rich_logreg_barrier_mag rc 0 32s T12_tp1.0_sl2.0_rich_logreg_barrier_mag dev [12.7408, 1.0227, 24.4588] 30.8s 
20:31:04 T12_tp1.0_sl2.0_ctx_logreg_sign_base rc 0 25s T12_tp1.0_sl2.0_ctx_logreg_sign_base dev [14.7523, 2.5063, 26.9983] 23.4s 
20:31:13 T12_tp1.0_sl2.0_rich_hgb_sign_base rc 0 50s T12_tp1.0_sl2.0_rich_hgb_sign_base dev [16.4976, 2.2515, 30.7436] 48.1s 
20:31:27 T12_tp1.0_sl2.0_ctx_logreg_barrier_base rc 0 23s T12_tp1.0_sl2.0_ctx_logreg_barrier_base dev [7.9268, -5.3842, 21.2378] 21.6s 
20:31:28 T12_tp1.0_sl2.0_rich_hgb_sign_mag rc 0 61s T12_tp1.0_sl2.0_rich_hgb_sign_mag dev [15.8797, 1.0298, 30.7295] 59.3s 
20:31:29 T12_tp1.0_sl2.0_rich_hgb_barrier_base rc 0 53s T12_tp1.0_sl2.0_rich_hgb_barrier_base dev [16.4973, 4.1628, 28.8318] 51.1s 
20:31:29 T12_tp1.0_sl2.0_ctx_logreg_sign_mag rc 0 35s T12_tp1.0_sl2.0_ctx_logreg_sign_mag dev [16.1371, 1.8523, 30.422] 33.3s 
20:31:41 T12_tp1.0_sl2.0_rich_hgb_barrier_mag rc 0 63s T12_tp1.0_sl2.0_rich_hgb_barrier_mag dev [15.9055, 4.5778, 27.2331] 61.1s 
20:31:46 T12_tp1.0_sl2.0_ctx_logreg_barrier_mag rc 0 33s T12_tp1.0_sl2.0_ctx_logreg_barrier_mag dev [9.3514, -2.4229, 21.1257] 31.5s 
20:32:11 T12_tp1.0_sl2.0_ctx_hgb_sign_base rc 0 44s T12_tp1.0_sl2.0_ctx_hgb_sign_base dev [16.2993, -0.1859, 32.7846] 42.4s 
20:32:13 T12_tp1.0_sl2.0_ctx_hgb_barrier_base rc 0 44s T12_tp1.0_sl2.0_ctx_hgb_barrier_base dev [16.6152, -0.8279, 34.0583] 42.0s 
20:32:20 T12_tp1.0_sl2.0_ctx_hgb_sign_mag rc 0 52s T12_tp1.0_sl2.0_ctx_hgb_sign_mag dev [12.8397, -3.7048, 29.3842] 50.3s 
20:32:21 T12_tp1.0_sl2.0_ctx_hgb_barrier_mag rc 0 51s T12_tp1.0_sl2.0_ctx_hgb_barrier_mag dev [13.2801, -3.3114, 29.8716] 49.8s 
20:32:21 --- held-out check (once), top 3: T12_tp1.5_sl1.5_rich_hgb_barrier_mag, T12_tp1.5_sl1.5_tb7_logreg_sign_base, T12_tp2.0_sl2.0_tb7_logreg_barrier_base
20:32:31 FINAL T12_tp1.5_sl1.5_rich_hgb_barrier_mag rc 0 10s 041712, "per_unit": 0.03620949764622678, "trades_per_day": 4.4241758241758244, "monthly_bps_ci": [-11.664, 26.6], "n_months": 15, "net5_bps": 4.827171801653593, "net10_bps": -0.17282819834640684} 8.6s 
20:32:34 FINAL T12_tp1.5_sl1.5_tb7_logreg_sign_base rc 0 3s 7143, "per_unit": -0.004471036204546813, "trades_per_day": 4.314285714285714, "monthly_bps_ci": [-11.617, 14.641], "n_months": 15, "net5_bps": -2.892676136019233, "net10_bps": -7.892676136019233} 2.0s 
20:32:37 FINAL T12_tp2.0_sl2.0_tb7_logreg_barrier_base rc 0 3s 56692815, "per_unit": 0.036684284107376265, "trades_per_day": 3.9912087912087912, "monthly_bps_ci": [-6.901, 21.526], "n_months": 15, "net5_bps": 2.64874841072813, "net10_bps": -2.35125158927187} 1.8s 
20:32:37 --- night program done
